Archive member included to satisfy reference by file (symbol)

d:/stm32cubeide_1.6.1/stm32cubeide/plugins/com.st.stm32cube.ide.mcu.externaltools.gnu-tools-for-stm32.9-2020-q2-update.win32_1.5.0.202011040924/tools/bin/../lib/gcc/arm-none-eabi/9.3.1/../../../../arm-none-eabi/lib/thumb/v7e-m+fp/hard\libc_nano.a(lib_a-calloc.o)
                              Core/Src/main.o (calloc)
d:/stm32cubeide_1.6.1/stm32cubeide/plugins/com.st.stm32cube.ide.mcu.externaltools.gnu-tools-for-stm32.9-2020-q2-update.win32_1.5.0.202011040924/tools/bin/../lib/gcc/arm-none-eabi/9.3.1/../../../../arm-none-eabi/lib/thumb/v7e-m+fp/hard\libc_nano.a(lib_a-errno.o)
                              Core/Src/main.o (__errno)
d:/stm32cubeide_1.6.1/stm32cubeide/plugins/com.st.stm32cube.ide.mcu.externaltools.gnu-tools-for-stm32.9-2020-q2-update.win32_1.5.0.202011040924/tools/bin/../lib/gcc/arm-none-eabi/9.3.1/../../../../arm-none-eabi/lib/thumb/v7e-m+fp/hard\libc_nano.a(lib_a-exit.o)
                              d:/stm32cubeide_1.6.1/stm32cubeide/plugins/com.st.stm32cube.ide.mcu.externaltools.gnu-tools-for-stm32.9-2020-q2-update.win32_1.5.0.202011040924/tools/bin/../lib/gcc/arm-none-eabi/9.3.1/../../../../arm-none-eabi/lib/thumb/v7e-m+fp/hard/crt0.o (exit)
d:/stm32cubeide_1.6.1/stm32cubeide/plugins/com.st.stm32cube.ide.mcu.externaltools.gnu-tools-for-stm32.9-2020-q2-update.win32_1.5.0.202011040924/tools/bin/../lib/gcc/arm-none-eabi/9.3.1/../../../../arm-none-eabi/lib/thumb/v7e-m+fp/hard\libc_nano.a(lib_a-fprintf.o)
                              Core/Src/main.o (fprintf)
d:/stm32cubeide_1.6.1/stm32cubeide/plugins/com.st.stm32cube.ide.mcu.externaltools.gnu-tools-for-stm32.9-2020-q2-update.win32_1.5.0.202011040924/tools/bin/../lib/gcc/arm-none-eabi/9.3.1/../../../../arm-none-eabi/lib/thumb/v7e-m+fp/hard\libc_nano.a(lib_a-impure.o)
                              d:/stm32cubeide_1.6.1/stm32cubeide/plugins/com.st.stm32cube.ide.mcu.externaltools.gnu-tools-for-stm32.9-2020-q2-update.win32_1.5.0.202011040924/tools/bin/../lib/gcc/arm-none-eabi/9.3.1/../../../../arm-none-eabi/lib/thumb/v7e-m+fp/hard\libc_nano.a(lib_a-exit.o) (_global_impure_ptr)
d:/stm32cubeide_1.6.1/stm32cubeide/plugins/com.st.stm32cube.ide.mcu.externaltools.gnu-tools-for-stm32.9-2020-q2-update.win32_1.5.0.202011040924/tools/bin/../lib/gcc/arm-none-eabi/9.3.1/../../../../arm-none-eabi/lib/thumb/v7e-m+fp/hard\libc_nano.a(lib_a-init.o)
                              d:/stm32cubeide_1.6.1/stm32cubeide/plugins/com.st.stm32cube.ide.mcu.externaltools.gnu-tools-for-stm32.9-2020-q2-update.win32_1.5.0.202011040924/tools/bin/../lib/gcc/arm-none-eabi/9.3.1/../../../../arm-none-eabi/lib/thumb/v7e-m+fp/hard/crt0.o (__libc_init_array)
d:/stm32cubeide_1.6.1/stm32cubeide/plugins/com.st.stm32cube.ide.mcu.externaltools.gnu-tools-for-stm32.9-2020-q2-update.win32_1.5.0.202011040924/tools/bin/../lib/gcc/arm-none-eabi/9.3.1/../../../../arm-none-eabi/lib/thumb/v7e-m+fp/hard\libc_nano.a(lib_a-malloc.o)
                              FreeRTOS/darray.o (malloc)
d:/stm32cubeide_1.6.1/stm32cubeide/plugins/com.st.stm32cube.ide.mcu.externaltools.gnu-tools-for-stm32.9-2020-q2-update.win32_1.5.0.202011040924/tools/bin/../lib/gcc/arm-none-eabi/9.3.1/../../../../arm-none-eabi/lib/thumb/v7e-m+fp/hard\libc_nano.a(lib_a-memcpy-stub.o)
                              FreeRTOS/queue.o (memcpy)
d:/stm32cubeide_1.6.1/stm32cubeide/plugins/com.st.stm32cube.ide.mcu.externaltools.gnu-tools-for-stm32.9-2020-q2-update.win32_1.5.0.202011040924/tools/bin/../lib/gcc/arm-none-eabi/9.3.1/../../../../arm-none-eabi/lib/thumb/v7e-m+fp/hard\libc_nano.a(lib_a-memset.o)
                              d:/stm32cubeide_1.6.1/stm32cubeide/plugins/com.st.stm32cube.ide.mcu.externaltools.gnu-tools-for-stm32.9-2020-q2-update.win32_1.5.0.202011040924/tools/bin/../lib/gcc/arm-none-eabi/9.3.1/../../../../arm-none-eabi/lib/thumb/v7e-m+fp/hard/crt0.o (memset)
d:/stm32cubeide_1.6.1/stm32cubeide/plugins/com.st.stm32cube.ide.mcu.externaltools.gnu-tools-for-stm32.9-2020-q2-update.win32_1.5.0.202011040924/tools/bin/../lib/gcc/arm-none-eabi/9.3.1/../../../../arm-none-eabi/lib/thumb/v7e-m+fp/hard\libc_nano.a(lib_a-nano-callocr.o)
                              d:/stm32cubeide_1.6.1/stm32cubeide/plugins/com.st.stm32cube.ide.mcu.externaltools.gnu-tools-for-stm32.9-2020-q2-update.win32_1.5.0.202011040924/tools/bin/../lib/gcc/arm-none-eabi/9.3.1/../../../../arm-none-eabi/lib/thumb/v7e-m+fp/hard\libc_nano.a(lib_a-calloc.o) (_calloc_r)
d:/stm32cubeide_1.6.1/stm32cubeide/plugins/com.st.stm32cube.ide.mcu.externaltools.gnu-tools-for-stm32.9-2020-q2-update.win32_1.5.0.202011040924/tools/bin/../lib/gcc/arm-none-eabi/9.3.1/../../../../arm-none-eabi/lib/thumb/v7e-m+fp/hard\libc_nano.a(lib_a-nano-freer.o)
[...]
Memory Configuration

Name             Origin             Length             Attributes
CCMRAM           0x0000000010000000 0x0000000000010000 xrw
RAM              0x0000000020000000 0x0000000000020000 xrw
FLASH            0x0000000008000000 0x0000000000100000 xr
*default*        0x0000000000000000 0xffffffffffffffff

Linker script and memory map

LOAD d:/stm32cubeide_1.6.1/stm32cubeide/plugins/com.st.stm32cube.ide.mcu.externaltools.gnu-tools-for-stm32.9-2020-q2-update.win32_1.5.0.202011040924/tools/bin/../lib/gcc/arm-none-eabi/9.3.1/thumb/v7e-m+fp/hard/crti.o
LOAD d:/stm32cubeide_1.6.1/stm32cubeide/plugins/com.st.stm32cube.ide.mcu.externaltools.gnu-tools-for-stm32.9-2020-q2-update.win32_1.5.0.202011040924/tools/bin/../lib/gcc/arm-none-eabi/9.3.1/thumb/v7e-m+fp/hard/crtbegin.o
LOAD d:/stm32cubeide_1.6.1/stm32cubeide/plugins/com.st.stm32cube.ide.mcu.externaltools.gnu-tools-for-stm32.9-2020-q2-update.win32_1.5.0.202011040924/tools/bin/../lib/gcc/arm-none-eabi/9.3.1/../../../../arm-none-eabi/lib/thumb/v7e-m+fp/hard/crt0.o
LOAD Core/Src/main.o
LOAD Core/Src/stm32f4xx_hal_msp.o
LOAD Core/Src/stm32f4xx_hal_timebase_tim.o
LOAD Core/Src/stm32f4xx_it.o
LOAD Core/Src/syscalls.o
LOAD Core/Src/sysmem.o
LOAD Core/Src/system_stm32f4xx.o
LOAD Core/Startup/startup_stm32f407vgtx.o
LOAD Drivers/STM32F4xx_HAL_Driver/Src/stm32f4xx_hal.o
LOAD Drivers/STM32F4xx_HAL_Driver/Src/stm32f4xx_hal_cortex.o
LOAD Drivers/STM32F4xx_HAL_Driver/Src/stm32f4xx_hal_dma.o
LOAD Drivers/STM32F4xx_HAL_Driver/Src/stm32f4xx_hal_dma_ex.o
LOAD Drivers/STM32F4xx_HAL_Driver/Src/stm32f4xx_hal_exti.o
LOAD Drivers/STM32F4xx_HAL_Driver/Src/stm32f4xx_hal_flash.o
LOAD Drivers/STM32F4xx_HAL_Driver/Src/stm32f4xx_hal_flash_ex.o
LOAD Drivers/STM32F4xx_HAL_Driver/Src/stm32f4xx_hal_flash_ramfunc.o
LOAD Drivers/STM32F4xx_HAL_Driver/Src/stm32f4xx_hal_gpio.o
LOAD Drivers/STM32F4xx_HAL_Driver/Src/stm32f4xx_hal_pwr.o
LOAD Drivers/STM32F4xx_HAL_Driver/Src/stm32f4xx_hal_pwr_ex.o
LOAD Drivers/STM32F4xx_HAL_Driver/Src/stm32f4xx_hal_rcc.o
LOAD Drivers/STM32F4xx_HAL_Driver/Src/stm32f4xx_hal_rcc_ex.o
LOAD Drivers/STM32F4xx_HAL_Driver/Src/stm32f4xx_hal_tim.o
LOAD Drivers/STM32F4xx_HAL_Driver/Src/stm32f4xx_hal_tim_ex.o
LOAD Drivers/STM32F4xx_HAL_Driver/Src/stm32f4xx_hal_uart.o
LOAD FreeRTOS/croutine.o
LOAD FreeRTOS/darray.o
LOAD FreeRTOS/event_groups.o
LOAD FreeRTOS/gc.o
LOAD FreeRTOS/gc_hashmap.o
LOAD FreeRTOS/gc_test_setup.o
LOAD FreeRTOS/gc_vector.o
LOAD FreeRTOS/hashmap.o
LOAD FreeRTOS/list.o
LOAD FreeRTOS/object.o
LOAD FreeRTOS/queue.o
LOAD FreeRTOS/state.o
LOAD FreeRTOS/stream_buffer.o
LOAD FreeRTOS/tasks.o
LOAD FreeRTOS/timers.o
LOAD FreeRTOS/vector.o
LOAD FreeRTOS/portable/ARM_CM4F/port.o
LOAD FreeRTOS/portable/MemMang/heap_4.o
START GROUP
LOAD d:/stm32cubeide_1.6.1/stm32cubeide/plugins/com.st.stm32cube.ide.mcu.externaltools.gnu-tools-for-stm32.9-2020-q2-update.win32_1.5.0.202011040924/tools/bin/../lib/gcc/arm-none-eabi/9.3.1/../../../../arm-none-eabi/lib/thumb/v7e-m+fp/hard\libc_nano.a
LOAD d:/stm32cubeide_1.6.1/stm32cubeide/plugins/com.st.stm32cube.ide.mcu.externaltools.gnu-tools-for-stm32.9-2020-q2-update.win32_1.5.0.202011040924/tools/bin/../lib/gcc/arm-none-eabi/9.3.1/../../../../arm-none-eabi/lib/thumb/v7e-m+fp/hard\libm.a
END GROUP
START GROUP
LOAD d:/stm32cubeide_1.6.1/stm32cubeide/plugins/com.st.stm32cube.ide.mcu.externaltools.gnu-tools-for-stm32.9-2020-q2-update.win32_1.5.0.202011040924/tools/bin/../lib/gcc/arm-none-eabi/9.3.1/thumb/v7e-m+fp/hard\libgcc.a
LOAD d:/stm32cubeide_1.6.1/stm32cubeide/plugins/com.st.stm32cube.ide.mcu.externaltools.gnu-tools-for-stm32.9-2020-q2-update.win32_1.5.0.202011040924/tools/bin/../lib/gcc/arm-none-eabi/9.3.1/../../../../arm-none-eabi/lib/thumb/v7e-m+fp/hard\libc_nano.a
END GROUP
START GROUP
LOAD d:/stm32cubeide_1.6.1/stm32cubeide/plugins/com.st.stm32cube.ide.mcu.externaltools.gnu-tools-for-stm32.9-2020-q2-update.win32_1.5.0.202011040924/tools/bin/../lib/gcc/arm-none-eabi/9.3.1/thumb/v7e-m+fp/hard\libgcc.a
LOAD d:/stm32cubeide_1.6.1/stm32cubeide/plugins/com.st.stm32cube.ide.mcu.externaltools.gnu-tools-for-stm32.9-2020-q2-update.win32_1.5.0.202011040924/tools/bin/../lib/gcc/arm-none-eabi/9.3.1/../../../../arm-none-eabi/lib/thumb/v7e-m+fp/hard\libc_nano.a
LOAD d:/stm32cubeide_1.6.1/stm32cubeide/plugins/com.st.stm32cube.ide.mcu.externaltools.gnu-tools-for-stm32.9-2020-q2-update.win32_1.5.0.202011040924/tools/bin/../lib/gcc/arm-none-eabi/9.3.1/../../../../arm-none-eabi/lib/thumb/v7e-m+fp/hard\libnosys.a
END GROUP
START GROUP
LOAD d:/stm32cubeide_1.6.1/stm32cubeide/plugins/com.st.stm32cube.ide.mcu.externaltools.gnu-tools-for-stm32.9-2020-q2-update.win32_1.5.0.202011040924/tools/bin/../lib/gcc/arm-none-eabi/9.3.1/thumb/v7e-m+fp/hard\libgcc.a
LOAD d:/stm32cubeide_1.6.1/stm32cubeide/plugins/com.st.stm32cube.ide.mcu.externaltools.gnu-tools-for-stm32.9-2020-q2-update.win32_1.5.0.202011040924/tools/bin/../lib/gcc/arm-none-eabi/9.3.1/../../../../arm-none-eabi/lib/thumb/v7e-m+fp/hard\libc_nano.a
LOAD d:/stm32cubeide_1.6.1/stm32cubeide/plugins/com.st.stm32cube.ide.mcu.externaltools.gnu-tools-for-stm32.9-2020-q2-update.win32_1.5.0.202011040924/tools/bin/../lib/gcc/arm-none-eabi/9.3.1/../../../../arm-none-eabi/lib/thumb/v7e-m+fp/hard\libnosys.a
END GROUP
LOAD d:/stm32cubeide_1.6.1/stm32cubeide/plugins/com.st.stm32cube.ide.mcu.externaltools.gnu-tools-for-stm32.9-2020-q2-update.win32_1.5.0.202011040924/tools/bin/../lib/gcc/arm-none-eabi/9.3.1/thumb/v7e-m+fp/hard/crtend.o
LOAD d:/stm32cubeide_1.6.1/stm32cubeide/plugins/com.st.stm32cube.ide.mcu.externaltools.gnu-tools-for-stm32.9-2020-q2-update.win32_1.5.0.202011040924/tools/bin/../lib/gcc/arm-none-eabi/9.3.1/thumb/v7e-m+fp/hard/crtn.o
                0x0000000020020000                _estack = (ORIGIN (RAM) + LENGTH (RAM))
                0x0000000000000200                _Min_Heap_Size = 0x200
                0x0000000000000400                _Min_Stack_Size = 0x400

.isr_vector     0x0000000008000000      0x188
                0x0000000008000000                . = ALIGN (0x4)
 *(.isr_vector)
 .isr_vector    0x0000000008000000      0x188 Core/Startup/startup_stm32f407vgtx.o
                0x0000000008000000                g_pfnVectors
                0x0000000008000188                . = ALIGN (0x4)

.text           0x0000000008000190     0x7548
                0x0000000008000190                . = ALIGN (0x4)
 *(.text)
 .text          0x0000000008000190       0x40 d:/stm32cubeide_1.6.1/stm32cubeide/plugins/com.st.stm32cube.ide.mcu.externaltools.gnu-tools-for-stm32.9-2020-q2-update.win32_1.5.0.202011040924/tools/bin/../lib/gcc/arm-none-eabi/9.3.1/thumb/v7e-m+fp/hard/crtbegin.o
 .text          0x00000000080001d0       0xa0 d:/stm32cubeide_1.6.1/stm32cubeide/plugins/com.st.stm32cube.ide.mcu.externaltools.gnu-tools-for-stm32.9-2020-q2-update.win32_1.5.0.202011040924/tools/bin/../lib/gcc/arm-none-eabi/9.3.1/../../../../arm-none-eabi/lib/thumb/v7e-m+fp/hard\libc_nano.a(lib_a-memchr.o)
                0x00000000080001d0                memchr
 .text          0x0000000008000270      0x378 d:/stm32cubeide_1.6.1/stm32cubeide/plugins/com.st.stm32cube.ide.mcu.externaltools.gnu-tools-for-stm32.9-2020-q2-update.win32_1.5.0.202011040924/tools/bin/../lib/gcc/arm-none-eabi/9.3.1/thumb/v7e-m+fp/hard\libgcc.a(_arm_addsubdf3.o)
                0x0000000008000270                __aeabi_drsub
                0x0000000008000278                __aeabi_dsub
                0x0000000008000278                __subdf3
                0x000000000800027c                __aeabi_dadd
                0x000000000800027c                __adddf3
                0x00000000080004f4                __floatunsidf
                0x00000000080004f4                __aeabi_ui2d
                0x0000000008000514                __floatsidf
                0x0000000008000514                __aeabi_i2d
                0x0000000008000538                __aeabi_f2d
                0x0000000008000538                __extendsfdf2
                0x000000000800057c                __floatundidf
                0x000000000800057c                __aeabi_ul2d
                0x000000000800058c                __floatdidf
                0x000000000800058c                __aeabi_l2d
 .text          0x00000000080005e8       0x50 d:/stm32cubeide_1.6.1/stm32cubeide/plugins/com.st.stm32cube.ide.mcu.externaltools.gnu-tools-for-stm32.9-2020-q2-update.win32_1.5.0.202011040924/tools/bin/../lib/gcc/arm-none-eabi/9.3.1/thumb/v7e-m+fp/hard\libgcc.a(_arm_fixdfsi.o)
                0x00000000080005e8                __aeabi_d2iz
                0x00000000080005e8                __fixdfsi
 .text          0x0000000008000638       0x30 d:/stm32cubeide_1.6.1/stm32cubeide/plugins/com.st.stm32cube.ide.mcu.externaltools.gnu-tools-for-stm32.9-2020-q2-update.win32_1.5.0.202011040924/tools/bin/../lib/gcc/arm-none-eabi/9.3.1/thumb/v7e-m+fp/hard\libgcc.a(_aeabi_uldivmod.o)
                0x0000000008000638                __aeabi_uldivmod
 .text          0x0000000008000668      0x2c4 d:/stm32cubeide_1.6.1/stm32cubeide/plugins/com.st.stm32cube.ide.mcu.externaltools.gnu-tools-for-stm32.9-2020-q2-update.win32_1.5.0.202011040924/tools/bin/../lib/gcc/arm-none-eabi/9.3.1/thumb/v7e-m+fp/hard\libgcc.a(_udivmoddi4.o)
                0x0000000008000668                __udivmoddi4
 .text          0x000000000800092c        0x4 d:/stm32cubeide_1.6.1/stm32cubeide/plugins/com.st.stm32cube.ide.mcu.externaltools.gnu-tools-for-stm32.9-2020-q2-update.win32_1.5.0.202011040924/tools/bin/../lib/gcc/arm-none-eabi/9.3.1/thumb/v7e-m+fp/hard\libgcc.a(_dvmd_tls.o)
                0x000000000800092c                __aeabi_idiv0
                0x000000000800092c                __aeabi_ldiv0
 *(.text*)
 .text.__io_putchar
                0x0000000008000930       0x24 Core/Src/main.o
                0x0000000008000930                __io_putchar
 .text.main     0x0000000008000954       0x3c Core/Src/main.o
                0x0000000008000954                main
 .text.SystemClock_Config
                0x0000000008000990       0xbc Core/Src/main.o
                0x0000000008000990                SystemClock_Config
 .text.MX_UART4_Init
                0x0000000008000a4c       0x54 Core/Src/main.o
 .text.MX_GPIO_Init
                0x0000000008000aa0       0x34 Core/Src/main.o
 .text.test_size
                0x0000000008000ad4       0x7a Core/Src/main.o
                0x0000000008000ad4                test_size
 *fill*         0x0000000008000b4e        0x2 
 .text.count_iter
                0x0000000008000b50       0x3c Core/Src/main.o
                0x0000000008000b50                count_iter
 *fill*         0x0000000008000b8c        0x4 
 .text.vector_test
                0x0000000008000b90      0x204 Core/Src/main.o
                0x0000000008000b90                vector_test
 .text.HAL_TIM_PeriodElapsedCallback
                0x0000000008000d94       0x24 Core/Src/main.o
                0x0000000008000d94                HAL_TIM_PeriodElapsedCallback
 .text.Error_Handler
                0x0000000008000db8        0xa Core/Src/main.o
                0x0000000008000db8                Error_Handler
 *fill*         0x0000000008000dc2        0x2 
 .text.HAL_MspInit
                0x0000000008000dc4       0x50 Core/Src/stm32f4xx_hal_msp.o
                0x0000000008000dc4                HAL_MspInit
 .text.HAL_UART_MspInit
                0x0000000008000e14       0x90 Core/Src/stm32f4xx_hal_msp.o
                0x0000000008000e14                HAL_UART_MspInit
 .text.HAL_InitTick
                0x0000000008000ea4       0xb0 Core/Src/stm32f4xx_hal_timebase_tim.o
                0x0000000008000ea4                HAL_InitTick
 .text.NMI_Handler
                0x0000000008000f54        0x6 Core/Src/stm32f4xx_it.o
                0x0000000008000f54                NMI_Handler
 .text.HardFault_Handler
                0x0000000008000f5a        0x6 Core/Src/stm32f4xx_it.o
                0x0000000008000f5a                HardFault_Handler
 .text.MemManage_Handler
                0x0000000008000f60        0x6 Core/Src/stm32f4xx_it.o
                0x0000000008000f60                MemManage_Handler
 .text.BusFault_Handler
                0x0000000008000f66        0x6 Core/Src/stm32f4xx_it.o
                0x0000000008000f66                BusFault_Handler
 .text.UsageFault_Handler
                0x0000000008000f6c        0x6 Core/Src/stm32f4xx_it.o
                0x0000000008000f6c                UsageFault_Handler
 .text.DebugMon_Handler
                0x0000000008000f72        0xe Core/Src/stm32f4xx_it.o
                0x0000000008000f72                DebugMon_Handler
 .text.TIM7_IRQHandler
                0x0000000008000f80       0x14 Core/Src/stm32f4xx_it.o
                0x0000000008000f80                TIM7_IRQHandler
 .text._kill    0x0000000008000f94       0x20 Core/Src/syscalls.o
                0x0000000008000f94                _kill
 .text._exit    0x0000000008000fb4       0x14 Core/Src/syscalls.o
                0x0000000008000fb4                _exit
 .text._read    0x0000000008000fc8       0x3a Core/Src/syscalls.o
                0x0000000008000fc8                _read
 .text._write   0x0000000008001002       0x38 Core/Src/syscalls.o
                0x0000000008001002                _write
 .text._close   0x000000000800103a       0x18 Core/Src/syscalls.o
                0x000000000800103a                _close
 .text._fstat   0x0000000008001052       0x20 Core/Src/syscalls.o
                0x0000000008001052                _fstat
 .text._isatty  0x0000000008001072       0x16 Core/Src/syscalls.o
                0x0000000008001072                _isatty
 .text._lseek   0x0000000008001088       0x1a Core/Src/syscalls.o
                0x0000000008001088                _lseek
 *fill*         0x00000000080010a2        0x2 
 .text._sbrk    0x00000000080010a4       0x6c Core/Src/sysmem.o
                0x00000000080010a4                _sbrk
 .text.SystemInit
                0x0000000008001110       0x24 Core/Src/system_stm32f4xx.o
                0x0000000008001110                SystemInit
 .text.Reset_Handler
                0x0000000008001134       0x50 Core/Startup/startup_stm32f407vgtx.o
                0x0000000008001134                Reset_Handler
 .text.Default_Handler
                0x0000000008001184        0x2 Core/Startup/startup_stm32f407vgtx.o
                0x0000000008001184                RTC_Alarm_IRQHandler
                0x0000000008001184                HASH_RNG_IRQHandler
                0x0000000008001184                EXTI2_IRQHandler
                0x0000000008001184                TIM8_CC_IRQHandler
                0x0000000008001184                TIM1_CC_IRQHandler
                0x0000000008001184                DMA2_Stream5_IRQHandler
                0x0000000008001184                DMA1_Stream5_IRQHandler
                0x0000000008001184                PVD_IRQHandler
                0x0000000008001184                SDIO_IRQHandler
                0x0000000008001184                TAMP_STAMP_IRQHandler
                0x0000000008001184                CAN2_RX1_IRQHandler
                0x0000000008001184                EXTI3_IRQHandler
                0x0000000008001184                TIM8_TRG_COM_TIM14_IRQHandler
                0x0000000008001184                TIM1_UP_TIM10_IRQHandler
                0x0000000008001184                TIM8_UP_TIM13_IRQHandler
                0x0000000008001184                I2C3_ER_IRQHandler
                0x0000000008001184                EXTI0_IRQHandler
                0x0000000008001184                I2C2_EV_IRQHandler
                0x0000000008001184                DMA1_Stream2_IRQHandler
                0x0000000008001184                CAN1_RX0_IRQHandler
                0x0000000008001184                FPU_IRQHandler
                0x0000000008001184                OTG_HS_WKUP_IRQHandler
                0x0000000008001184                CAN2_SCE_IRQHandler
                0x0000000008001184                DMA2_Stream2_IRQHandler
                0x0000000008001184                SPI1_IRQHandler
                0x0000000008001184                TIM6_DAC_IRQHandler
                0x0000000008001184                TIM1_BRK_TIM9_IRQHandler
                0x0000000008001184                DCMI_IRQHandler
                0x0000000008001184                CAN2_RX0_IRQHandler
                0x0000000008001184                DMA2_Stream3_IRQHandler
                0x0000000008001184                USART6_IRQHandler
                0x0000000008001184                USART3_IRQHandler
                0x0000000008001184                CAN1_RX1_IRQHandler
                0x0000000008001184                UART5_IRQHandler
                0x0000000008001184                DMA2_Stream0_IRQHandler
                0x0000000008001184                TIM4_IRQHandler
                0x0000000008001184                I2C1_EV_IRQHandler
                0x0000000008001184                DMA1_Stream6_IRQHandler
                0x0000000008001184                DMA1_Stream1_IRQHandler
                0x0000000008001184                UART4_IRQHandler
                0x0000000008001184                TIM3_IRQHandler
                0x0000000008001184                RCC_IRQHandler
                0x0000000008001184                TIM8_BRK_TIM12_IRQHandler
                0x0000000008001184                Default_Handler
                0x0000000008001184                EXTI15_10_IRQHandler
                0x0000000008001184                ADC_IRQHandler
                0x0000000008001184                DMA1_Stream7_IRQHandler
                0x0000000008001184                CAN2_TX_IRQHandler
                0x0000000008001184                TIM5_IRQHandler
                0x0000000008001184                DMA2_Stream7_IRQHandler
                0x0000000008001184                I2C3_EV_IRQHandler
                0x0000000008001184                EXTI9_5_IRQHandler
                0x0000000008001184                RTC_WKUP_IRQHandler
                0x0000000008001184                ETH_WKUP_IRQHandler
                0x0000000008001184                SPI2_IRQHandler
                0x0000000008001184                OTG_HS_EP1_IN_IRQHandler
                0x0000000008001184                DMA1_Stream0_IRQHandler
                0x0000000008001184                CAN1_TX_IRQHandler
                0x0000000008001184                EXTI4_IRQHandler
                0x0000000008001184                FSMC_IRQHandler
                0x0000000008001184                ETH_IRQHandler
                0x0000000008001184                OTG_HS_EP1_OUT_IRQHandler
                0x0000000008001184                WWDG_IRQHandler
                0x0000000008001184                TIM2_IRQHandler
                0x0000000008001184                OTG_FS_WKUP_IRQHandler
                0x0000000008001184                TIM1_TRG_COM_TIM11_IRQHandler
                0x0000000008001184                OTG_HS_IRQHandler
                0x0000000008001184                EXTI1_IRQHandler
                0x0000000008001184                USART2_IRQHandler
                0x0000000008001184                I2C2_ER_IRQHandler
                0x0000000008001184                DMA2_Stream1_IRQHandler
                0x0000000008001184                CAN1_SCE_IRQHandler
                0x0000000008001184                FLASH_IRQHandler
                0x0000000008001184                DMA2_Stream4_IRQHandler
                0x0000000008001184                USART1_IRQHandler
                0x0000000008001184                OTG_FS_IRQHandler
                0x0000000008001184                SPI3_IRQHandler
                0x0000000008001184                DMA1_Stream4_IRQHandler
                0x0000000008001184                I2C1_ER_IRQHandler
                0x0000000008001184                DMA2_Stream6_IRQHandler
                0x0000000008001184                DMA1_Stream3_IRQHandler
 *fill*         0x0000000008001186        0x2 
 .text.HAL_Init
                0x0000000008001188       0x44 Drivers/STM32F4xx_HAL_Driver/Src/stm32f4xx_hal.o
                0x0000000008001188                HAL_Init
 .text.HAL_IncTick
                0x00000000080011cc       0x28 Drivers/STM32F4xx_HAL_Driver/Src/stm32f4xx_hal.o
                0x00000000080011cc                HAL_IncTick
 .text.HAL_GetTick
                0x00000000080011f4       0x18 Drivers/STM32F4xx_HAL_Driver/Src/stm32f4xx_hal.o
                0x00000000080011f4                HAL_GetTick
 .text.__NVIC_SetPriorityGrouping
                0x000000000800120c       0x48 Drivers/STM32F4xx_HAL_Driver/Src/stm32f4xx_hal_cortex.o
 .text.__NVIC_GetPriorityGrouping
                0x0000000008001254       0x1c Drivers/STM32F4xx_HAL_Driver/Src/stm32f4xx_hal_cortex.o
 .text.__NVIC_EnableIRQ
                0x0000000008001270       0x3c Drivers/STM32F4xx_HAL_Driver/Src/stm32f4xx_hal_cortex.o
 .text.__NVIC_SetPriority
                0x00000000080012ac       0x54 Drivers/STM32F4xx_HAL_Driver/Src/stm32f4xx_hal_cortex.o
 .text.NVIC_EncodePriority
                0x0000000008001300       0x66 Drivers/STM32F4xx_HAL_Driver/Src/stm32f4xx_hal_cortex.o
 .text.HAL_NVIC_SetPriorityGrouping
                0x0000000008001366       0x16 Drivers/STM32F4xx_HAL_Driver/Src/stm32f4xx_hal_cortex.o
                0x0000000008001366                HAL_NVIC_SetPriorityGrouping
 .text.HAL_NVIC_SetPriority
                0x000000000800137c       0x38 Drivers/STM32F4xx_HAL_Driver/Src/stm32f4xx_hal_cortex.o
                0x000000000800137c                HAL_NVIC_SetPriority
 .text.HAL_NVIC_EnableIRQ
                0x00000000080013b4       0x1c Drivers/STM32F4xx_HAL_Driver/Src/stm32f4xx_hal_cortex.o
                0x00000000080013b4                HAL_NVIC_EnableIRQ
 .text.HAL_GPIO_Init
                0x00000000080013d0      0x338 Drivers/STM32F4xx_HAL_Driver/Src/stm32f4xx_hal_gpio.o
                0x00000000080013d0                HAL_GPIO_Init
 .text.HAL_RCC_OscConfig
                0x0000000008001708      0x4f0 Drivers/STM32F4xx_HAL_Driver/Src/stm32f4xx_hal_rcc.o
                0x0000000008001708                HAL_RCC_OscConfig
 .text.HAL_RCC_ClockConfig
                0x0000000008001bf8      0x1cc Drivers/STM32F4xx_HAL_Driver/Src/stm32f4xx_hal_rcc.o
                0x0000000008001bf8                HAL_RCC_ClockConfig
 .text.HAL_RCC_GetSysClockFreq
                0x0000000008001dc4      0x16c Drivers/STM32F4xx_HAL_Driver/Src/stm32f4xx_hal_rcc.o
                0x0000000008001dc4                HAL_RCC_GetSysClockFreq
 .text.HAL_RCC_GetHCLKFreq
                0x0000000008001f30       0x18 Drivers/STM32F4xx_HAL_Driver/Src/stm32f4xx_hal_rcc.o
                0x0000000008001f30                HAL_RCC_GetHCLKFreq
 .text.HAL_RCC_GetPCLK1Freq
                0x0000000008001f48       0x28 Drivers/STM32F4xx_HAL_Driver/Src/stm32f4xx_hal_rcc.o
                0x0000000008001f48                HAL_RCC_GetPCLK1Freq
 .text.HAL_RCC_GetPCLK2Freq
                0x0000000008001f70       0x28 Drivers/STM32F4xx_HAL_Driver/Src/stm32f4xx_hal_rcc.o
                0x0000000008001f70                HAL_RCC_GetPCLK2Freq
 .text.HAL_RCC_GetClockConfig
                0x0000000008001f98       0x64 Drivers/STM32F4xx_HAL_Driver/Src/stm32f4xx_hal_rcc.o
                0x0000000008001f98                HAL_RCC_GetClockConfig
 .text.HAL_TIM_Base_Init
                0x0000000008001ffc       0x9e Drivers/STM32F4xx_HAL_Driver/Src/stm32f4xx_hal_tim.o
                0x0000000008001ffc                HAL_TIM_Base_Init
 .text.HAL_TIM_Base_MspInit
                0x000000000800209a       0x14 Drivers/STM32F4xx_HAL_Driver/Src/stm32f4xx_hal_tim.o
                0x000000000800209a                HAL_TIM_Base_MspInit
 *fill*         0x00000000080020ae        0x2 
 .text.HAL_TIM_Base_Start_IT
                0x00000000080020b0       0xe0 Drivers/STM32F4xx_HAL_Driver/Src/stm32f4xx_hal_tim.o
                0x00000000080020b0                HAL_TIM_Base_Start_IT
 .text.HAL_TIM_IRQHandler
                0x0000000008002190      0x210 Drivers/STM32F4xx_HAL_Driver/Src/stm32f4xx_hal_tim.o
                0x0000000008002190                HAL_TIM_IRQHandler
 .text.HAL_TIM_OC_DelayElapsedCallback
                0x00000000080023a0       0x14 Drivers/STM32F4xx_HAL_Driver/Src/stm32f4xx_hal_tim.o
                0x00000000080023a0                HAL_TIM_OC_DelayElapsedCallback
 .text.HAL_TIM_IC_CaptureCallback
                0x00000000080023b4       0x14 Drivers/STM32F4xx_HAL_Driver/Src/stm32f4xx_hal_tim.o
                0x00000000080023b4                HAL_TIM_IC_CaptureCallback
 .text.HAL_TIM_PWM_PulseFinishedCallback
                0x00000000080023c8       0x14 Drivers/STM32F4xx_HAL_Driver/Src/stm32f4xx_hal_tim.o
                0x00000000080023c8                HAL_TIM_PWM_PulseFinishedCallback
 .text.HAL_TIM_TriggerCallback
                0x00000000080023dc       0x14 Drivers/STM32F4xx_HAL_Driver/Src/stm32f4xx_hal_tim.o
                0x00000000080023dc                HAL_TIM_TriggerCallback
 .text.TIM_Base_SetConfig
                0x00000000080023f0      0x140 Drivers/STM32F4xx_HAL_Driver/Src/stm32f4xx_hal_tim.o
                0x00000000080023f0                TIM_Base_SetConfig
 .text.HAL_TIMEx_CommutCallback
                0x0000000008002530       0x14 Drivers/STM32F4xx_HAL_Driver/Src/stm32f4xx_hal_tim_ex.o
                0x0000000008002530                HAL_TIMEx_CommutCallback
 .text.HAL_TIMEx_BreakCallback
                0x0000000008002544       0x14 Drivers/STM32F4xx_HAL_Driver/Src/stm32f4xx_hal_tim_ex.o
                0x0000000008002544                HAL_TIMEx_BreakCallback
 .text.HAL_UART_Init
                0x0000000008002558       0x9a Drivers/STM32F4xx_HAL_Driver/Src/stm32f4xx_hal_uart.o
                0x0000000008002558                HAL_UART_Init
 .text.HAL_UART_Transmit
                0x00000000080025f2      0x124 Drivers/STM32F4xx_HAL_Driver/Src/stm32f4xx_hal_uart.o
                0x00000000080025f2                HAL_UART_Transmit
 .text.UART_WaitOnFlagUntilTimeout
                0x0000000008002716       0x94 Drivers/STM32F4xx_HAL_Driver/Src/stm32f4xx_hal_uart.o
 *fill*         0x00000000080027aa        0x2 
 .text.UART_SetConfig
                0x00000000080027ac      0x390 Drivers/STM32F4xx_HAL_Driver/Src/stm32f4xx_hal_uart.o
 .text.Tm_DArray_remove
                0x0000000008002b3c       0x34 FreeRTOS/darray.o
 .text.Tm_DArray_create
                0x0000000008002b70      0x144 FreeRTOS/darray.o
                0x0000000008002b70                Tm_DArray_create
 .text.Tm_DArray_resize
                0x0000000008002cb4       0xdc FreeRTOS/darray.o
 .text.Tm_DArray_expand
                0x0000000008002d90       0xac FreeRTOS/darray.o
                0x0000000008002d90                Tm_DArray_expand
 .text.Tm_DArray_contract
                0x0000000008002e3c       0x2e FreeRTOS/darray.o
                0x0000000008002e3c                Tm_DArray_contract
 .text.Tm_DArray_destroy
                0x0000000008002e6a       0x2e FreeRTOS/darray.o
                0x0000000008002e6a                Tm_DArray_destroy
 .text.Tm_DArray_push
                0x0000000008002e98       0x44 FreeRTOS/darray.o
                0x0000000008002e98                Tm_DArray_push
 .text.Tm_DArray_pop
                0x0000000008002edc       0xb4 FreeRTOS/darray.o
                0x0000000008002edc                Tm_DArray_pop
 .text.unsnap   0x0000000008002f90       0x7a FreeRTOS/gc.o
 .text.insert_in
                0x000000000800300a       0x84 FreeRTOS/gc.o
 .text.make_ecru
                0x000000000800308e       0x68 FreeRTOS/gc.o
 .text.make_grey
                0x00000000080030f6       0x4a FreeRTOS/gc.o
 .text.TmHeap_new
                0x0000000008003140       0xa4 FreeRTOS/gc.o
                0x0000000008003140                TmHeap_new
 .text.TmHeap_grow
                0x00000000080031e4       0x9a FreeRTOS/gc.o
                0x00000000080031e4                TmHeap_grow
 .text.TmHeap_distance_between
                0x000000000800327e       0x3c FreeRTOS/gc.o
 .text.TmHeap_size
                0x00000000080032ba       0x36 FreeRTOS/gc.o
                0x00000000080032ba                TmHeap_size
 .text.TmHeap_white_size
                0x00000000080032f0       0x66 FreeRTOS/gc.o
                0x00000000080032f0                TmHeap_white_size
 .text.TmHeap_ecru_size
                0x0000000008003356       0x4c FreeRTOS/gc.o
                0x0000000008003356                TmHeap_ecru_size
 .text.TmHeap_grey_size
                0x00000000080033a2       0x4c FreeRTOS/gc.o
                0x00000000080033a2                TmHeap_grey_size
 .text.TmHeap_black_size
                0x00000000080033ee       0x4c FreeRTOS/gc.o
                0x00000000080033ee                TmHeap_black_size
 .text.null_rootset
                0x000000000800343a       0x1a FreeRTOS/gc.o
 .text.TmHeap_destroy
                0x0000000008003454       0xac FreeRTOS/gc.o
                0x0000000008003454                TmHeap_destroy
 .text.TmChunk_new
                0x0000000008003500       0x9a FreeRTOS/gc.o
                0x0000000008003500                TmChunk_new
 .text.make_grey_if_ecru
                0x000000000800359a       0x28 FreeRTOS/gc.o
 *fill*         0x00000000080035c2        0x2 
 .text.Tm_scan  0x00000000080035c4       0x5c FreeRTOS/gc.o
                0x00000000080035c4                Tm_scan
 .text.Tm_flip  0x0000000008003620      0x110 FreeRTOS/gc.o
                0x0000000008003620                Tm_flip
 .text.Tm_allocate
                0x0000000008003730      0x128 FreeRTOS/gc.o
                0x0000000008003730                Tm_allocate
 .text.test_rootset
                0x0000000008003858       0x4e FreeRTOS/gc_test_setup.o
                0x0000000008003858                test_rootset
 .text.test_scan_pointers
                0x00000000080038a6       0x4a FreeRTOS/gc_test_setup.o
                0x00000000080038a6                test_scan_pointers
 .text.test_release
                0x00000000080038f0       0x16 FreeRTOS/gc_test_setup.o
                0x00000000080038f0                test_release
 *fill*         0x0000000008003906        0x2 
 .text.State_new
                0x0000000008003908       0x34 FreeRTOS/gc_test_setup.o
                0x0000000008003908                State_new
 .text.new_heap
                0x000000000800393c       0x38 FreeRTOS/gc_test_setup.o
                0x000000000800393c                new_heap
 .text.gc_vector_push
                0x0000000008003974       0x36 FreeRTOS/gc_vector.o
                0x0000000008003974                gc_vector_push
 .text.gc_vector_pop
                0x00000000080039aa       0x24 FreeRTOS/gc_vector.o
                0x00000000080039aa                gc_vector_pop
 .text.gc_vector_clear
                0x00000000080039ce       0x32 FreeRTOS/gc_vector.o
                0x00000000080039ce                gc_vector_clear
 .text.vListInitialise
                0x0000000008003a00       0x40 FreeRTOS/list.o
                0x0000000008003a00                vListInitialise
 .text.vListInitialiseItem
                0x0000000008003a40       0x1a FreeRTOS/list.o
                0x0000000008003a40                vListInitialiseItem
 .text.vListInsertEnd
                0x0000000008003a5a       0x48 FreeRTOS/list.o
                0x0000000008003a5a                vListInsertEnd
 .text.vListInsert
                0x0000000008003aa2       0x72 FreeRTOS/list.o
                0x0000000008003aa2                vListInsert
 .text.uxListRemove
                0x0000000008003b14       0x54 FreeRTOS/list.o
                0x0000000008003b14                uxListRemove
 .text.Object_new
                0x0000000008003b68       0x38 FreeRTOS/object.o
                0x0000000008003b68                Object_new
 .text.Number_new
                0x0000000008003ba0       0x2a FreeRTOS/object.o
                0x0000000008003ba0                Number_new
 .text.Vector_new
                0x0000000008003bca       0x30 FreeRTOS/object.o
                0x0000000008003bca                Vector_new
 .text.Object_relate
                0x0000000008003bfa       0x24 FreeRTOS/object.o
                0x0000000008003bfa                Object_relate
 .text.Object_make_root
                0x0000000008003c1e       0x1e FreeRTOS/object.o
                0x0000000008003c1e                Object_make_root
 .text.Object_unrelate
                0x0000000008003c3c       0x8e FreeRTOS/object.o
                0x0000000008003c3c                Object_unrelate
 .text.Object_destroy
                0x0000000008003cca       0x54 FreeRTOS/object.o
                0x0000000008003cca                Object_destroy
 *fill*         0x0000000008003d1e        0x2 
 .text.xQueueGenericReset
                0x0000000008003d20       0xd0 FreeRTOS/queue.o
                0x0000000008003d20                xQueueGenericReset
 .text.xQueueGenericCreate
                0x0000000008003df0       0xbe FreeRTOS/queue.o
                0x0000000008003df0                xQueueGenericCreate
 .text.prvInitialiseNewQueue
                0x0000000008003eae       0x46 FreeRTOS/queue.o
 .text.xQueueGenericSend
                0x0000000008003ef4      0x1fc FreeRTOS/queue.o
                0x0000000008003ef4                xQueueGenericSend
 .text.xQueueGenericSendFromISR
                0x00000000080040f0      0x154 FreeRTOS/queue.o
                0x00000000080040f0                xQueueGenericSendFromISR
 .text.xQueueReceive
                0x0000000008004244      0x1c0 FreeRTOS/queue.o
                0x0000000008004244                xQueueReceive
 .text.prvCopyDataToQueue
                0x0000000008004404       0xd4 FreeRTOS/queue.o
 .text.prvCopyDataFromQueue
                0x00000000080044d8       0x4c FreeRTOS/queue.o
 .text.prvUnlockQueue
                0x0000000008004524       0xa4 FreeRTOS/queue.o
 .text.prvIsQueueEmpty
                0x00000000080045c8       0x2c FreeRTOS/queue.o
 .text.prvIsQueueFull
                0x00000000080045f4       0x30 FreeRTOS/queue.o
 .text.vQueueAddToRegistry
                0x0000000008004624       0x54 FreeRTOS/queue.o
                0x0000000008004624                vQueueAddToRegistry
 .text.vQueueWaitForMessageRestricted
                0x0000000008004678       0x68 FreeRTOS/queue.o
                0x0000000008004678                vQueueWaitForMessageRestricted
 .text.State_destroy
                0x00000000080046e0       0x20 FreeRTOS/state.o
                0x00000000080046e0                State_destroy
 .text.xTaskCreate
                0x0000000008004700       0x82 FreeRTOS/tasks.o
                0x0000000008004700                xTaskCreate
 .text.prvInitialiseNewTask
                0x0000000008004782      0x12c FreeRTOS/tasks.o
 *fill*         0x00000000080048ae        0x2 
 .text.prvAddNewTaskToReadyList
                0x00000000080048b0       0xdc FreeRTOS/tasks.o
 .text.vTaskStartScheduler
                0x000000000800498c       0xa4 FreeRTOS/tasks.o
                0x000000000800498c                vTaskStartScheduler
 .text.vTaskSuspendAll
                0x0000000008004a30       0x1c FreeRTOS/tasks.o
                0x0000000008004a30                vTaskSuspendAll
 .text.xTaskResumeAll
                0x0000000008004a4c      0x138 FreeRTOS/tasks.o
                0x0000000008004a4c                xTaskResumeAll
 .text.xTaskGetTickCount
                0x0000000008004b84       0x20 FreeRTOS/tasks.o
                0x0000000008004b84                xTaskGetTickCount
 .text.xTaskIncrementTick
                0x0000000008004ba4      0x170 FreeRTOS/tasks.o
                0x0000000008004ba4                xTaskIncrementTick
 .text.vTaskSwitchContext
                0x0000000008004d14       0xb8 FreeRTOS/tasks.o
                0x0000000008004d14                vTaskSwitchContext
 .text.vTaskPlaceOnEventList
                0x0000000008004dcc       0x48 FreeRTOS/tasks.o
                0x0000000008004dcc                vTaskPlaceOnEventList
 .text.vTaskPlaceOnEventListRestricted
                0x0000000008004e14       0x58 FreeRTOS/tasks.o
                0x0000000008004e14                vTaskPlaceOnEventListRestricted
 .text.xTaskRemoveFromEventList
                0x0000000008004e6c       0xc4 FreeRTOS/tasks.o
                0x0000000008004e6c                xTaskRemoveFromEventList
 .text.vTaskInternalSetTimeOutState
                0x0000000008004f30       0x2c FreeRTOS/tasks.o
                0x0000000008004f30                vTaskInternalSetTimeOutState
 .text.xTaskCheckForTimeOut
                0x0000000008004f5c       0xcc FreeRTOS/tasks.o
                0x0000000008004f5c                xTaskCheckForTimeOut
 .text.vTaskMissedYield
                0x0000000008005028       0x18 FreeRTOS/tasks.o
                0x0000000008005028                vTaskMissedYield
 .text.prvIdleTask
                0x0000000008005040       0x30 FreeRTOS/tasks.o
 .text.prvInitialiseTaskLists
                0x0000000008005070       0x80 FreeRTOS/tasks.o
 .text.prvCheckTasksWaitingTermination
                0x00000000080050f0       0x5c FreeRTOS/tasks.o
 .text.prvDeleteTCB
                0x000000000800514c       0x20 FreeRTOS/tasks.o
 .text.prvResetNextTaskUnblockTime
                0x000000000800516c       0x38 FreeRTOS/tasks.o
 .text.xTaskGetSchedulerState
                0x00000000080051a4       0x3c FreeRTOS/tasks.o
                0x00000000080051a4                xTaskGetSchedulerState
 .text.xTaskPriorityDisinherit
                0x00000000080051e0       0xf4 FreeRTOS/tasks.o
                0x00000000080051e0                xTaskPriorityDisinherit
 .text.prvAddCurrentTaskToDelayedList
                0x00000000080052d4       0xcc FreeRTOS/tasks.o
 .text.xTimerCreateTimerTask
                0x00000000080053a0       0x64 FreeRTOS/timers.o
                0x00000000080053a0                xTimerCreateTimerTask
 .text.xTimerGenericCommand
                0x0000000008005404       0x9c FreeRTOS/timers.o
                0x0000000008005404                xTimerGenericCommand
 .text.prvProcessExpiredTimer
                0x00000000080054a0       0x98 FreeRTOS/timers.o
 .text.prvTimerTask
                0x0000000008005538       0x24 FreeRTOS/timers.o
 .text.prvProcessTimerOrBlockTask
                0x000000000800555c       0x9c FreeRTOS/timers.o
 .text.prvGetNextExpireTime
                0x00000000080055f8       0x48 FreeRTOS/timers.o
 .text.prvSampleTimeNow
                0x0000000008005640       0x40 FreeRTOS/timers.o
 .text.prvInsertTimerInActiveList
                0x0000000008005680       0x84 FreeRTOS/timers.o
 .text.prvProcessReceivedCommands
                0x0000000008005704      0x18c FreeRTOS/timers.o
 .text.prvSwitchTimerLists
                0x0000000008005890       0xc8 FreeRTOS/timers.o
 .text.prvCheckForValidListAndQueue
                0x0000000008005958       0x6c FreeRTOS/timers.o
 .text.Vector_each
                0x00000000080059c4       0x46 FreeRTOS/vector.o
                0x00000000080059c4                Vector_each
 *fill*         0x0000000008005a0a        0x2 
 .text.pxPortInitialiseStack
                0x0000000008005a0c       0x68 FreeRTOS/portable/ARM_CM4F/port.o
                0x0000000008005a0c                pxPortInitialiseStack
 .text.prvTaskExitError
                0x0000000008005a74       0x58 FreeRTOS/portable/ARM_CM4F/port.o
 *fill*         0x0000000008005acc        0x4 
 .text.SVC_Handler
                0x0000000008005ad0       0x28 FreeRTOS/portable/ARM_CM4F/port.o
                0x0000000008005ad0                SVC_Handler
 .text.prvPortStartFirstTask
                0x0000000008005af8       0x2c FreeRTOS/portable/ARM_CM4F/port.o
 .text.xPortStartScheduler
                0x0000000008005b24      0x144 FreeRTOS/portable/ARM_CM4F/port.o
                0x0000000008005b24                xPortStartScheduler
 .text.vPortEnterCritical
                0x0000000008005c68       0x60 FreeRTOS/portable/ARM_CM4F/port.o
                0x0000000008005c68                vPortEnterCritical
 .text.vPortExitCritical
                0x0000000008005cc8       0x54 FreeRTOS/portable/ARM_CM4F/port.o
                0x0000000008005cc8                vPortExitCritical
 *fill*         0x0000000008005d1c        0x4 
 .text.PendSV_Handler
                0x0000000008005d20       0x68 FreeRTOS/portable/ARM_CM4F/port.o
                0x0000000008005d20                PendSV_Handler
 .text.SysTick_Handler
                0x0000000008005d88       0x44 FreeRTOS/portable/ARM_CM4F/port.o
                0x0000000008005d88                SysTick_Handler
 .text.vPortSetupTimerInterrupt
                0x0000000008005dcc       0x48 FreeRTOS/portable/ARM_CM4F/port.o
                0x0000000008005dcc                vPortSetupTimerInterrupt
 .text.vPortEnableVFP
                0x0000000008005e14       0x18 FreeRTOS/portable/ARM_CM4F/port.o
 .text.vPortValidateInterruptPriority
                0x0000000008005e2c       0x80 FreeRTOS/portable/ARM_CM4F/port.o
                0x0000000008005e2c                vPortValidateInterruptPriority
 .text.pvPortMalloc
                0x0000000008005eac      0x1c0 FreeRTOS/portable/MemMang/heap_4.o
                0x0000000008005eac                pvPortMalloc
 .text.vPortFree
                0x000000000800606c       0xc4 FreeRTOS/portable/MemMang/heap_4.o
                0x000000000800606c                vPortFree
 .text.prvHeapInit
                0x0000000008006130       0xc4 FreeRTOS/portable/MemMang/heap_4.o
 .text.prvInsertBlockIntoFreeList
                0x00000000080061f4       0xb4 FreeRTOS/portable/MemMang/heap_4.o
 .text.calloc   0x00000000080062a8       0x10 d:/stm32cubeide_1.6.1/stm32cubeide/plugins/com.st.stm32cube.ide.mcu.externaltools.gnu-tools-for-stm32.9-2020-q2-update.win32_1.5.0.202011040924/tools/bin/../lib/gcc/arm-none-eabi/9.3.1/../../../../arm-none-eabi/lib/thumb/v7e-m+fp/hard\libc_nano.a(lib_a-calloc.o)
                0x00000000080062a8                calloc
 .text.__errno  0x00000000080062b8        0xc d:/stm32cubeide_1.6.1/stm32cubeide/plugins/com.st.stm32cube.ide.mcu.externaltools.gnu-tools-for-stm32.9-2020-q2-update.win32_1.5.0.202011040924/tools/bin/../lib/gcc/arm-none-eabi/9.3.1/../../../../arm-none-eabi/lib/thumb/v7e-m+fp/hard\libc_nano.a(lib_a-errno.o)
                0x00000000080062b8                __errno
 .text.exit     0x00000000080062c4       0x28 d:/stm32cubeide_1.6.1/stm32cubeide/plugins/com.st.stm32cube.ide.mcu.externaltools.gnu-tools-for-stm32.9-2020-q2-update.win32_1.5.0.202011040924/tools/bin/../lib/gcc/arm-none-eabi/9.3.1/../../../../arm-none-eabi/lib/thumb/v7e-m+fp/hard\libc_nano.a(lib_a-exit.o)
                0x00000000080062c4                exit
 .text.fprintf  0x00000000080062ec       0x24 d:/stm32cubeide_1.6.1/stm32cubeide/plugins/com.st.stm32cube.ide.mcu.externaltools.gnu-tools-for-stm32.9-2020-q2-update.win32_1.5.0.202011040924/tools/bin/../lib/gcc/arm-none-eabi/9.3.1/../../../../arm-none-eabi/lib/thumb/v7e-m+fp/hard\libc_nano.a(lib_a-fprintf.o)
                0x00000000080062ec                fiprintf
                0x00000000080062ec                fprintf
 .text.__libc_init_array
                0x0000000008006310       0x48 d:/stm32cubeide_1.6.1/stm32cubeide/plugins/com.st.stm32cube.ide.mcu.externaltools.gnu-tools-for-stm32.9-2020-q2-update.win32_1.5.0.202011040924/tools/bin/../lib/gcc/arm-none-eabi/9.3.1/../../../../arm-none-eabi/lib/thumb/v7e-m+fp/hard\libc_nano.a(lib_a-init.o)
                0x0000000008006310                __libc_init_array
 .text.malloc   0x0000000008006358       0x10 d:/stm32cubeide_1.6.1/stm32cubeide/plugins/com.st.stm32cube.ide.mcu.externaltools.gnu-tools-for-stm32.9-2020-q2-update.win32_1.5.0.202011040924/tools/bin/../lib/gcc/arm-none-eabi/9.3.1/../../../../arm-none-eabi/lib/thumb/v7e-m+fp/hard\libc_nano.a(lib_a-malloc.o)
                0x0000000008006358                malloc
 .text.free     0x0000000008006368       0x10 d:/stm32cubeide_1.6.1/stm32cubeide/plugins/com.st.stm32cube.ide.mcu.externaltools.gnu-tools-for-stm32.9-2020-q2-update.win32_1.5.0.202011040924/tools/bin/../lib/gcc/arm-none-eabi/9.3.1/../../../../arm-none-eabi/lib/thumb/v7e-m+fp/hard\libc_nano.a(lib_a-malloc.o)
                0x0000000008006368                free
 .text.memcpy   0x0000000008006378       0x1c d:/stm32cubeide_1.6.1/stm32cubeide/plugins/com.st.stm32cube.ide.mcu.externaltools.gnu-tools-for-stm32.9-2020-q2-update.win32_1.5.0.202011040924/tools/bin/../lib/gcc/arm-none-eabi/9.3.1/../../../../arm-none-eabi/lib/thumb/v7e-m+fp/hard\libc_nano.a(lib_a-memcpy-stub.o)
                0x0000000008006378                memcpy
 .text.memset   0x0000000008006394       0x10 d:/stm32cubeide_1.6.1/stm32cubeide/plugins/com.st.stm32cube.ide.mcu.externaltools.gnu-tools-for-stm32.9-2020-q2-update.win32_1.5.0.202011040924/tools/bin/../lib/gcc/arm-none-eabi/9.3.1/../../../../arm-none-eabi/lib/thumb/v7e-m+fp/hard\libc_nano.a(lib_a-memset.o)
                0x0000000008006394                memset
 .text._calloc_r
                0x00000000080063a4       0x1e d:/stm32cubeide_1.6.1/stm32cubeide/plugins/com.st.stm32cube.ide.mcu.externaltools.gnu-tools-for-stm32.9-2020-q2-update.win32_1.5.0.202011040924/tools/bin/../lib/gcc/arm-none-eabi/9.3.1/../../../../arm-none-eabi/lib/thumb/v7e-m+fp/hard\libc_nano.a(lib_a-nano-callocr.o)
                0x00000000080063a4                _calloc_r
 *fill*         0x00000000080063c2        0x2 
 .text._free_r  0x00000000080063c4       0xa0 d:/stm32cubeide_1.6.1/stm32cubeide/plugins/com.st.stm32cube.ide.mcu.externaltools.gnu-tools-for-stm32.9-2020-q2-update.win32_1.5.0.202011040924/tools/bin/../lib/gcc/arm-none-eabi/9.3.1/../../../../arm-none-eabi/lib/thumb/v7e-m+fp/hard\libc_nano.a(lib_a-nano-freer.o)
                0x00000000080063c4                _free_r
 .text._malloc_r
                0x0000000008006464       0xb4 d:/stm32cubeide_1.6.1/stm32cubeide/plugins/com.st.stm32cube.ide.mcu.externaltools.gnu-tools-for-stm32.9-2020-q2-update.win32_1.5.0.202011040924/tools/bin/../lib/gcc/arm-none-eabi/9.3.1/../../../../arm-none-eabi/lib/thumb/v7e-m+fp/hard\libc_nano.a(lib_a-nano-mallocr.o)
                0x0000000008006464                _malloc_r
 .text.__sfputc_r
                0x0000000008006518       0x2e d:/stm32cubeide_1.6.1/stm32cubeide/plugins/com.st.stm32cube.ide.mcu.externaltools.gnu-tools-for-stm32.9-2020-q2-update.win32_1.5.0.202011040924/tools/bin/../lib/gcc/arm-none-eabi/9.3.1/../../../../arm-none-eabi/lib/thumb/v7e-m+fp/hard\libc_nano.a(lib_a-nano-vfprintf.o)
 .text.__sfputs_r
                0x0000000008006546       0x24 d:/stm32cubeide_1.6.1/stm32cubeide/plugins/com.st.stm32cube.ide.mcu.externaltools.gnu-tools-for-stm32.9-2020-q2-update.win32_1.5.0.202011040924/tools/bin/../lib/gcc/arm-none-eabi/9.3.1/../../../../arm-none-eabi/lib/thumb/v7e-m+fp/hard\libc_nano.a(lib_a-nano-vfprintf.o)
                0x0000000008006546                __sfputs_r
 *fill*         0x000000000800656a        0x2 
 .text._vfprintf_r
                0x000000000800656c      0x260 d:/stm32cubeide_1.6.1/stm32cubeide/plugins/com.st.stm32cube.ide.mcu.externaltools.gnu-tools-for-stm32.9-2020-q2-update.win32_1.5.0.202011040924/tools/bin/../lib/gcc/arm-none-eabi/9.3.1/../../../../arm-none-eabi/lib/thumb/v7e-m+fp/hard\libc_nano.a(lib_a-nano-vfprintf.o)
                0x000000000800656c                _vfprintf_r
                0x000000000800656c                _vfiprintf_r
 .text._printf_common
                0x00000000080067cc       0xda d:/stm32cubeide_1.6.1/stm32cubeide/plugins/com.st.stm32cube.ide.mcu.externaltools.gnu-tools-for-stm32.9-2020-q2-update.win32_1.5.0.202011040924/tools/bin/../lib/gcc/arm-none-eabi/9.3.1/../../../../arm-none-eabi/lib/thumb/v7e-m+fp/hard\libc_nano.a(lib_a-nano-vfprintf_i.o)
                0x00000000080067cc                _printf_common
 *fill*         0x00000000080068a6        0x2 
 .text._printf_i
                0x00000000080068a8      0x24c d:/stm32cubeide_1.6.1/stm32cubeide/plugins/com.st.stm32cube.ide.mcu.externaltools.gnu-tools-for-stm32.9-2020-q2-update.win32_1.5.0.202011040924/tools/bin/../lib/gcc/arm-none-eabi/9.3.1/../../../../arm-none-eabi/lib/thumb/v7e-m+fp/hard\libc_nano.a(lib_a-nano-vfprintf_i.o)
                0x00000000080068a8                _printf_i
 .text.printf   0x0000000008006af4       0x30 d:/stm32cubeide_1.6.1/stm32cubeide/plugins/com.st.stm32cube.ide.mcu.externaltools.gnu-tools-for-stm32.9-2020-q2-update.win32_1.5.0.202011040924/tools/bin/../lib/gcc/arm-none-eabi/9.3.1/../../../../arm-none-eabi/lib/thumb/v7e-m+fp/hard\libc_nano.a(lib_a-printf.o)
                0x0000000008006af4                iprintf
                0x0000000008006af4                printf
 .text.realloc  0x0000000008006b24       0x10 d:/stm32cubeide_1.6.1/stm32cubeide/plugins/com.st.stm32cube.ide.mcu.externaltools.gnu-tools-for-stm32.9-2020-q2-update.win32_1.5.0.202011040924/tools/bin/../lib/gcc/arm-none-eabi/9.3.1/../../../../arm-none-eabi/lib/thumb/v7e-m+fp/hard\libc_nano.a(lib_a-realloc.o)
                0x0000000008006b24                realloc
 .text._sbrk_r  0x0000000008006b34       0x20 d:/stm32cubeide_1.6.1/stm32cubeide/plugins/com.st.stm32cube.ide.mcu.externaltools.gnu-tools-for-stm32.9-2020-q2-update.win32_1.5.0.202011040924/tools/bin/../lib/gcc/arm-none-eabi/9.3.1/../../../../arm-none-eabi/lib/thumb/v7e-m+fp/hard\libc_nano.a(lib_a-sbrkr.o)
                0x0000000008006b34                _sbrk_r
 .text._strerror_r
                0x0000000008006b54      0x3cc d:/stm32cubeide_1.6.1/stm32cubeide/plugins/com.st.stm32cube.ide.mcu.externaltools.gnu-tools-for-stm32.9-2020-q2-update.win32_1.5.0.202011040924/tools/bin/../lib/gcc/arm-none-eabi/9.3.1/../../../../arm-none-eabi/lib/thumb/v7e-m+fp/hard\libc_nano.a(lib_a-strerror.o)
                0x0000000008006b54                _strerror_r
 .text.strerror
                0x0000000008006f20       0x14 d:/stm32cubeide_1.6.1/stm32cubeide/plugins/com.st.stm32cube.ide.mcu.externaltools.gnu-tools-for-stm32.9-2020-q2-update.win32_1.5.0.202011040924/tools/bin/../lib/gcc/arm-none-eabi/9.3.1/../../../../arm-none-eabi/lib/thumb/v7e-m+fp/hard\libc_nano.a(lib_a-strerror.o)
                0x0000000008006f20                strerror
 .text._user_strerror
                0x0000000008006f34        0x4 d:/stm32cubeide_1.6.1/stm32cubeide/plugins/com.st.stm32cube.ide.mcu.externaltools.gnu-tools-for-stm32.9-2020-q2-update.win32_1.5.0.202011040924/tools/bin/../lib/gcc/arm-none-eabi/9.3.1/../../../../arm-none-eabi/lib/thumb/v7e-m+fp/hard\libc_nano.a(lib_a-u_strerr.o)
                0x0000000008006f34                _user_strerror
 .text.__swbuf_r
                0x0000000008006f38       0xa4 d:/stm32cubeide_1.6.1/stm32cubeide/plugins/com.st.stm32cube.ide.mcu.externaltools.gnu-tools-for-stm32.9-2020-q2-update.win32_1.5.0.202011040924/tools/bin/../lib/gcc/arm-none-eabi/9.3.1/../../../../arm-none-eabi/lib/thumb/v7e-m+fp/hard\libc_nano.a(lib_a-wbuf.o)
                0x0000000008006f38                __swbuf_r
 .text.__swsetup_r
                0x0000000008006fdc       0xdc d:/stm32cubeide_1.6.1/stm32cubeide/plugins/com.st.stm32cube.ide.mcu.externaltools.gnu-tools-for-stm32.9-2020-q2-update.win32_1.5.0.202011040924/tools/bin/../lib/gcc/arm-none-eabi/9.3.1/../../../../arm-none-eabi/lib/thumb/v7e-m+fp/hard\libc_nano.a(lib_a-wsetup.o)
                0x0000000008006fdc                __swsetup_r
 .text.__sflush_r
                0x00000000080070b8      0x10c d:/stm32cubeide_1.6.1/stm32cubeide/plugins/com.st.stm32cube.ide.mcu.externaltools.gnu-tools-for-stm32.9-2020-q2-update.win32_1.5.0.202011040924/tools/bin/../lib/gcc/arm-none-eabi/9.3.1/../../../../arm-none-eabi/lib/thumb/v7e-m+fp/hard\libc_nano.a(lib_a-fflush.o)
                0x00000000080070b8                __sflush_r
 .text._fflush_r
                0x00000000080071c4       0x78 d:/stm32cubeide_1.6.1/stm32cubeide/plugins/com.st.stm32cube.ide.mcu.externaltools.gnu-tools-for-stm32.9-2020-q2-update.win32_1.5.0.202011040924/tools/bin/../lib/gcc/arm-none-eabi/9.3.1/../../../../arm-none-eabi/lib/thumb/v7e-m+fp/hard\libc_nano.a(lib_a-fflush.o)
                0x00000000080071c4                _fflush_r
 .text.std      0x000000000800723c       0x48 d:/stm32cubeide_1.6.1/stm32cubeide/plugins/com.st.stm32cube.ide.mcu.externaltools.gnu-tools-for-stm32.9-2020-q2-update.win32_1.5.0.202011040924/tools/bin/../lib/gcc/arm-none-eabi/9.3.1/../../../../arm-none-eabi/lib/thumb/v7e-m+fp/hard\libc_nano.a(lib_a-findfp.o)
 .text._cleanup_r
                0x0000000008007284        0xc d:/stm32cubeide_1.6.1/stm32cubeide/plugins/com.st.stm32cube.ide.mcu.externaltools.gnu-tools-for-stm32.9-2020-q2-update.win32_1.5.0.202011040924/tools/bin/../lib/gcc/arm-none-eabi/9.3.1/../../../../arm-none-eabi/lib/thumb/v7e-m+fp/hard\libc_nano.a(lib_a-findfp.o)
                0x0000000008007284                _cleanup_r
 .text.__sfmoreglue
                0x0000000008007290       0x2c d:/stm32cubeide_1.6.1/stm32cubeide/plugins/com.st.stm32cube.ide.mcu.externaltools.gnu-tools-for-stm32.9-2020-q2-update.win32_1.5.0.202011040924/tools/bin/../lib/gcc/arm-none-eabi/9.3.1/../../../../arm-none-eabi/lib/thumb/v7e-m+fp/hard\libc_nano.a(lib_a-findfp.o)
                0x0000000008007290                __sfmoreglue
 .text.__sfp_lock_acquire
                0x00000000080072bc        0xc d:/stm32cubeide_1.6.1/stm32cubeide/plugins/com.st.stm32cube.ide.mcu.externaltools.gnu-tools-for-stm32.9-2020-q2-update.win32_1.5.0.202011040924/tools/bin/../lib/gcc/arm-none-eabi/9.3.1/../../../../arm-none-eabi/lib/thumb/v7e-m+fp/hard\libc_nano.a(lib_a-findfp.o)
                0x00000000080072bc                __sfp_lock_acquire
 .text.__sfp_lock_release
                0x00000000080072c8        0xc d:/stm32cubeide_1.6.1/stm32cubeide/plugins/com.st.stm32cube.ide.mcu.externaltools.gnu-tools-for-stm32.9-2020-q2-update.win32_1.5.0.202011040924/tools/bin/../lib/gcc/arm-none-eabi/9.3.1/../../../../arm-none-eabi/lib/thumb/v7e-m+fp/hard\libc_nano.a(lib_a-findfp.o)
                0x00000000080072c8                __sfp_lock_release
 .text.__sinit_lock_acquire
                0x00000000080072d4        0xc d:/stm32cubeide_1.6.1/stm32cubeide/plugins/com.st.stm32cube.ide.mcu.externaltools.gnu-tools-for-stm32.9-2020-q2-update.win32_1.5.0.202011040924/tools/bin/../lib/gcc/arm-none-eabi/9.3.1/../../../../arm-none-eabi/lib/thumb/v7e-m+fp/hard\libc_nano.a(lib_a-findfp.o)
                0x00000000080072d4                __sinit_lock_acquire
 .text.__sinit_lock_release
                0x00000000080072e0        0xc d:/stm32cubeide_1.6.1/stm32cubeide/plugins/com.st.stm32cube.ide.mcu.externaltools.gnu-tools-for-stm32.9-2020-q2-update.win32_1.5.0.202011040924/tools/bin/../lib/gcc/arm-none-eabi/9.3.1/../../../../arm-none-eabi/lib/thumb/v7e-m+fp/hard\libc_nano.a(lib_a-findfp.o)
                0x00000000080072e0                __sinit_lock_release
 .text.__sinit  0x00000000080072ec       0x70 d:/stm32cubeide_1.6.1/stm32cubeide/plugins/com.st.stm32cube.ide.mcu.externaltools.gnu-tools-for-stm32.9-2020-q2-update.win32_1.5.0.202011040924/tools/bin/../lib/gcc/arm-none-eabi/9.3.1/../../../../arm-none-eabi/lib/thumb/v7e-m+fp/hard\libc_nano.a(lib_a-findfp.o)
                0x00000000080072ec                __sinit
 .text.__sfp    0x000000000800735c       0x8c d:/stm32cubeide_1.6.1/stm32cubeide/plugins/com.st.stm32cube.ide.mcu.externaltools.gnu-tools-for-stm32.9-2020-q2-update.win32_1.5.0.202011040924/tools/bin/../lib/gcc/arm-none-eabi/9.3.1/../../../../arm-none-eabi/lib/thumb/v7e-m+fp/hard\libc_nano.a(lib_a-findfp.o)
                0x000000000800735c                __sfp
 .text._fwalk_reent
                0x00000000080073e8       0x3e d:/stm32cubeide_1.6.1/stm32cubeide/plugins/com.st.stm32cube.ide.mcu.externaltools.gnu-tools-for-stm32.9-2020-q2-update.win32_1.5.0.202011040924/tools/bin/../lib/gcc/arm-none-eabi/9.3.1/../../../../arm-none-eabi/lib/thumb/v7e-m+fp/hard\libc_nano.a(lib_a-fwalk.o)
                0x00000000080073e8                _fwalk_reent
 .text.__retarget_lock_init_recursive
                0x0000000008007426        0x2 d:/stm32cubeide_1.6.1/stm32cubeide/plugins/com.st.stm32cube.ide.mcu.externaltools.gnu-tools-for-stm32.9-2020-q2-update.win32_1.5.0.202011040924/tools/bin/../lib/gcc/arm-none-eabi/9.3.1/../../../../arm-none-eabi/lib/thumb/v7e-m+fp/hard\libc_nano.a(lib_a-lock.o)
                0x0000000008007426                __retarget_lock_init_recursive
 .text.__retarget_lock_acquire_recursive
                0x0000000008007428        0x2 d:/stm32cubeide_1.6.1/stm32cubeide/plugins/com.st.stm32cube.ide.mcu.externaltools.gnu-tools-for-stm32.9-2020-q2-update.win32_1.5.0.202011040924/tools/bin/../lib/gcc/arm-none-eabi/9.3.1/../../../../arm-none-eabi/lib/thumb/v7e-m+fp/hard\libc_nano.a(lib_a-lock.o)
                0x0000000008007428                __retarget_lock_acquire_recursive
 .text.__retarget_lock_release_recursive
                0x000000000800742a        0x2 d:/stm32cubeide_1.6.1/stm32cubeide/plugins/com.st.stm32cube.ide.mcu.externaltools.gnu-tools-for-stm32.9-2020-q2-update.win32_1.5.0.202011040924/tools/bin/../lib/gcc/arm-none-eabi/9.3.1/../../../../arm-none-eabi/lib/thumb/v7e-m+fp/hard\libc_nano.a(lib_a-lock.o)
                0x000000000800742a                __retarget_lock_release_recursive
 .text.__swhatbuf_r
                0x000000000800742c       0x48 d:/stm32cubeide_1.6.1/stm32cubeide/plugins/com.st.stm32cube.ide.mcu.externaltools.gnu-tools-for-stm32.9-2020-q2-update.win32_1.5.0.202011040924/tools/bin/../lib/gcc/arm-none-eabi/9.3.1/../../../../arm-none-eabi/lib/thumb/v7e-m+fp/hard\libc_nano.a(lib_a-makebuf.o)
                0x000000000800742c                __swhatbuf_r
 .text.__smakebuf_r
                0x0000000008007474       0x80 d:/stm32cubeide_1.6.1/stm32cubeide/plugins/com.st.stm32cube.ide.mcu.externaltools.gnu-tools-for-stm32.9-2020-q2-update.win32_1.5.0.202011040924/tools/bin/../lib/gcc/arm-none-eabi/9.3.1/../../../../arm-none-eabi/lib/thumb/v7e-m+fp/hard\libc_nano.a(lib_a-makebuf.o)
                0x0000000008007474                __smakebuf_r
 .text.__malloc_lock
                0x00000000080074f4        0xc d:/stm32cubeide_1.6.1/stm32cubeide/plugins/com.st.stm32cube.ide.mcu.externaltools.gnu-tools-for-stm32.9-2020-q2-update.win32_1.5.0.202011040924/tools/bin/../lib/gcc/arm-none-eabi/9.3.1/../../../../arm-none-eabi/lib/thumb/v7e-m+fp/hard\libc_nano.a(lib_a-mlock.o)
                0x00000000080074f4                __malloc_lock
 .text.__malloc_unlock
                0x0000000008007500        0xc d:/stm32cubeide_1.6.1/stm32cubeide/plugins/com.st.stm32cube.ide.mcu.externaltools.gnu-tools-for-stm32.9-2020-q2-update.win32_1.5.0.202011040924/tools/bin/../lib/gcc/arm-none-eabi/9.3.1/../../../../arm-none-eabi/lib/thumb/v7e-m+fp/hard\libc_nano.a(lib_a-mlock.o)
                0x0000000008007500                __malloc_unlock
 .text._realloc_r
                0x000000000800750c       0x4c d:/stm32cubeide_1.6.1/stm32cubeide/plugins/com.st.stm32cube.ide.mcu.externaltools.gnu-tools-for-stm32.9-2020-q2-update.win32_1.5.0.202011040924/tools/bin/../lib/gcc/arm-none-eabi/9.3.1/../../../../arm-none-eabi/lib/thumb/v7e-m+fp/hard\libc_nano.a(lib_a-nano-reallocr.o)
                0x000000000800750c                _realloc_r
 .text.__sread  0x0000000008007558       0x22 d:/stm32cubeide_1.6.1/stm32cubeide/plugins/com.st.stm32cube.ide.mcu.externaltools.gnu-tools-for-stm32.9-2020-q2-update.win32_1.5.0.202011040924/tools/bin/../lib/gcc/arm-none-eabi/9.3.1/../../../../arm-none-eabi/lib/thumb/v7e-m+fp/hard\libc_nano.a(lib_a-stdio.o)
                0x0000000008007558                __sread
 .text.__swrite
                0x000000000800757a       0x38 d:/stm32cubeide_1.6.1/stm32cubeide/plugins/com.st.stm32cube.ide.mcu.externaltools.gnu-tools-for-stm32.9-2020-q2-update.win32_1.5.0.202011040924/tools/bin/../lib/gcc/arm-none-eabi/9.3.1/../../../../arm-none-eabi/lib/thumb/v7e-m+fp/hard\libc_nano.a(lib_a-stdio.o)
                0x000000000800757a                __swrite
 .text.__sseek  0x00000000080075b2       0x24 d:/stm32cubeide_1.6.1/stm32cubeide/plugins/com.st.stm32cube.ide.mcu.externaltools.gnu-tools-for-stm32.9-2020-q2-update.win32_1.5.0.202011040924/tools/bin/../lib/gcc/arm-none-eabi/9.3.1/../../../../arm-none-eabi/lib/thumb/v7e-m+fp/hard\libc_nano.a(lib_a-stdio.o)
                0x00000000080075b2                __sseek
 .text.__sclose
                0x00000000080075d6        0x8 d:/stm32cubeide_1.6.1/stm32cubeide/plugins/com.st.stm32cube.ide.mcu.externaltools.gnu-tools-for-stm32.9-2020-q2-update.win32_1.5.0.202011040924/tools/bin/../lib/gcc/arm-none-eabi/9.3.1/../../../../arm-none-eabi/lib/thumb/v7e-m+fp/hard\libc_nano.a(lib_a-stdio.o)
                0x00000000080075d6                __sclose
 *fill*         0x00000000080075de        0x2 
 .text._write_r
                0x00000000080075e0       0x24 d:/stm32cubeide_1.6.1/stm32cubeide/plugins/com.st.stm32cube.ide.mcu.externaltools.gnu-tools-for-stm32.9-2020-q2-update.win32_1.5.0.202011040924/tools/bin/../lib/gcc/arm-none-eabi/9.3.1/../../../../arm-none-eabi/lib/thumb/v7e-m+fp/hard\libc_nano.a(lib_a-writer.o)
                0x00000000080075e0                _write_r
 .text._close_r
                0x0000000008007604       0x20 d:/stm32cubeide_1.6.1/stm32cubeide/plugins/com.st.stm32cube.ide.mcu.externaltools.gnu-tools-for-stm32.9-2020-q2-update.win32_1.5.0.202011040924/tools/bin/../lib/gcc/arm-none-eabi/9.3.1/../../../../arm-none-eabi/lib/thumb/v7e-m+fp/hard\libc_nano.a(lib_a-closer.o)
                0x0000000008007604                _close_r
 .text._fstat_r
                0x0000000008007624       0x24 d:/stm32cubeide_1.6.1/stm32cubeide/plugins/com.st.stm32cube.ide.mcu.externaltools.gnu-tools-for-stm32.9-2020-q2-update.win32_1.5.0.202011040924/tools/bin/../lib/gcc/arm-none-eabi/9.3.1/../../../../arm-none-eabi/lib/thumb/v7e-m+fp/hard\libc_nano.a(lib_a-fstatr.o)
                0x0000000008007624                _fstat_r
 .text._isatty_r
                0x0000000008007648       0x20 d:/stm32cubeide_1.6.1/stm32cubeide/plugins/com.st.stm32cube.ide.mcu.externaltools.gnu-tools-for-stm32.9-2020-q2-update.win32_1.5.0.202011040924/tools/bin/../lib/gcc/arm-none-eabi/9.3.1/../../../../arm-none-eabi/lib/thumb/v7e-m+fp/hard\libc_nano.a(lib_a-isattyr.o)
                0x0000000008007648                _isatty_r
 .text._lseek_r
                0x0000000008007668       0x24 d:/stm32cubeide_1.6.1/stm32cubeide/plugins/com.st.stm32cube.ide.mcu.externaltools.gnu-tools-for-stm32.9-2020-q2-update.win32_1.5.0.202011040924/tools/bin/../lib/gcc/arm-none-eabi/9.3.1/../../../../arm-none-eabi/lib/thumb/v7e-m+fp/hard\libc_nano.a(lib_a-lseekr.o)
                0x0000000008007668                _lseek_r
 .text._malloc_usable_size_r
                0x000000000800768c       0x10 d:/stm32cubeide_1.6.1/stm32cubeide/plugins/com.st.stm32cube.ide.mcu.externaltools.gnu-tools-for-stm32.9-2020-q2-update.win32_1.5.0.202011040924/tools/bin/../lib/gcc/arm-none-eabi/9.3.1/../../../../arm-none-eabi/lib/thumb/v7e-m+fp/hard\libc_nano.a(lib_a-nano-msizer.o)
                0x000000000800768c                _malloc_usable_size_r
 .text._read_r  0x000000000800769c       0x24 d:/stm32cubeide_1.6.1/stm32cubeide/plugins/com.st.stm32cube.ide.mcu.externaltools.gnu-tools-for-stm32.9-2020-q2-update.win32_1.5.0.202011040924/tools/bin/../lib/gcc/arm-none-eabi/9.3.1/../../../../arm-none-eabi/lib/thumb/v7e-m+fp/hard\libc_nano.a(lib_a-readr.o)
                0x000000000800769c                _read_r
 *(.glue_7)
 .glue_7        0x00000000080076c0        0x0 linker stubs
 *(.glue_7t)
 .glue_7t       0x00000000080076c0        0x0 linker stubs
 *(.eh_frame)
 .eh_frame      0x00000000080076c0        0x0 d:/stm32cubeide_1.6.1/stm32cubeide/plugins/com.st.stm32cube.ide.mcu.externaltools.gnu-tools-for-stm32.9-2020-q2-update.win32_1.5.0.202011040924/tools/bin/../lib/gcc/arm-none-eabi/9.3.1/thumb/v7e-m+fp/hard/crtbegin.o
 *(.init)
 .init          0x00000000080076c0        0x4 d:/stm32cubeide_1.6.1/stm32cubeide/plugins/com.st.stm32cube.ide.mcu.externaltools.gnu-tools-for-stm32.9-2020-q2-update.win32_1.5.0.202011040924/tools/bin/../lib/gcc/arm-none-eabi/9.3.1/thumb/v7e-m+fp/hard/crti.o
                0x00000000080076c0                _init
 .init          0x00000000080076c4        0x8 d:/stm32cubeide_1.6.1/stm32cubeide/plugins/com.st.stm32cube.ide.mcu.externaltools.gnu-tools-for-stm32.9-2020-q2-update.win32_1.5.0.202011040924/tools/bin/../lib/gcc/arm-none-eabi/9.3.1/thumb/v7e-m+fp/hard/crtn.o
 *(.fini)
 .fini          0x00000000080076cc        0x4 d:/stm32cubeide_1.6.1/stm32cubeide/plugins/com.st.stm32cube.ide.mcu.externaltools.gnu-tools-for-stm32.9-2020-q2-update.win32_1.5.0.202011040924/tools/bin/../lib/gcc/arm-none-eabi/9.3.1/thumb/v7e-m+fp/hard/crti.o
                0x00000000080076cc                _fini
 .fini          0x00000000080076d0        0x8 d:/stm32cubeide_1.6.1/stm32cubeide/plugins/com.st.stm32cube.ide.mcu.externaltools.gnu-tools-for-stm32.9-2020-q2-update.win32_1.5.0.202011040924/tools/bin/../lib/gcc/arm-none-eabi/9.3.1/thumb/v7e-m+fp/hard/crtn.o
                0x00000000080076d8                . = ALIGN (0x4)
                0x00000000080076d8                _etext = .

.vfp11_veneer   0x00000000080076d8        0x0
 .vfp11_veneer  0x00000000080076d8        0x0 linker stubs

.v4_bx          0x00000000080076d8        0x0
 .v4_bx         0x00000000080076d8        0x0 linker stubs

.iplt           0x00000000080076d8        0x0
 .iplt          0x00000000080076d8        0x0 d:/stm32cubeide_1.6.1/stm32cubeide/plugins/com.st.stm32cube.ide.mcu.externaltools.gnu-tools-for-stm32.9-2020-q2-update.win32_1.5.0.202011040924/tools/bin/../lib/gcc/arm-none-eabi/9.3.1/thumb/v7e-m+fp/hard/crtbegin.o

.rodata         0x00000000080076d8      0xbf4
                0x00000000080076d8                . = ALIGN (0x4)
 *(.rodata)
 .rodata        0x00000000080076d8      0x1a4 Core/Src/main.o
 .rodata        0x000000000800787c      0x188 FreeRTOS/darray.o
 .rodata        0x0000000008007a04      0x168 FreeRTOS/gc.o
 .rodata        0x0000000008007b6c        0x5 FreeRTOS/tasks.o
 *fill*         0x0000000008007b71        0x3 
 .rodata        0x0000000008007b74        0xd FreeRTOS/timers.o
 *(.rodata*)
 *fill*         0x0000000008007b81        0x3 
 .rodata.AHBPrescTable
                0x0000000008007b84       0x10 Core/Src/system_stm32f4xx.o
                0x0000000008007b84                AHBPrescTable
 .rodata.APBPrescTable
                0x0000000008007b94        0x8 Core/Src/system_stm32f4xx.o
                0x0000000008007b94                APBPrescTable
 .rodata._global_impure_ptr
                0x0000000008007b9c        0x4 d:/stm32cubeide_1.6.1/stm32cubeide/plugins/com.st.stm32cube.ide.mcu.externaltools.gnu-tools-for-stm32.9-2020-q2-update.win32_1.5.0.202011040924/tools/bin/../lib/gcc/arm-none-eabi/9.3.1/../../../../arm-none-eabi/lib/thumb/v7e-m+fp/hard\libc_nano.a(lib_a-impure.o)
                0x0000000008007b9c                _global_impure_ptr
 .rodata._vfprintf_r.str1.1
                0x0000000008007ba0       0x11 d:/stm32cubeide_1.6.1/stm32cubeide/plugins/com.st.stm32cube.ide.mcu.externaltools.gnu-tools-for-stm32.9-2020-q2-update.win32_1.5.0.202011040924/tools/bin/../lib/gcc/arm-none-eabi/9.3.1/../../../../arm-none-eabi/lib/thumb/v7e-m+fp/hard\libc_nano.a(lib_a-nano-vfprintf.o)
 .rodata._printf_i.str1.1
                0x0000000008007bb1       0x22 d:/stm32cubeide_1.6.1/stm32cubeide/plugins/com.st.stm32cube.ide.mcu.externaltools.gnu-tools-for-stm32.9-2020-q2-update.win32_1.5.0.202011040924/tools/bin/../lib/gcc/arm-none-eabi/9.3.1/../../../../arm-none-eabi/lib/thumb/v7e-m+fp/hard\libc_nano.a(lib_a-nano-vfprintf_i.o)
 .rodata._strerror_r.str1.1
                0x0000000008007bd3      0x696 d:/stm32cubeide_1.6.1/stm32cubeide/plugins/com.st.stm32cube.ide.mcu.externaltools.gnu-tools-for-stm32.9-2020-q2-update.win32_1.5.0.202011040924/tools/bin/../lib/gcc/arm-none-eabi/9.3.1/../../../../arm-none-eabi/lib/thumb/v7e-m+fp/hard\libc_nano.a(lib_a-strerror.o)
                                        0x697 (size before relaxing)
 *fill*         0x0000000008008269        0x3 
 .rodata.__sf_fake_stderr
                0x000000000800826c       0x20 d:/stm32cubeide_1.6.1/stm32cubeide/plugins/com.st.stm32cube.ide.mcu.externaltools.gnu-tools-for-stm32.9-2020-q2-update.win32_1.5.0.202011040924/tools/bin/../lib/gcc/arm-none-eabi/9.3.1/../../../../arm-none-eabi/lib/thumb/v7e-m+fp/hard\libc_nano.a(lib_a-findfp.o)
                0x000000000800826c                __sf_fake_stderr
 .rodata.__sf_fake_stdin
                0x000000000800828c       0x20 d:/stm32cubeide_1.6.1/stm32cubeide/plugins/com.st.stm32cube.ide.mcu.externaltools.gnu-tools-for-stm32.9-2020-q2-update.win32_1.5.0.202011040924/tools/bin/../lib/gcc/arm-none-eabi/9.3.1/../../../../arm-none-eabi/lib/thumb/v7e-m+fp/hard\libc_nano.a(lib_a-findfp.o)
                0x000000000800828c                __sf_fake_stdin
 .rodata.__sf_fake_stdout
                0x00000000080082ac       0x20 d:/stm32cubeide_1.6.1/stm32cubeide/plugins/com.st.stm32cube.ide.mcu.externaltools.gnu-tools-for-stm32.9-2020-q2-update.win32_1.5.0.202011040924/tools/bin/../lib/gcc/arm-none-eabi/9.3.1/../../../../arm-none-eabi/lib/thumb/v7e-m+fp/hard\libc_nano.a(lib_a-findfp.o)
                0x00000000080082ac                __sf_fake_stdout
                0x00000000080082cc                . = ALIGN (0x4)

.ARM.extab      0x00000000080082cc        0x0
                0x00000000080082cc                . = ALIGN (0x4)
 *(.ARM.extab* .gnu.linkonce.armextab.*)
                0x00000000080082cc                . = ALIGN (0x4)

.ARM            0x00000000080082cc        0x8
                0x00000000080082cc                . = ALIGN (0x4)
                0x00000000080082cc                __exidx_start = .
 *(.ARM.exidx*)
 .ARM.exidx     0x00000000080082cc        0x8 d:/stm32cubeide_1.6.1/stm32cubeide/plugins/com.st.stm32cube.ide.mcu.externaltools.gnu-tools-for-stm32.9-2020-q2-update.win32_1.5.0.202011040924/tools/bin/../lib/gcc/arm-none-eabi/9.3.1/thumb/v7e-m+fp/hard\libgcc.a(_udivmoddi4.o)
                0x00000000080082d4                __exidx_end = .
                0x00000000080082d4                . = ALIGN (0x4)

.rel.dyn        0x00000000080082d4        0x0
 .rel.iplt      0x00000000080082d4        0x0 d:/stm32cubeide_1.6.1/stm32cubeide/plugins/com.st.stm32cube.ide.mcu.externaltools.gnu-tools-for-stm32.9-2020-q2-update.win32_1.5.0.202011040924/tools/bin/../lib/gcc/arm-none-eabi/9.3.1/thumb/v7e-m+fp/hard/crtbegin.o

.preinit_array  0x00000000080082d4        0x0
                0x00000000080082d4                . = ALIGN (0x4)
                0x00000000080082d4                PROVIDE (__preinit_array_start = .)
 *(.preinit_array*)
                0x00000000080082d4                PROVIDE (__preinit_array_end = .)
                0x00000000080082d4                . = ALIGN (0x4)

.init_array     0x00000000080082d4        0x4
                0x00000000080082d4                . = ALIGN (0x4)
                0x00000000080082d4                PROVIDE (__init_array_start = .)
 *(SORT_BY_NAME(.init_array.*))
 *(.init_array*)
 .init_array    0x00000000080082d4        0x4 d:/stm32cubeide_1.6.1/stm32cubeide/plugins/com.st.stm32cube.ide.mcu.externaltools.gnu-tools-for-stm32.9-2020-q2-update.win32_1.5.0.202011040924/tools/bin/../lib/gcc/arm-none-eabi/9.3.1/thumb/v7e-m+fp/hard/crtbegin.o
                0x00000000080082d8                PROVIDE (__init_array_end = .)
                0x00000000080082d8                . = ALIGN (0x4)

.fini_array     0x00000000080082d8        0x4
                0x00000000080082d8                . = ALIGN (0x4)
                [!provide]                        PROVIDE (__fini_array_start = .)
 *(SORT_BY_NAME(.fini_array.*))
 *(.fini_array*)
 .fini_array    0x00000000080082d8        0x4 d:/stm32cubeide_1.6.1/stm32cubeide/plugins/com.st.stm32cube.ide.mcu.externaltools.gnu-tools-for-stm32.9-2020-q2-update.win32_1.5.0.202011040924/tools/bin/../lib/gcc/arm-none-eabi/9.3.1/thumb/v7e-m+fp/hard/crtbegin.o
                [!provide]                        PROVIDE (__fini_array_end = .)
                0x00000000080082dc                . = ALIGN (0x4)
                0x00000000080082dc                _sidata = LOADADDR (.data)

.data           0x0000000020000000       0x78 load address 0x00000000080082dc
                0x0000000020000000                . = ALIGN (0x4)
                0x0000000020000000                _sdata = .
 *(.data)
 *(.data*)
 .data.SystemCoreClock
                0x0000000020000000        0x4 Core/Src/system_stm32f4xx.o
                0x0000000020000000                SystemCoreClock
 .data.uwTickPrio
                0x0000000020000004        0x4 Drivers/STM32F4xx_HAL_Driver/Src/stm32f4xx_hal.o
                0x0000000020000004                uwTickPrio
 .data.uwTickFreq
                0x0000000020000008        0x1 Drivers/STM32F4xx_HAL_Driver/Src/stm32f4xx_hal.o
                0x0000000020000008                uwTickFreq
 *fill*         0x0000000020000009        0x3 
 .data.uxTopUsedPriority
                0x000000002000000c        0x4 FreeRTOS/tasks.o
                0x000000002000000c                uxTopUsedPriority
 .data.uxCriticalNesting
                0x0000000020000010        0x4 FreeRTOS/portable/ARM_CM4F/port.o
 .data._impure_ptr
                0x0000000020000014        0x4 d:/stm32cubeide_1.6.1/stm32cubeide/plugins/com.st.stm32cube.ide.mcu.externaltools.gnu-tools-for-stm32.9-2020-q2-update.win32_1.5.0.202011040924/tools/bin/../lib/gcc/arm-none-eabi/9.3.1/../../../../arm-none-eabi/lib/thumb/v7e-m+fp/hard\libc_nano.a(lib_a-impure.o)
                0x0000000020000014                _impure_ptr
 .data.impure_data
                0x0000000020000018       0x60 d:/stm32cubeide_1.6.1/stm32cubeide/plugins/com.st.stm32cube.ide.mcu.externaltools.gnu-tools-for-stm32.9-2020-q2-update.win32_1.5.0.202011040924/tools/bin/../lib/gcc/arm-none-eabi/9.3.1/../../../../arm-none-eabi/lib/thumb/v7e-m+fp/hard\libc_nano.a(lib_a-impure.o)
 *(.RamFunc)
 *(.RamFunc*)
                0x0000000020000078                . = ALIGN (0x4)
                0x0000000020000078                _edata = .

.igot.plt       0x0000000020000078        0x0 load address 0x0000000008008354
 .igot.plt      0x0000000020000078        0x0 d:/stm32cubeide_1.6.1/stm32cubeide/plugins/com.st.stm32cube.ide.mcu.externaltools.gnu-tools-for-stm32.9-2020-q2-update.win32_1.5.0.202011040924/tools/bin/../lib/gcc/arm-none-eabi/9.3.1/thumb/v7e-m+fp/hard/crtbegin.o
                0x0000000020000078                . = ALIGN (0x4)

.bss            0x0000000020000078    0x12e78 load address 0x0000000008008354
                0x0000000020000078                _sbss = .
                0x0000000020000078                __bss_start__ = _sbss
 *(.bss)
 .bss           0x0000000020000078       0x1c d:/stm32cubeide_1.6.1/stm32cubeide/plugins/com.st.stm32cube.ide.mcu.externaltools.gnu-tools-for-stm32.9-2020-q2-update.win32_1.5.0.202011040924/tools/bin/../lib/gcc/arm-none-eabi/9.3.1/thumb/v7e-m+fp/hard/crtbegin.o
 *(.bss*)
 .bss.count     0x0000000020000094        0x4 Core/Src/main.o
                0x0000000020000094                count
 .bss.__sbrk_heap_end
                0x0000000020000098        0x4 Core/Src/sysmem.o
 .bss.pxCurrentTCB
                0x000000002000009c        0x4 FreeRTOS/tasks.o
                0x000000002000009c                pxCurrentTCB
 .bss.pxReadyTasksLists
                0x00000000200000a0       0x64 FreeRTOS/tasks.o
 .bss.xDelayedTaskList1
                0x0000000020000104       0x14 FreeRTOS/tasks.o
 .bss.xDelayedTaskList2
                0x0000000020000118       0x14 FreeRTOS/tasks.o
 .bss.pxDelayedTaskList
                0x000000002000012c        0x4 FreeRTOS/tasks.o
 .bss.pxOverflowDelayedTaskList
                0x0000000020000130        0x4 FreeRTOS/tasks.o
 .bss.xPendingReadyList
                0x0000000020000134       0x14 FreeRTOS/tasks.o
 .bss.xTasksWaitingTermination
                0x0000000020000148       0x14 FreeRTOS/tasks.o
 .bss.uxDeletedTasksWaitingCleanUp
                0x000000002000015c        0x4 FreeRTOS/tasks.o
 .bss.xSuspendedTaskList
                0x0000000020000160       0x14 FreeRTOS/tasks.o
 .bss.uxCurrentNumberOfTasks
                0x0000000020000174        0x4 FreeRTOS/tasks.o
 .bss.xTickCount
                0x0000000020000178        0x4 FreeRTOS/tasks.o
 .bss.uxTopReadyPriority
                0x000000002000017c        0x4 FreeRTOS/tasks.o
 .bss.xSchedulerRunning
                0x0000000020000180        0x4 FreeRTOS/tasks.o
 .bss.xPendedTicks
                0x0000000020000184        0x4 FreeRTOS/tasks.o
 .bss.xYieldPending
                0x0000000020000188        0x4 FreeRTOS/tasks.o
 .bss.xNumOfOverflows
                0x000000002000018c        0x4 FreeRTOS/tasks.o
 .bss.uxTaskNumber
                0x0000000020000190        0x4 FreeRTOS/tasks.o
 .bss.xNextTaskUnblockTime
                0x0000000020000194        0x4 FreeRTOS/tasks.o
 .bss.xIdleTaskHandle
                0x0000000020000198        0x4 FreeRTOS/tasks.o
 .bss.uxSchedulerSuspended
                0x000000002000019c        0x4 FreeRTOS/tasks.o
 .bss.xActiveTimerList1
                0x00000000200001a0       0x14 FreeRTOS/timers.o
 .bss.xActiveTimerList2
                0x00000000200001b4       0x14 FreeRTOS/timers.o
 .bss.pxCurrentTimerList
                0x00000000200001c8        0x4 FreeRTOS/timers.o
 .bss.pxOverflowTimerList
                0x00000000200001cc        0x4 FreeRTOS/timers.o
 .bss.xTimerQueue
                0x00000000200001d0        0x4 FreeRTOS/timers.o
 .bss.xTimerTaskHandle
                0x00000000200001d4        0x4 FreeRTOS/timers.o
 .bss.xLastTime.6892
                0x00000000200001d8        0x4 FreeRTOS/timers.o
 .bss.ucMaxSysCallPriority
                0x00000000200001dc        0x1 FreeRTOS/portable/ARM_CM4F/port.o
 *fill*         0x00000000200001dd        0x3 
 .bss.ulMaxPRIGROUPValue
                0x00000000200001e0        0x4 FreeRTOS/portable/ARM_CM4F/port.o
 .bss.ucHeap    0x00000000200001e4    0x12c00 FreeRTOS/portable/MemMang/heap_4.o
 .bss.xStart    0x0000000020012de4        0x8 FreeRTOS/portable/MemMang/heap_4.o
 .bss.pxEnd     0x0000000020012dec        0x4 FreeRTOS/portable/MemMang/heap_4.o
 .bss.xFreeBytesRemaining
                0x0000000020012df0        0x4 FreeRTOS/portable/MemMang/heap_4.o
 .bss.xMinimumEverFreeBytesRemaining
                0x0000000020012df4        0x4 FreeRTOS/portable/MemMang/heap_4.o
 .bss.xNumberOfSuccessfulAllocations
                0x0000000020012df8        0x4 FreeRTOS/portable/MemMang/heap_4.o
 .bss.xNumberOfSuccessfulFrees
                0x0000000020012dfc        0x4 FreeRTOS/portable/MemMang/heap_4.o
 .bss.xBlockAllocatedBit
                0x0000000020012e00        0x4 FreeRTOS/portable/MemMang/heap_4.o
 .bss.__malloc_free_list
                0x0000000020012e04        0x4 d:/stm32cubeide_1.6.1/stm32cubeide/plugins/com.st.stm32cube.ide.mcu.externaltools.gnu-tools-for-stm32.9-2020-q2-update.win32_1.5.0.202011040924/tools/bin/../lib/gcc/arm-none-eabi/9.3.1/../../../../arm-none-eabi/lib/thumb/v7e-m+fp/hard\libc_nano.a(lib_a-nano-mallocr.o)
                0x0000000020012e04                __malloc_free_list
 .bss.__malloc_sbrk_start
                0x0000000020012e08        0x4 d:/stm32cubeide_1.6.1/stm32cubeide/plugins/com.st.stm32cube.ide.mcu.externaltools.gnu-tools-for-stm32.9-2020-q2-update.win32_1.5.0.202011040924/tools/bin/../lib/gcc/arm-none-eabi/9.3.1/../../../../arm-none-eabi/lib/thumb/v7e-m+fp/hard\libc_nano.a(lib_a-nano-mallocr.o)
                0x0000000020012e08                __malloc_sbrk_start
 *(COMMON)
 COMMON         0x0000000020012e0c       0x48 Core/Src/main.o
                0x0000000020012e0c                tests_run
                0x0000000020012e10                huart4
 COMMON         0x0000000020012e54       0x48 Core/Src/stm32f4xx_hal_timebase_tim.o
                0x0000000020012e54                htim7
 COMMON         0x0000000020012e9c        0x4 Drivers/STM32F4xx_HAL_Driver/Src/stm32f4xx_hal.o
                0x0000000020012e9c                uwTick
 COMMON         0x0000000020012ea0       0x40 FreeRTOS/queue.o
                0x0000000020012ea0                xQueueRegistry
 COMMON         0x0000000020012ee0        0x9 d:/stm32cubeide_1.6.1/stm32cubeide/plugins/com.st.stm32cube.ide.mcu.externaltools.gnu-tools-for-stm32.9-2020-q2-update.win32_1.5.0.202011040924/tools/bin/../lib/gcc/arm-none-eabi/9.3.1/../../../../arm-none-eabi/lib/thumb/v7e-m+fp/hard\libc_nano.a(lib_a-lock.o)
                0x0000000020012ee0                __lock___atexit_recursive_mutex
                0x0000000020012ee1                __lock___arc4random_mutex
                0x0000000020012ee2                __lock___env_recursive_mutex
                0x0000000020012ee3                __lock___sinit_recursive_mutex
                0x0000000020012ee4                __lock___malloc_recursive_mutex
                0x0000000020012ee5                __lock___at_quick_exit_mutex
                0x0000000020012ee6                __lock___dd_hash_mutex
                0x0000000020012ee7                __lock___tz_mutex
                0x0000000020012ee8                __lock___sfp_recursive_mutex
 *fill*         0x0000000020012ee9        0x3 
 COMMON         0x0000000020012eec        0x4 d:/stm32cubeide_1.6.1/stm32cubeide/plugins/com.st.stm32cube.ide.mcu.externaltools.gnu-tools-for-stm32.9-2020-q2-update.win32_1.5.0.202011040924/tools/bin/../lib/gcc/arm-none-eabi/9.3.1/../../../../arm-none-eabi/lib/thumb/v7e-m+fp/hard\libc_nano.a(lib_a-reent.o)
                0x0000000020012eec                errno
                0x0000000020012ef0                . = ALIGN (0x4)
                0x0000000020012ef0                _ebss = .
                0x0000000020012ef0                __bss_end__ = _ebss

._user_heap_stack
                0x0000000020012ef0      0x600 load address 0x0000000008008354
                0x0000000020012ef0                . = ALIGN (0x8)
                [!provide]                        PROVIDE (end = .)
                0x0000000020012ef0                PROVIDE (_end = .)
                0x00000000200130f0                . = (. + _Min_Heap_Size)
 *fill*         0x0000000020012ef0      0x200 
                0x00000000200134f0                . = (. + _Min_Stack_Size)
 *fill*         0x00000000200130f0      0x400 
                0x00000000200134f0                . = ALIGN (0x8)

/DISCARD/
 libc.a(*)
 libm.a(*)
 libgcc.a(*)

.ARM.attributes
                0x0000000000000000       0x30
 *(.ARM.attributes)
 .ARM.attributes
                0x0000000000000000       0x1e d:/stm32cubeide_1.6.1/stm32cubeide/plugins/com.st.stm32cube.ide.mcu.externaltools.gnu-tools-for-stm32.9-2020-q2-update.win32_1.5.0.202011040924/tools/bin/../lib/gcc/arm-none-eabi/9.3.1/thumb/v7e-m+fp/hard/crti.o
 .ARM.attributes
                0x000000000000001e       0x34 d:/stm32cubeide_1.6.1/stm32cubeide/plugins/com.st.stm32cube.ide.mcu.externaltools.gnu-tools-for-stm32.9-2020-q2-update.win32_1.5.0.202011040924/tools/bin/../lib/gcc/arm-none-eabi/9.3.1/thumb/v7e-m+fp/hard/crtbegin.o
 .ARM.attributes
                0x0000000000000052       0x34 Core/Src/main.o
 .ARM.attributes
                0x0000000000000086       0x34 Core/Src/stm32f4xx_hal_msp.o
 .ARM.attributes
                0x00000000000000ba       0x34 Core/Src/stm32f4xx_hal_timebase_tim.o
 .ARM.attributes
                0x00000000000000ee       0x34 Core/Src/stm32f4xx_it.o
 .ARM.attributes
                0x0000000000000122       0x34 Core/Src/syscalls.o
 .ARM.attributes
                0x0000000000000156       0x34 Core/Src/sysmem.o
 .ARM.attributes
                0x000000000000018a       0x34 Core/Src/system_stm32f4xx.o
 .ARM.attributes
                0x00000000000001be       0x21 Core/Startup/startup_stm32f407vgtx.o
 .ARM.attributes
                0x00000000000001df       0x34 Drivers/STM32F4xx_HAL_Driver/Src/stm32f4xx_hal.o
 .ARM.attributes
                0x0000000000000213       0x34 Drivers/STM32F4xx_HAL_Driver/Src/stm32f4xx_hal_cortex.o
 .ARM.attributes
                0x0000000000000247       0x34 Drivers/STM32F4xx_HAL_Driver/Src/stm32f4xx_hal_gpio.o
 .ARM.attributes
                0x000000000000027b       0x34 Drivers/STM32F4xx_HAL_Driver/Src/stm32f4xx_hal_rcc.o
 .ARM.attributes
                0x00000000000002af       0x34 Drivers/STM32F4xx_HAL_Driver/Src/stm32f4xx_hal_tim.o
 .ARM.attributes
                0x00000000000002e3       0x34 Drivers/STM32F4xx_HAL_Driver/Src/stm32f4xx_hal_tim_ex.o
 .ARM.attributes
                0x0000000000000317       0x34 Drivers/STM32F4xx_HAL_Driver/Src/stm32f4xx_hal_uart.o
 .ARM.attributes
                0x000000000000034b       0x34 FreeRTOS/darray.o
 .ARM.attributes
                0x000000000000037f       0x34 FreeRTOS/gc.o
 .ARM.attributes
                0x00000000000003b3       0x34 FreeRTOS/gc_test_setup.o
 .ARM.attributes
                0x00000000000003e7       0x34 FreeRTOS/gc_vector.o
 .ARM.attributes
                0x000000000000041b       0x34 FreeRTOS/list.o
 .ARM.attributes
                0x000000000000044f       0x34 FreeRTOS/object.o
 .ARM.attributes
                0x0000000000000483       0x34 FreeRTOS/queue.o
 .ARM.attributes
                0x00000000000004b7       0x34 FreeRTOS/state.o
 .ARM.attributes
                0x00000000000004eb       0x34 FreeRTOS/tasks.o
 .ARM.attributes
                0x000000000000051f       0x34 FreeRTOS/timers.o
 .ARM.attributes
                0x0000000000000553       0x34 FreeRTOS/vector.o
 .ARM.attributes
                0x0000000000000587       0x34 FreeRTOS/portable/ARM_CM4F/port.o
 .ARM.attributes
                0x00000000000005bb       0x34 FreeRTOS/portable/MemMang/heap_4.o
 .ARM.attributes
                0x00000000000005ef       0x34 d:/stm32cubeide_1.6.1/stm32cubeide/plugins/com.st.stm32cube.ide.mcu.externaltools.gnu-tools-for-stm32.9-2020-q2-update.win32_1.5.0.202011040924/tools/bin/../lib/gcc/arm-none-eabi/9.3.1/../../../../arm-none-eabi/lib/thumb/v7e-m+fp/hard\libc_nano.a(lib_a-calloc.o)
 .ARM.attributes
                0x0000000000000623       0x34 d:/stm32cubeide_1.6.1/stm32cubeide/plugins/com.st.stm32cube.ide.mcu.externaltools.gnu-tools-for-stm32.9-2020-q2-update.win32_1.5.0.202011040924/tools/bin/../lib/gcc/arm-none-eabi/9.3.1/../../../../arm-none-eabi/lib/thumb/v7e-m+fp/hard\libc_nano.a(lib_a-errno.o)
 .ARM.attributes
                0x0000000000000657       0x34 d:/stm32cubeide_1.6.1/stm32cubeide/plugins/com.st.stm32cube.ide.mcu.externaltools.gnu-tools-for-stm32.9-2020-q2-update.win32_1.5.0.202011040924/tools/bin/../lib/gcc/arm-none-eabi/9.3.1/../../../../arm-none-eabi/lib/thumb/v7e-m+fp/hard\libc_nano.a(lib_a-exit.o)
 .ARM.attributes
                0x000000000000068b       0x34 d:/stm32cubeide_1.6.1/stm32cubeide/plugins/com.st.stm32cube.ide.mcu.externaltools.gnu-tools-for-stm32.9-2020-q2-update.win32_1.5.0.202011040924/tools/bin/../lib/gcc/arm-none-eabi/9.3.1/../../../../arm-none-eabi/lib/thumb/v7e-m+fp/hard\libc_nano.a(lib_a-fprintf.o)
 .ARM.attributes
                0x00000000000006bf       0x32 d:/stm32cubeide_1.6.1/stm32cubeide/plugins/com.st.stm32cube.ide.mcu.externaltools.gnu-tools-for-stm32.9-2020-q2-update.win32_1.5.0.202011040924/tools/bin/../lib/gcc/arm-none-eabi/9.3.1/../../../../arm-none-eabi/lib/thumb/v7e-m+fp/hard\libc_nano.a(lib_a-impure.o)
 .ARM.attributes
                0x00000000000006f1       0x34 d:/stm32cubeide_1.6.1/stm32cubeide/plugins/com.st.stm32cube.ide.mcu.externaltools.gnu-tools-for-stm32.9-2020-q2-update.win32_1.5.0.202011040924/tools/bin/../lib/gcc/arm-none-eabi/9.3.1/../../../../arm-none-eabi/lib/thumb/v7e-m+fp/hard\libc_nano.a(lib_a-init.o)
 .ARM.attributes
                0x0000000000000725       0x34 d:/stm32cubeide_1.6.1/stm32cubeide/plugins/com.st.stm32cube.ide.mcu.externaltools.gnu-tools-for-stm32.9-2020-q2-update.win32_1.5.0.202011040924/tools/bin/../lib/gcc/arm-none-eabi/9.3.1/../../../../arm-none-eabi/lib/thumb/v7e-m+fp/hard\libc_nano.a(lib_a-malloc.o)
 .ARM.attributes
                0x0000000000000759       0x34 d:/stm32cubeide_1.6.1/stm32cubeide/plugins/com.st.stm32cube.ide.mcu.externaltools.gnu-tools-for-stm32.9-2020-q2-update.win32_1.5.0.202011040924/tools/bin/../lib/gcc/arm-none-eabi/9.3.1/../../../../arm-none-eabi/lib/thumb/v7e-m+fp/hard\libc_nano.a(lib_a-memcpy-stub.o)
 .ARM.attributes
                0x000000000000078d       0x34 d:/stm32cubeide_1.6.1/stm32cubeide/plugins/com.st.stm32cube.ide.mcu.externaltools.gnu-tools-for-stm32.9-2020-q2-update.win32_1.5.0.202011040924/tools/bin/../lib/gcc/arm-none-eabi/9.3.1/../../../../arm-none-eabi/lib/thumb/v7e-m+fp/hard\libc_nano.a(lib_a-memset.o)
 .ARM.attributes
                0x00000000000007c1       0x34 d:/stm32cubeide_1.6.1/stm32cubeide/plugins/com.st.stm32cube.ide.mcu.externaltools.gnu-tools-for-stm32.9-2020-q2-update.win32_1.5.0.202011040924/tools/bin/../lib/gcc/arm-none-eabi/9.3.1/../../../../arm-none-eabi/lib/thumb/v7e-m+fp/hard\libc_nano.a(lib_a-nano-callocr.o)
 .ARM.attributes
                0x00000000000007f5       0x34 d:/stm32cubeide_1.6.1/stm32cubeide/plugins/com.st.stm32cube.ide.mcu.externaltools.gnu-tools-for-stm32.9-2020-q2-update.win32_1.5.0.202011040924/tools/bin/../lib/gcc/arm-none-eabi/9.3.1/../../../../arm-none-eabi/lib/thumb/v7e-m+fp/hard\libc_nano.a(lib_a-nano-freer.o)
 .ARM.attributes
                0x0000000000000829       0x34 d:/stm32cubeide_1.6.1/stm32cubeide/plugins/com.st.stm32cube.ide.mcu.externaltools.gnu-tools-for-stm32.9-2020-q2-update.win32_1.5.0.202011040924/tools/bin/../lib/gcc/arm-none-eabi/9.3.1/../../../../arm-none-eabi/lib/thumb/v7e-m+fp/hard\libc_nano.a(lib_a-nano-mallocr.o)
 .ARM.attributes
                0x000000000000085d       0x34 d:/stm32cubeide_1.6.1/stm32cubeide/plugins/com.st.stm32cube.ide.mcu.externaltools.gnu-tools-for-stm32.9-2020-q2-update.win32_1.5.0.202011040924/tools/bin/../lib/gcc/arm-none-eabi/9.3.1/../../../../arm-none-eabi/lib/thumb/v7e-m+fp/hard\libc_nano.a(lib_a-nano-vfprintf.o)
 .ARM.attributes
                0x0000000000000891       0x34 d:/stm32cubeide_1.6.1/stm32cubeide/plugins/com.st.stm32cube.ide.mcu.externaltools.gnu-tools-for-stm32.9-2020-q2-update.win32_1.5.0.202011040924/tools/bin/../lib/gcc/arm-none-eabi/9.3.1/../../../../arm-none-eabi/lib/thumb/v7e-m+fp/hard\libc_nano.a(lib_a-nano-vfprintf_i.o)
 .ARM.attributes
                0x00000000000008c5       0x34 d:/stm32cubeide_1.6.1/stm32cubeide/plugins/com.st.stm32cube.ide.mcu.externaltools.gnu-tools-for-stm32.9-2020-q2-update.win32_1.5.0.202011040924/tools/bin/../lib/gcc/arm-none-eabi/9.3.1/../../../../arm-none-eabi/lib/thumb/v7e-m+fp/hard\libc_nano.a(lib_a-printf.o)
 .ARM.attributes
                0x00000000000008f9       0x34 d:/stm32cubeide_1.6.1/stm32cubeide/plugins/com.st.stm32cube.ide.mcu.externaltools.gnu-tools-for-stm32.9-2020-q2-update.win32_1.5.0.202011040924/tools/bin/../lib/gcc/arm-none-eabi/9.3.1/../../../../arm-none-eabi/lib/thumb/v7e-m+fp/hard\libc_nano.a(lib_a-realloc.o)
 .ARM.attributes
                0x000000000000092d       0x34 d:/stm32cubeide_1.6.1/stm32cubeide/plugins/com.st.stm32cube.ide.mcu.externaltools.gnu-tools-for-stm32.9-2020-q2-update.win32_1.5.0.202011040924/tools/bin/../lib/gcc/arm-none-eabi/9.3.1/../../../../arm-none-eabi/lib/thumb/v7e-m+fp/hard\libc_nano.a(lib_a-sbrkr.o)
 .ARM.attributes
                0x0000000000000961       0x34 d:/stm32cubeide_1.6.1/stm32cubeide/plugins/com.st.stm32cube.ide.mcu.externaltools.gnu-tools-for-stm32.9-2020-q2-update.win32_1.5.0.202011040924/tools/bin/../lib/gcc/arm-none-eabi/9.3.1/../../../../arm-none-eabi/lib/thumb/v7e-m+fp/hard\libc_nano.a(lib_a-strerror.o)
 .ARM.attributes
                0x0000000000000995       0x34 d:/stm32cubeide_1.6.1/stm32cubeide/plugins/com.st.stm32cube.ide.mcu.externaltools.gnu-tools-for-stm32.9-2020-q2-update.win32_1.5.0.202011040924/tools/bin/../lib/gcc/arm-none-eabi/9.3.1/../../../../arm-none-eabi/lib/thumb/v7e-m+fp/hard\libc_nano.a(lib_a-u_strerr.o)
 .ARM.attributes
                0x00000000000009c9       0x34 d:/stm32cubeide_1.6.1/stm32cubeide/plugins/com.st.stm32cube.ide.mcu.externaltools.gnu-tools-for-stm32.9-2020-q2-update.win32_1.5.0.202011040924/tools/bin/../lib/gcc/arm-none-eabi/9.3.1/../../../../arm-none-eabi/lib/thumb/v7e-m+fp/hard\libc_nano.a(lib_a-wbuf.o)
 .ARM.attributes
                0x00000000000009fd       0x34 d:/stm32cubeide_1.6.1/stm32cubeide/plugins/com.st.stm32cube.ide.mcu.externaltools.gnu-tools-for-stm32.9-2020-q2-update.win32_1.5.0.202011040924/tools/bin/../lib/gcc/arm-none-eabi/9.3.1/../../../../arm-none-eabi/lib/thumb/v7e-m+fp/hard\libc_nano.a(lib_a-wsetup.o)
 .ARM.attributes
                0x0000000000000a31       0x34 d:/stm32cubeide_1.6.1/stm32cubeide/plugins/com.st.stm32cube.ide.mcu.externaltools.gnu-tools-for-stm32.9-2020-q2-update.win32_1.5.0.202011040924/tools/bin/../lib/gcc/arm-none-eabi/9.3.1/../../../../arm-none-eabi/lib/thumb/v7e-m+fp/hard\libc_nano.a(lib_a-fflush.o)
 .ARM.attributes
                0x0000000000000a65       0x34 d:/stm32cubeide_1.6.1/stm32cubeide/plugins/com.st.stm32cube.ide.mcu.externaltools.gnu-tools-for-stm32.9-2020-q2-update.win32_1.5.0.202011040924/tools/bin/../lib/gcc/arm-none-eabi/9.3.1/../../../../arm-none-eabi/lib/thumb/v7e-m+fp/hard\libc_nano.a(lib_a-findfp.o)
 .ARM.attributes
                0x0000000000000a99       0x34 d:/stm32cubeide_1.6.1/stm32cubeide/plugins/com.st.stm32cube.ide.mcu.externaltools.gnu-tools-for-stm32.9-2020-q2-update.win32_1.5.0.202011040924/tools/bin/../lib/gcc/arm-none-eabi/9.3.1/../../../../arm-none-eabi/lib/thumb/v7e-m+fp/hard\libc_nano.a(lib_a-fwalk.o)
 .ARM.attributes
                0x0000000000000acd       0x34 d:/stm32cubeide_1.6.1/stm32cubeide/plugins/com.st.stm32cube.ide.mcu.externaltools.gnu-tools-for-stm32.9-2020-q2-update.win32_1.5.0.202011040924/tools/bin/../lib/gcc/arm-none-eabi/9.3.1/../../../../arm-none-eabi/lib/thumb/v7e-m+fp/hard\libc_nano.a(lib_a-lock.o)
 .ARM.attributes
                0x0000000000000b01       0x34 d:/stm32cubeide_1.6.1/stm32cubeide/plugins/com.st.stm32cube.ide.mcu.externaltools.gnu-tools-for-stm32.9-2020-q2-update.win32_1.5.0.202011040924/tools/bin/../lib/gcc/arm-none-eabi/9.3.1/../../../../arm-none-eabi/lib/thumb/v7e-m+fp/hard\libc_nano.a(lib_a-makebuf.o)
 .ARM.attributes
                0x0000000000000b35       0x1c d:/stm32cubeide_1.6.1/stm32cubeide/plugins/com.st.stm32cube.ide.mcu.externaltools.gnu-tools-for-stm32.9-2020-q2-update.win32_1.5.0.202011040924/tools/bin/../lib/gcc/arm-none-eabi/9.3.1/../../../../arm-none-eabi/lib/thumb/v7e-m+fp/hard\libc_nano.a(lib_a-memchr.o)
 .ARM.attributes