Archive member included to satisfy reference by file (symbol)

d:/stm32cubeide_1.6.1/stm32cubeide/plugins/com.st.stm32cube.ide.mcu.externaltools.gnu-tools-for-stm32.9-2020-q2-update.win32_1.5.0.202011040924/tools/bin/../lib/gcc/arm-none-eabi/9.3.1/../../../../arm-none-eabi/lib/thumb/v7e-m+fp/hard\libc_nano.a(lib_a-calloc.o)
                              Core/Src/main.o (calloc)
d:/stm32cubeide_1.6.1/stm32cubeide/plugins/com.st.stm32cube.ide.mcu.externaltools.gnu-tools-for-stm32.9-2020-q2-update.win32_1.5.0.202011040924/tools/bin/../lib/gcc/arm-none-eabi/9.3.1/../../../../arm-none-eabi/lib/thumb/v7e-m+fp/hard\libc_nano.a(lib_a-errno.o)
                              Core/Src/main.o (__errno)
d:/stm32cubeide_1.6.1/stm32cubeide/plugins/com.st.stm32cube.ide.mcu.externaltools.gnu-tools-for-stm32.9-2020-q2-update.win32_1.5.0.202011040924/tools/bin/../lib/gcc/arm-none-eabi/9.3.1/../../../../arm-none-eabi/lib/thumb/v7e-m+fp/hard\libc_nano.a(lib_a-exit.o)
                              d:/stm32cubeide_1.6.1/stm32cubeide/plugins/com.st.stm32cube.ide.mcu.externaltools.gnu-tools-for-stm32.9-2020-q2-update.win32_1.5.0.202011040924/tools/bin/../lib/gcc/arm-none-eabi/9.3.1/../../../../arm-none-eabi/lib/thumb/v7e-m+fp/hard/crt0.o (exit)
d:/stm32cubeide_1.6.1/stm32cubeide/plugins/com.st.stm32cube.ide.mcu.externaltools.gnu-tools-for-stm32.9-2020-q2-update.win32_1.5.0.202011040924/tools/bin/../lib/gcc/arm-none-eabi/9.3.1/../../../../arm-none-eabi/lib/thumb/v7e-m+fp/hard\libc_nano.a(lib_a-fprintf.o)
                              Core/Src/main.o (fprintf)
d:/stm32cubeide_1.6.1/stm32cubeide/plugins/com.st.stm32cube.ide.mcu.externaltools.gnu-tools-for-stm32.9-2020-q2-update.win32_1.5.0.202011040924/tools/bin/../lib/gcc/arm-none-eabi/9.3.1/../../../../arm-none-eabi/lib/thumb/v7e-m+fp/hard\libc_nano.a(lib_a-fwrite.o)
                              FreeRTOS/gc.o (fwrite)
d:/stm32cubeide_1.6.1/stm32cubeide/plugins/com.st.stm32cube.ide.mcu.externaltools.gnu-tools-for-stm32.9-2020-q2-update.win32_1.5.0.202011040924/tools/bin/../lib/gcc/arm-none-eabi/9.3.1/../../../../arm-none-eabi/lib/thumb/v7e-m+fp/hard\libc_nano.a(lib_a-impure.o)
                              d:/stm32cubeide_1.6.1/stm32cubeide/plugins/com.st.stm32cube.ide.mcu.externaltools.gnu-tools-for-stm32.9-2020-q2-update.win32_1.5.0.202011040924/tools/bin/../lib/gcc/arm-none-eabi/9.3.1/../../../../arm-none-eabi/lib/thumb/v7e-m+fp/hard\libc_nano.a(lib_a-exit.o) (_global_impure_ptr)
d:/stm32cubeide_1.6.1/stm32cubeide/plugins/com.st.stm32cube.ide.mcu.externaltools.gnu-tools-for-stm32.9-2020-q2-update.win32_1.5.0.202011040924/tools/bin/../lib/gcc/arm-none-eabi/9.3.1/../../../../arm-none-eabi/lib/thumb/v7e-m+fp/hard\libc_nano.a(lib_a-init.o)
                              d:/stm32cubeide_1.6.1/stm32cubeide/plugins/com.st.stm32cube.ide.mcu.externaltools.gnu-tools-for-stm32.9-2020-q2-update.win32_1.5.0.202011040924/tools/bin/../lib/gcc/arm-none-eabi/9.3.1/../../../../arm-none-eabi/lib/thumb/v7e-m+fp/hard/crt0.o (__libc_init_array)
d:/stm32cubeide_1.6.1/stm32cubeide/plugins/com.st.stm32cube.ide.mcu.externaltools.gnu-tools-for-stm32.9-2020-q2-update.win32_1.5.0.202011040924/tools/bin/../lib/gcc/arm-none-eabi/9.3.1/../../../../arm-none-eabi/lib/thumb/v7e-m+fp/hard\libc_nano.a(lib_a-lock.o)
                              d:/stm32cubeide_1.6.1/stm32cubeide/plugins/com.st.stm32cube.ide.mcu.externaltools.gnu-tools-for-stm32.9-2020-q2-update.win32_1.5.0.202011040924/tools/bin/../lib/gcc/arm-none-eabi/9.3.1/../../../../arm-none-eabi/lib/thumb/v7e-m+fp/hard\libc_nano.a(lib_a-fwrite.o) (__retarget_lock_acquire_recursive)
d:/stm32cubeide_1.6.1/stm32cubeide/plugins/com.st.stm32cube.ide.mcu.externaltools.gnu-tools-for-stm32.9-2020-q2-update.win32_1.5.0.202011040924/tools/bin/../lib/gcc/arm-none-eabi/9.3.1/../../../../arm-none-eabi/lib/thumb/v7e-m+fp/hard\libc_nano.a(lib_a-malloc.o)
                              FreeRTOS/darray.o (malloc)
d:/stm32cubeide_1.6.1/stm32cubeide/plugins/com.st.stm32cube.ide.mcu.externaltools.gnu-tools-for-stm32.9-2020-q2-update.win32_1.5.0.202011040924/tools/bin/../lib/gcc/arm-none-eabi/9.3.1/../../../../arm-none-eabi/lib/thumb/v7e-m+fp/hard\libc_nano.a(lib_a-memcpy-stub.o)
                              FreeRTOS/queue.o (memcpy)
d:/stm32cubeide_1.6.1/stm32cubeide/plugins/com.st.stm32cube.ide.mcu.externaltools.gnu-tools-for-stm32.9-2020-q2-update.win32_1.5.0.202011040924/tools/bin/../lib/gcc/arm-none-eabi/9.3.1/../../../../arm-none-eabi/lib/thumb/v7e-m+fp/hard\libc_nano.a(lib_a-memset.o)
                              d:/stm32cubeide_1.6.1/stm32cubeide/plugins/com.st.stm32cube.ide.mcu.externaltools.gnu-tools-for-stm32.9-2020-q2-update.win32_1.5.0.202011040924/tools/bin/../lib/gcc/arm-none-eabi/9.3.1/../../../../arm-none-eabi/lib/thumb/v7e-m+fp/hard/crt0.o (memset)
[...]
Memory Configuration

Name             Origin             Length             Attributes
CCMRAM           0x0000000010000000 0x0000000000010000 xrw
RAM              0x0000000020000000 0x0000000000020000 xrw
FLASH            0x0000000008000000 0x0000000000100000 xr
*default*        0x0000000000000000 0xffffffffffffffff

Linker script and memory map

LOAD d:/stm32cubeide_1.6.1/stm32cubeide/plugins/com.st.stm32cube.ide.mcu.externaltools.gnu-tools-for-stm32.9-2020-q2-update.win32_1.5.0.202011040924/tools/bin/../lib/gcc/arm-none-eabi/9.3.1/thumb/v7e-m+fp/hard/crti.o
LOAD d:/stm32cubeide_1.6.1/stm32cubeide/plugins/com.st.stm32cube.ide.mcu.externaltools.gnu-tools-for-stm32.9-2020-q2-update.win32_1.5.0.202011040924/tools/bin/../lib/gcc/arm-none-eabi/9.3.1/thumb/v7e-m+fp/hard/crtbegin.o
LOAD d:/stm32cubeide_1.6.1/stm32cubeide/plugins/com.st.stm32cube.ide.mcu.externaltools.gnu-tools-for-stm32.9-2020-q2-update.win32_1.5.0.202011040924/tools/bin/../lib/gcc/arm-none-eabi/9.3.1/../../../../arm-none-eabi/lib/thumb/v7e-m+fp/hard/crt0.o
LOAD Core/Src/main.o
LOAD Core/Src/stm32f4xx_hal_msp.o
LOAD Core/Src/stm32f4xx_hal_timebase_tim.o
LOAD Core/Src/stm32f4xx_it.o
LOAD Core/Src/syscalls.o
LOAD Core/Src/sysmem.o
LOAD Core/Src/system_stm32f4xx.o
LOAD Core/Startup/startup_stm32f407vgtx.o
LOAD Drivers/STM32F4xx_HAL_Driver/Src/stm32f4xx_hal.o
LOAD Drivers/STM32F4xx_HAL_Driver/Src/stm32f4xx_hal_cortex.o
LOAD Drivers/STM32F4xx_HAL_Driver/Src/stm32f4xx_hal_dma.o
LOAD Drivers/STM32F4xx_HAL_Driver/Src/stm32f4xx_hal_dma_ex.o
LOAD Drivers/STM32F4xx_HAL_Driver/Src/stm32f4xx_hal_exti.o
LOAD Drivers/STM32F4xx_HAL_Driver/Src/stm32f4xx_hal_flash.o
LOAD Drivers/STM32F4xx_HAL_Driver/Src/stm32f4xx_hal_flash_ex.o
LOAD Drivers/STM32F4xx_HAL_Driver/Src/stm32f4xx_hal_flash_ramfunc.o
LOAD Drivers/STM32F4xx_HAL_Driver/Src/stm32f4xx_hal_gpio.o
LOAD Drivers/STM32F4xx_HAL_Driver/Src/stm32f4xx_hal_pwr.o
LOAD Drivers/STM32F4xx_HAL_Driver/Src/stm32f4xx_hal_pwr_ex.o
LOAD Drivers/STM32F4xx_HAL_Driver/Src/stm32f4xx_hal_rcc.o
LOAD Drivers/STM32F4xx_HAL_Driver/Src/stm32f4xx_hal_rcc_ex.o
LOAD Drivers/STM32F4xx_HAL_Driver/Src/stm32f4xx_hal_tim.o
LOAD Drivers/STM32F4xx_HAL_Driver/Src/stm32f4xx_hal_tim_ex.o
LOAD Drivers/STM32F4xx_HAL_Driver/Src/stm32f4xx_hal_uart.o
LOAD FreeRTOS/croutine.o
LOAD FreeRTOS/darray.o
LOAD FreeRTOS/event_groups.o
LOAD FreeRTOS/gc.o
LOAD FreeRTOS/gc_hashmap.o
LOAD FreeRTOS/gc_test_setup.o
LOAD FreeRTOS/gc_vector.o
LOAD FreeRTOS/hashmap.o
LOAD FreeRTOS/list.o
LOAD FreeRTOS/object.o
LOAD FreeRTOS/queue.o
LOAD FreeRTOS/state.o
LOAD FreeRTOS/stream_buffer.o
LOAD FreeRTOS/tasks.o
LOAD FreeRTOS/timers.o
LOAD FreeRTOS/vector.o
LOAD FreeRTOS/portable/ARM_CM4F/port.o
LOAD FreeRTOS/portable/MemMang/heap_4.o
START GROUP
LOAD d:/stm32cubeide_1.6.1/stm32cubeide/plugins/com.st.stm32cube.ide.mcu.externaltools.gnu-tools-for-stm32.9-2020-q2-update.win32_1.5.0.202011040924/tools/bin/../lib/gcc/arm-none-eabi/9.3.1/../../../../arm-none-eabi/lib/thumb/v7e-m+fp/hard\libc_nano.a
LOAD d:/stm32cubeide_1.6.1/stm32cubeide/plugins/com.st.stm32cube.ide.mcu.externaltools.gnu-tools-for-stm32.9-2020-q2-update.win32_1.5.0.202011040924/tools/bin/../lib/gcc/arm-none-eabi/9.3.1/../../../../arm-none-eabi/lib/thumb/v7e-m+fp/hard\libm.a
END GROUP
START GROUP
LOAD d:/stm32cubeide_1.6.1/stm32cubeide/plugins/com.st.stm32cube.ide.mcu.externaltools.gnu-tools-for-stm32.9-2020-q2-update.win32_1.5.0.202011040924/tools/bin/../lib/gcc/arm-none-eabi/9.3.1/thumb/v7e-m+fp/hard\libgcc.a
LOAD d:/stm32cubeide_1.6.1/stm32cubeide/plugins/com.st.stm32cube.ide.mcu.externaltools.gnu-tools-for-stm32.9-2020-q2-update.win32_1.5.0.202011040924/tools/bin/../lib/gcc/arm-none-eabi/9.3.1/../../../../arm-none-eabi/lib/thumb/v7e-m+fp/hard\libc_nano.a
END GROUP
START GROUP
LOAD d:/stm32cubeide_1.6.1/stm32cubeide/plugins/com.st.stm32cube.ide.mcu.externaltools.gnu-tools-for-stm32.9-2020-q2-update.win32_1.5.0.202011040924/tools/bin/../lib/gcc/arm-none-eabi/9.3.1/thumb/v7e-m+fp/hard\libgcc.a
LOAD d:/stm32cubeide_1.6.1/stm32cubeide/plugins/com.st.stm32cube.ide.mcu.externaltools.gnu-tools-for-stm32.9-2020-q2-update.win32_1.5.0.202011040924/tools/bin/../lib/gcc/arm-none-eabi/9.3.1/../../../../arm-none-eabi/lib/thumb/v7e-m+fp/hard\libc_nano.a
LOAD d:/stm32cubeide_1.6.1/stm32cubeide/plugins/com.st.stm32cube.ide.mcu.externaltools.gnu-tools-for-stm32.9-2020-q2-update.win32_1.5.0.202011040924/tools/bin/../lib/gcc/arm-none-eabi/9.3.1/../../../../arm-none-eabi/lib/thumb/v7e-m+fp/hard\libnosys.a
END GROUP
START GROUP
LOAD d:/stm32cubeide_1.6.1/stm32cubeide/plugins/com.st.stm32cube.ide.mcu.externaltools.gnu-tools-for-stm32.9-2020-q2-update.win32_1.5.0.202011040924/tools/bin/../lib/gcc/arm-none-eabi/9.3.1/thumb/v7e-m+fp/hard\libgcc.a
LOAD d:/stm32cubeide_1.6.1/stm32cubeide/plugins/com.st.stm32cube.ide.mcu.externaltools.gnu-tools-for-stm32.9-2020-q2-update.win32_1.5.0.202011040924/tools/bin/../lib/gcc/arm-none-eabi/9.3.1/../../../../arm-none-eabi/lib/thumb/v7e-m+fp/hard\libc_nano.a
LOAD d:/stm32cubeide_1.6.1/stm32cubeide/plugins/com.st.stm32cube.ide.mcu.externaltools.gnu-tools-for-stm32.9-2020-q2-update.win32_1.5.0.202011040924/tools/bin/../lib/gcc/arm-none-eabi/9.3.1/../../../../arm-none-eabi/lib/thumb/v7e-m+fp/hard\libnosys.a
END GROUP
LOAD d:/stm32cubeide_1.6.1/stm32cubeide/plugins/com.st.stm32cube.ide.mcu.externaltools.gnu-tools-for-stm32.9-2020-q2-update.win32_1.5.0.202011040924/tools/bin/../lib/gcc/arm-none-eabi/9.3.1/thumb/v7e-m+fp/hard/crtend.o
LOAD d:/stm32cubeide_1.6.1/stm32cubeide/plugins/com.st.stm32cube.ide.mcu.externaltools.gnu-tools-for-stm32.9-2020-q2-update.win32_1.5.0.202011040924/tools/bin/../lib/gcc/arm-none-eabi/9.3.1/thumb/v7e-m+fp/hard/crtn.o
                0x0000000020020000                _estack = (ORIGIN (RAM) + LENGTH (RAM))
                0x0000000000000200                _Min_Heap_Size = 0x200
                0x0000000000000400                _Min_Stack_Size = 0x400

.isr_vector     0x0000000008000000      0x188
                0x0000000008000000                . = ALIGN (0x4)
 *(.isr_vector)
 .isr_vector    0x0000000008000000      0x188 Core/Startup/startup_stm32f407vgtx.o
                0x0000000008000000                g_pfnVectors
                0x0000000008000188                . = ALIGN (0x4)

.text           0x0000000008000190     0x8fb0
                0x0000000008000190                . = ALIGN (0x4)
 *(.text)
 .text          0x0000000008000190       0x40 d:/stm32cubeide_1.6.1/stm32cubeide/plugins/com.st.stm32cube.ide.mcu.externaltools.gnu-tools-for-stm32.9-2020-q2-update.win32_1.5.0.202011040924/tools/bin/../lib/gcc/arm-none-eabi/9.3.1/thumb/v7e-m+fp/hard/crtbegin.o
 .text          0x00000000080001d0       0x14 d:/stm32cubeide_1.6.1/stm32cubeide/plugins/com.st.stm32cube.ide.mcu.externaltools.gnu-tools-for-stm32.9-2020-q2-update.win32_1.5.0.202011040924/tools/bin/../lib/gcc/arm-none-eabi/9.3.1/../../../../arm-none-eabi/lib/thumb/v7e-m+fp/hard\libc_nano.a(lib_a-strcmp.o)
                0x00000000080001d0                strcmp
 .text          0x00000000080001e4       0x10 d:/stm32cubeide_1.6.1/stm32cubeide/plugins/com.st.stm32cube.ide.mcu.externaltools.gnu-tools-for-stm32.9-2020-q2-update.win32_1.5.0.202011040924/tools/bin/../lib/gcc/arm-none-eabi/9.3.1/../../../../arm-none-eabi/lib/thumb/v7e-m+fp/hard\libc_nano.a(lib_a-strlen.o)
                0x00000000080001e4                strlen
 *fill*         0x00000000080001f4        0xc 
 .text          0x0000000008000200       0xa0 d:/stm32cubeide_1.6.1/stm32cubeide/plugins/com.st.stm32cube.ide.mcu.externaltools.gnu-tools-for-stm32.9-2020-q2-update.win32_1.5.0.202011040924/tools/bin/../lib/gcc/arm-none-eabi/9.3.1/../../../../arm-none-eabi/lib/thumb/v7e-m+fp/hard\libc_nano.a(lib_a-memchr.o)
                0x0000000008000200                memchr
 .text          0x00000000080002a0      0x378 d:/stm32cubeide_1.6.1/stm32cubeide/plugins/com.st.stm32cube.ide.mcu.externaltools.gnu-tools-for-stm32.9-2020-q2-update.win32_1.5.0.202011040924/tools/bin/../lib/gcc/arm-none-eabi/9.3.1/thumb/v7e-m+fp/hard\libgcc.a(_arm_addsubdf3.o)
                0x00000000080002a0                __aeabi_drsub
                0x00000000080002a8                __aeabi_dsub
                0x00000000080002a8                __subdf3
                0x00000000080002ac                __aeabi_dadd
                0x00000000080002ac                __adddf3
                0x0000000008000524                __floatunsidf
                0x0000000008000524                __aeabi_ui2d
                0x0000000008000544                __floatsidf
                0x0000000008000544                __aeabi_i2d
                0x0000000008000568                __aeabi_f2d
                0x0000000008000568                __extendsfdf2
                0x00000000080005ac                __floatundidf
                0x00000000080005ac                __aeabi_ul2d
                0x00000000080005bc                __floatdidf
                0x00000000080005bc                __aeabi_l2d
 .text          0x0000000008000618       0x50 d:/stm32cubeide_1.6.1/stm32cubeide/plugins/com.st.stm32cube.ide.mcu.externaltools.gnu-tools-for-stm32.9-2020-q2-update.win32_1.5.0.202011040924/tools/bin/../lib/gcc/arm-none-eabi/9.3.1/thumb/v7e-m+fp/hard\libgcc.a(_arm_fixdfsi.o)
                0x0000000008000618                __aeabi_d2iz
                0x0000000008000618                __fixdfsi
 .text          0x0000000008000668       0x30 d:/stm32cubeide_1.6.1/stm32cubeide/plugins/com.st.stm32cube.ide.mcu.externaltools.gnu-tools-for-stm32.9-2020-q2-update.win32_1.5.0.202011040924/tools/bin/../lib/gcc/arm-none-eabi/9.3.1/thumb/v7e-m+fp/hard\libgcc.a(_aeabi_uldivmod.o)
                0x0000000008000668                __aeabi_uldivmod
 .text          0x0000000008000698      0x2c4 d:/stm32cubeide_1.6.1/stm32cubeide/plugins/com.st.stm32cube.ide.mcu.externaltools.gnu-tools-for-stm32.9-2020-q2-update.win32_1.5.0.202011040924/tools/bin/../lib/gcc/arm-none-eabi/9.3.1/thumb/v7e-m+fp/hard\libgcc.a(_udivmoddi4.o)
                0x0000000008000698                __udivmoddi4
 .text          0x000000000800095c        0x4 d:/stm32cubeide_1.6.1/stm32cubeide/plugins/com.st.stm32cube.ide.mcu.externaltools.gnu-tools-for-stm32.9-2020-q2-update.win32_1.5.0.202011040924/tools/bin/../lib/gcc/arm-none-eabi/9.3.1/thumb/v7e-m+fp/hard\libgcc.a(_dvmd_tls.o)
                0x000000000800095c                __aeabi_idiv0
                0x000000000800095c                __aeabi_ldiv0
 *(.text*)
 .text.__io_putchar
                0x0000000008000960       0x24 Core/Src/main.o
                0x0000000008000960                __io_putchar
 .text.main     0x0000000008000984       0xbc Core/Src/main.o
                0x0000000008000984                main
 .text.SystemClock_Config
                0x0000000008000a40       0xbc Core/Src/main.o
                0x0000000008000a40                SystemClock_Config
 .text.MX_UART4_Init
                0x0000000008000afc       0x54 Core/Src/main.o
 .text.MX_GPIO_Init
                0x0000000008000b50       0x34 Core/Src/main.o
 .text.hashmap_test
                0x0000000008000b84      0x5f4 Core/Src/main.o
                0x0000000008000b84                hashmap_test
 .text.HAL_TIM_PeriodElapsedCallback
                0x0000000008001178       0x24 Core/Src/main.o
                0x0000000008001178                HAL_TIM_PeriodElapsedCallback
 .text.Error_Handler
                0x000000000800119c        0xa Core/Src/main.o
                0x000000000800119c                Error_Handler
 *fill*         0x00000000080011a6        0x2 
 .text.HAL_MspInit
                0x00000000080011a8       0x50 Core/Src/stm32f4xx_hal_msp.o
                0x00000000080011a8                HAL_MspInit
 .text.HAL_UART_MspInit
                0x00000000080011f8       0x90 Core/Src/stm32f4xx_hal_msp.o
                0x00000000080011f8                HAL_UART_MspInit
 .text.HAL_InitTick
                0x0000000008001288       0xb0 Core/Src/stm32f4xx_hal_timebase_tim.o
                0x0000000008001288                HAL_InitTick
 .text.NMI_Handler
                0x0000000008001338        0x6 Core/Src/stm32f4xx_it.o
                0x0000000008001338                NMI_Handler
 .text.HardFault_Handler
                0x000000000800133e        0x6 Core/Src/stm32f4xx_it.o
                0x000000000800133e                HardFault_Handler
 .text.MemManage_Handler
                0x0000000008001344        0x6 Core/Src/stm32f4xx_it.o
                0x0000000008001344                MemManage_Handler
 .text.BusFault_Handler
                0x000000000800134a        0x6 Core/Src/stm32f4xx_it.o
                0x000000000800134a                BusFault_Handler
 .text.UsageFault_Handler
                0x0000000008001350        0x6 Core/Src/stm32f4xx_it.o
                0x0000000008001350                UsageFault_Handler
 .text.DebugMon_Handler
                0x0000000008001356        0xe Core/Src/stm32f4xx_it.o
                0x0000000008001356                DebugMon_Handler
 .text.TIM7_IRQHandler
                0x0000000008001364       0x14 Core/Src/stm32f4xx_it.o
                0x0000000008001364                TIM7_IRQHandler
 .text._kill    0x0000000008001378       0x20 Core/Src/syscalls.o
                0x0000000008001378                _kill
 .text._exit    0x0000000008001398       0x14 Core/Src/syscalls.o
                0x0000000008001398                _exit
 .text._read    0x00000000080013ac       0x3a Core/Src/syscalls.o
                0x00000000080013ac                _read
 .text._write   0x00000000080013e6       0x38 Core/Src/syscalls.o
                0x00000000080013e6                _write
 .text._close   0x000000000800141e       0x18 Core/Src/syscalls.o
                0x000000000800141e                _close
 .text._fstat   0x0000000008001436       0x20 Core/Src/syscalls.o
                0x0000000008001436                _fstat
 .text._isatty  0x0000000008001456       0x16 Core/Src/syscalls.o
                0x0000000008001456                _isatty
 .text._lseek   0x000000000800146c       0x1a Core/Src/syscalls.o
                0x000000000800146c                _lseek
 *fill*         0x0000000008001486        0x2 
 .text._sbrk    0x0000000008001488       0x6c Core/Src/sysmem.o
                0x0000000008001488                _sbrk
 .text.SystemInit
                0x00000000080014f4       0x24 Core/Src/system_stm32f4xx.o
                0x00000000080014f4                SystemInit
 .text.Reset_Handler
                0x0000000008001518       0x50 Core/Startup/startup_stm32f407vgtx.o
                0x0000000008001518                Reset_Handler
 .text.Default_Handler
                0x0000000008001568        0x2 Core/Startup/startup_stm32f407vgtx.o
                0x0000000008001568                RTC_Alarm_IRQHandler
                0x0000000008001568                HASH_RNG_IRQHandler
                0x0000000008001568                EXTI2_IRQHandler
                0x0000000008001568                TIM8_CC_IRQHandler
                0x0000000008001568                TIM1_CC_IRQHandler
                0x0000000008001568                DMA2_Stream5_IRQHandler
                0x0000000008001568                DMA1_Stream5_IRQHandler
                0x0000000008001568                PVD_IRQHandler
                0x0000000008001568                SDIO_IRQHandler
                0x0000000008001568                TAMP_STAMP_IRQHandler
                0x0000000008001568                CAN2_RX1_IRQHandler
                0x0000000008001568                EXTI3_IRQHandler
                0x0000000008001568                TIM8_TRG_COM_TIM14_IRQHandler
                0x0000000008001568                TIM1_UP_TIM10_IRQHandler
                0x0000000008001568                TIM8_UP_TIM13_IRQHandler
                0x0000000008001568                I2C3_ER_IRQHandler
                0x0000000008001568                EXTI0_IRQHandler
                0x0000000008001568                I2C2_EV_IRQHandler
                0x0000000008001568                DMA1_Stream2_IRQHandler
                0x0000000008001568                CAN1_RX0_IRQHandler
                0x0000000008001568                FPU_IRQHandler
                0x0000000008001568                OTG_HS_WKUP_IRQHandler
                0x0000000008001568                CAN2_SCE_IRQHandler
                0x0000000008001568                DMA2_Stream2_IRQHandler
                0x0000000008001568                SPI1_IRQHandler
                0x0000000008001568                TIM6_DAC_IRQHandler
                0x0000000008001568                TIM1_BRK_TIM9_IRQHandler
                0x0000000008001568                DCMI_IRQHandler
                0x0000000008001568                CAN2_RX0_IRQHandler
                0x0000000008001568                DMA2_Stream3_IRQHandler
                0x0000000008001568                USART6_IRQHandler
                0x0000000008001568                USART3_IRQHandler
                0x0000000008001568                CAN1_RX1_IRQHandler
                0x0000000008001568                UART5_IRQHandler
                0x0000000008001568                DMA2_Stream0_IRQHandler
                0x0000000008001568                TIM4_IRQHandler
                0x0000000008001568                I2C1_EV_IRQHandler
                0x0000000008001568                DMA1_Stream6_IRQHandler
                0x0000000008001568                DMA1_Stream1_IRQHandler
                0x0000000008001568                UART4_IRQHandler
                0x0000000008001568                TIM3_IRQHandler
                0x0000000008001568                RCC_IRQHandler
                0x0000000008001568                TIM8_BRK_TIM12_IRQHandler
                0x0000000008001568                Default_Handler
                0x0000000008001568                EXTI15_10_IRQHandler
                0x0000000008001568                ADC_IRQHandler
                0x0000000008001568                DMA1_Stream7_IRQHandler
                0x0000000008001568                CAN2_TX_IRQHandler
                0x0000000008001568                TIM5_IRQHandler
                0x0000000008001568                DMA2_Stream7_IRQHandler
                0x0000000008001568                I2C3_EV_IRQHandler
                0x0000000008001568                EXTI9_5_IRQHandler
                0x0000000008001568                RTC_WKUP_IRQHandler
                0x0000000008001568                ETH_WKUP_IRQHandler
                0x0000000008001568                SPI2_IRQHandler
                0x0000000008001568                OTG_HS_EP1_IN_IRQHandler
                0x0000000008001568                DMA1_Stream0_IRQHandler
                0x0000000008001568                CAN1_TX_IRQHandler
                0x0000000008001568                EXTI4_IRQHandler
                0x0000000008001568                FSMC_IRQHandler
                0x0000000008001568                ETH_IRQHandler
                0x0000000008001568                OTG_HS_EP1_OUT_IRQHandler
                0x0000000008001568                WWDG_IRQHandler
                0x0000000008001568                TIM2_IRQHandler
                0x0000000008001568                OTG_FS_WKUP_IRQHandler
                0x0000000008001568                TIM1_TRG_COM_TIM11_IRQHandler
                0x0000000008001568                OTG_HS_IRQHandler
                0x0000000008001568                EXTI1_IRQHandler
                0x0000000008001568                USART2_IRQHandler
                0x0000000008001568                I2C2_ER_IRQHandler
                0x0000000008001568                DMA2_Stream1_IRQHandler
                0x0000000008001568                CAN1_SCE_IRQHandler
                0x0000000008001568                FLASH_IRQHandler
                0x0000000008001568                DMA2_Stream4_IRQHandler
                0x0000000008001568                USART1_IRQHandler
                0x0000000008001568                OTG_FS_IRQHandler
                0x0000000008001568                SPI3_IRQHandler
                0x0000000008001568                DMA1_Stream4_IRQHandler
                0x0000000008001568                I2C1_ER_IRQHandler
                0x0000000008001568                DMA2_Stream6_IRQHandler
                0x0000000008001568                DMA1_Stream3_IRQHandler
 *fill*         0x000000000800156a        0x2 
 .text.HAL_Init
                0x000000000800156c       0x44 Drivers/STM32F4xx_HAL_Driver/Src/stm32f4xx_hal.o
                0x000000000800156c                HAL_Init
 .text.HAL_IncTick
                0x00000000080015b0       0x28 Drivers/STM32F4xx_HAL_Driver/Src/stm32f4xx_hal.o
                0x00000000080015b0                HAL_IncTick
 .text.HAL_GetTick
                0x00000000080015d8       0x18 Drivers/STM32F4xx_HAL_Driver/Src/stm32f4xx_hal.o
                0x00000000080015d8                HAL_GetTick
 .text.__NVIC_SetPriorityGrouping
                0x00000000080015f0       0x48 Drivers/STM32F4xx_HAL_Driver/Src/stm32f4xx_hal_cortex.o
 .text.__NVIC_GetPriorityGrouping
                0x0000000008001638       0x1c Drivers/STM32F4xx_HAL_Driver/Src/stm32f4xx_hal_cortex.o
 .text.__NVIC_EnableIRQ
                0x0000000008001654       0x3c Drivers/STM32F4xx_HAL_Driver/Src/stm32f4xx_hal_cortex.o
 .text.__NVIC_SetPriority
                0x0000000008001690       0x54 Drivers/STM32F4xx_HAL_Driver/Src/stm32f4xx_hal_cortex.o
 .text.NVIC_EncodePriority
                0x00000000080016e4       0x66 Drivers/STM32F4xx_HAL_Driver/Src/stm32f4xx_hal_cortex.o
 .text.HAL_NVIC_SetPriorityGrouping
                0x000000000800174a       0x16 Drivers/STM32F4xx_HAL_Driver/Src/stm32f4xx_hal_cortex.o
                0x000000000800174a                HAL_NVIC_SetPriorityGrouping
 .text.HAL_NVIC_SetPriority
                0x0000000008001760       0x38 Drivers/STM32F4xx_HAL_Driver/Src/stm32f4xx_hal_cortex.o
                0x0000000008001760                HAL_NVIC_SetPriority
 .text.HAL_NVIC_EnableIRQ
                0x0000000008001798       0x1c Drivers/STM32F4xx_HAL_Driver/Src/stm32f4xx_hal_cortex.o
                0x0000000008001798                HAL_NVIC_EnableIRQ
 .text.HAL_GPIO_Init
                0x00000000080017b4      0x338 Drivers/STM32F4xx_HAL_Driver/Src/stm32f4xx_hal_gpio.o
                0x00000000080017b4                HAL_GPIO_Init
 .text.HAL_RCC_OscConfig
                0x0000000008001aec      0x4f0 Drivers/STM32F4xx_HAL_Driver/Src/stm32f4xx_hal_rcc.o
                0x0000000008001aec                HAL_RCC_OscConfig
 .text.HAL_RCC_ClockConfig
                0x0000000008001fdc      0x1cc Drivers/STM32F4xx_HAL_Driver/Src/stm32f4xx_hal_rcc.o
                0x0000000008001fdc                HAL_RCC_ClockConfig
 .text.HAL_RCC_GetSysClockFreq
                0x00000000080021a8      0x16c Drivers/STM32F4xx_HAL_Driver/Src/stm32f4xx_hal_rcc.o
                0x00000000080021a8                HAL_RCC_GetSysClockFreq
 .text.HAL_RCC_GetHCLKFreq
                0x0000000008002314       0x18 Drivers/STM32F4xx_HAL_Driver/Src/stm32f4xx_hal_rcc.o
                0x0000000008002314                HAL_RCC_GetHCLKFreq
 .text.HAL_RCC_GetPCLK1Freq
                0x000000000800232c       0x28 Drivers/STM32F4xx_HAL_Driver/Src/stm32f4xx_hal_rcc.o
                0x000000000800232c                HAL_RCC_GetPCLK1Freq
 .text.HAL_RCC_GetPCLK2Freq
                0x0000000008002354       0x28 Drivers/STM32F4xx_HAL_Driver/Src/stm32f4xx_hal_rcc.o
                0x0000000008002354                HAL_RCC_GetPCLK2Freq
 .text.HAL_RCC_GetClockConfig
                0x000000000800237c       0x64 Drivers/STM32F4xx_HAL_Driver/Src/stm32f4xx_hal_rcc.o
                0x000000000800237c                HAL_RCC_GetClockConfig
 .text.HAL_TIM_Base_Init
                0x00000000080023e0       0x9e Drivers/STM32F4xx_HAL_Driver/Src/stm32f4xx_hal_tim.o
                0x00000000080023e0                HAL_TIM_Base_Init
 .text.HAL_TIM_Base_MspInit
                0x000000000800247e       0x14 Drivers/STM32F4xx_HAL_Driver/Src/stm32f4xx_hal_tim.o
                0x000000000800247e                HAL_TIM_Base_MspInit
 *fill*         0x0000000008002492        0x2 
 .text.HAL_TIM_Base_Start_IT
                0x0000000008002494       0xe0 Drivers/STM32F4xx_HAL_Driver/Src/stm32f4xx_hal_tim.o
                0x0000000008002494                HAL_TIM_Base_Start_IT
 .text.HAL_TIM_IRQHandler
                0x0000000008002574      0x210 Drivers/STM32F4xx_HAL_Driver/Src/stm32f4xx_hal_tim.o
                0x0000000008002574                HAL_TIM_IRQHandler
 .text.HAL_TIM_OC_DelayElapsedCallback
                0x0000000008002784       0x14 Drivers/STM32F4xx_HAL_Driver/Src/stm32f4xx_hal_tim.o
                0x0000000008002784                HAL_TIM_OC_DelayElapsedCallback
 .text.HAL_TIM_IC_CaptureCallback
                0x0000000008002798       0x14 Drivers/STM32F4xx_HAL_Driver/Src/stm32f4xx_hal_tim.o
                0x0000000008002798                HAL_TIM_IC_CaptureCallback
 .text.HAL_TIM_PWM_PulseFinishedCallback
                0x00000000080027ac       0x14 Drivers/STM32F4xx_HAL_Driver/Src/stm32f4xx_hal_tim.o
                0x00000000080027ac                HAL_TIM_PWM_PulseFinishedCallback
 .text.HAL_TIM_TriggerCallback
                0x00000000080027c0       0x14 Drivers/STM32F4xx_HAL_Driver/Src/stm32f4xx_hal_tim.o
                0x00000000080027c0                HAL_TIM_TriggerCallback
 .text.TIM_Base_SetConfig
                0x00000000080027d4      0x140 Drivers/STM32F4xx_HAL_Driver/Src/stm32f4xx_hal_tim.o
                0x00000000080027d4                TIM_Base_SetConfig
 .text.HAL_TIMEx_CommutCallback
                0x0000000008002914       0x14 Drivers/STM32F4xx_HAL_Driver/Src/stm32f4xx_hal_tim_ex.o
                0x0000000008002914                HAL_TIMEx_CommutCallback
 .text.HAL_TIMEx_BreakCallback
                0x0000000008002928       0x14 Drivers/STM32F4xx_HAL_Driver/Src/stm32f4xx_hal_tim_ex.o
                0x0000000008002928                HAL_TIMEx_BreakCallback
 .text.HAL_UART_Init
                0x000000000800293c       0x9a Drivers/STM32F4xx_HAL_Driver/Src/stm32f4xx_hal_uart.o
                0x000000000800293c                HAL_UART_Init
 .text.HAL_UART_Transmit
                0x00000000080029d6      0x124 Drivers/STM32F4xx_HAL_Driver/Src/stm32f4xx_hal_uart.o
                0x00000000080029d6                HAL_UART_Transmit
 .text.UART_WaitOnFlagUntilTimeout
                0x0000000008002afa       0x94 Drivers/STM32F4xx_HAL_Driver/Src/stm32f4xx_hal_uart.o
 *fill*         0x0000000008002b8e        0x2 
 .text.UART_SetConfig
                0x0000000008002b90      0x390 Drivers/STM32F4xx_HAL_Driver/Src/stm32f4xx_hal_uart.o
 .text.Tm_DArray_remove
                0x0000000008002f20       0x34 FreeRTOS/darray.o
 .text.Tm_DArray_create
                0x0000000008002f54      0x1a0 FreeRTOS/darray.o
                0x0000000008002f54                Tm_DArray_create
 .text.Tm_DArray_resize
                0x00000000080030f4      0x11c FreeRTOS/darray.o
 .text.Tm_DArray_expand
                0x0000000008003210       0xcc FreeRTOS/darray.o
                0x0000000008003210                Tm_DArray_expand
 .text.Tm_DArray_contract
                0x00000000080032dc       0x2e FreeRTOS/darray.o
                0x00000000080032dc                Tm_DArray_contract
 .text.Tm_DArray_destroy
                0x000000000800330a       0x2e FreeRTOS/darray.o
                0x000000000800330a                Tm_DArray_destroy
 .text.Tm_DArray_push
                0x0000000008003338       0x58 FreeRTOS/darray.o
                0x0000000008003338                Tm_DArray_push
 .text.Tm_DArray_pop
                0x0000000008003390       0xe4 FreeRTOS/darray.o
                0x0000000008003390                Tm_DArray_pop
 .text.Tm_DArray_set
                0x0000000008003474       0x9c FreeRTOS/darray.o
                0x0000000008003474                Tm_DArray_set
 .text.unsnap   0x0000000008003510       0x7a FreeRTOS/gc.o
 .text.insert_in
                0x000000000800358a       0x84 FreeRTOS/gc.o
 .text.make_ecru
                0x000000000800360e       0x68 FreeRTOS/gc.o
                0x000000000800360e                make_ecru
 .text.make_grey
                0x0000000008003676       0x4a FreeRTOS/gc.o
                0x0000000008003676                make_grey
 .text.TmHeap_new
                0x00000000080036c0       0xa4 FreeRTOS/gc.o
                0x00000000080036c0                TmHeap_new
 .text.TmHeap_print
                0x0000000008003764       0xb8 FreeRTOS/gc.o
                0x0000000008003764                TmHeap_print
 .text.TmHeap_print_all
                0x000000000800381c      0x10c FreeRTOS/gc.o
                0x000000000800381c                TmHeap_print_all
 .text.TmHeap_grow
                0x0000000008003928       0x9a FreeRTOS/gc.o
                0x0000000008003928                TmHeap_grow
 .text.TmHeap_distance_between
                0x00000000080039c2       0x3c FreeRTOS/gc.o
 .text.TmHeap_size
                0x00000000080039fe       0x36 FreeRTOS/gc.o
                0x00000000080039fe                TmHeap_size
 .text.TmHeap_white_size
                0x0000000008003a34       0x66 FreeRTOS/gc.o
                0x0000000008003a34                TmHeap_white_size
 .text.TmHeap_ecru_size
                0x0000000008003a9a       0x4c FreeRTOS/gc.o
                0x0000000008003a9a                TmHeap_ecru_size
 .text.TmHeap_grey_size
                0x0000000008003ae6       0x4c FreeRTOS/gc.o
                0x0000000008003ae6                TmHeap_grey_size
 .text.TmHeap_black_size
                0x0000000008003b32       0x4c FreeRTOS/gc.o
                0x0000000008003b32                TmHeap_black_size
 *fill*         0x0000000008003b7e        0x2 
 .text.TmChunk_new
                0x0000000008003b80      0x118 FreeRTOS/gc.o
                0x0000000008003b80                TmChunk_new
 .text.make_grey_if_ecru
                0x0000000008003c98       0x28 FreeRTOS/gc.o
 .text.Tm_scan  0x0000000008003cc0       0x80 FreeRTOS/gc.o
                0x0000000008003cc0                Tm_scan
 .text.Tm_flip  0x0000000008003d40      0x298 FreeRTOS/gc.o
                0x0000000008003d40                Tm_flip
 .text.Tm_allocate
                0x0000000008003fd8      0x168 FreeRTOS/gc.o
                0x0000000008003fd8                Tm_allocate
 .text.Tm_DArray_get
                0x0000000008004140       0x9c FreeRTOS/gc_hashmap.o
 .text.Hashmap_node_create
                0x00000000080041dc       0xb0 FreeRTOS/gc_hashmap.o
 .text.Hashmap_find_bucket
                0x000000000800428c      0x15c FreeRTOS/gc_hashmap.o
 .text.gc_Hashmap_set
                0x00000000080043e8      0x228 FreeRTOS/gc_hashmap.o
                0x00000000080043e8                gc_Hashmap_set
 .text.Hashmap_get_node
                0x0000000008004610       0x68 FreeRTOS/gc_hashmap.o
 .text.gc_Hashmap_get
                0x0000000008004678       0xdc FreeRTOS/gc_hashmap.o
                0x0000000008004678                gc_Hashmap_get
 .text.gc_Hashmap_delete
                0x0000000008004754       0x86 FreeRTOS/gc_hashmap.o
                0x0000000008004754                gc_Hashmap_delete
 .text.test_rootset
                0x00000000080047da       0x5a FreeRTOS/gc_test_setup.o
                0x00000000080047da                test_rootset
 .text.test_scan_pointers
                0x0000000008004834       0x56 FreeRTOS/gc_test_setup.o
                0x0000000008004834                test_scan_pointers
 .text.test_release
                0x000000000800488a       0x16 FreeRTOS/gc_test_setup.o
                0x000000000800488a                test_release
 .text.State_new
                0x00000000080048a0       0x34 FreeRTOS/gc_test_setup.o
                0x00000000080048a0                State_new
 .text.new_heap
                0x00000000080048d4       0x38 FreeRTOS/gc_test_setup.o
                0x00000000080048d4                new_heap
 .text.Tm_DArray_get
                0x000000000800490c       0x9c FreeRTOS/hashmap.o
 .text.default_compare
                0x00000000080049a8       0x1c FreeRTOS/hashmap.o
 .text.default_hash
                0x00000000080049c4       0x80 FreeRTOS/hashmap.o
 .text.Hashmap_create
                0x0000000008004a44      0x150 FreeRTOS/hashmap.o
                0x0000000008004a44                Hashmap_create
 .text.Hashmap_destroy
                0x0000000008004b94       0x9c FreeRTOS/hashmap.o
                0x0000000008004b94                Hashmap_destroy
 .text.vListInitialise
                0x0000000008004c30       0x40 FreeRTOS/list.o
                0x0000000008004c30                vListInitialise
 .text.vListInitialiseItem
                0x0000000008004c70       0x1a FreeRTOS/list.o
                0x0000000008004c70                vListInitialiseItem
 .text.vListInsertEnd
                0x0000000008004c8a       0x48 FreeRTOS/list.o
                0x0000000008004c8a                vListInsertEnd
 .text.vListInsert
                0x0000000008004cd2       0x72 FreeRTOS/list.o
                0x0000000008004cd2                vListInsert
 .text.uxListRemove
                0x0000000008004d44       0x54 FreeRTOS/list.o
                0x0000000008004d44                uxListRemove
 .text.Object_new
                0x0000000008004d98       0xd4 FreeRTOS/object.o
                0x0000000008004d98                Object_new
 .text.String_new
                0x0000000008004e6c       0x2c FreeRTOS/object.o
                0x0000000008004e6c                String_new
 .text.Map_new  0x0000000008004e98       0x2a FreeRTOS/object.o
                0x0000000008004e98                Map_new
 .text.Object_relate
                0x0000000008004ec2       0x3a FreeRTOS/object.o
                0x0000000008004ec2                Object_relate
 .text.Object_make_root
                0x0000000008004efc       0x1e FreeRTOS/object.o
                0x0000000008004efc                Object_make_root
 .text.Object_unrelate
                0x0000000008004f1a       0xc4 FreeRTOS/object.o
                0x0000000008004f1a                Object_unrelate
 .text.Object_destroy
                0x0000000008004fde       0xaa FreeRTOS/object.o
                0x0000000008004fde                Object_destroy
 .text.Object_delete_root
                0x0000000008005088       0xb0 FreeRTOS/object.o
                0x0000000008005088                Object_delete_root
 .text.xQueueGenericReset
                0x0000000008005138       0xd0 FreeRTOS/queue.o
                0x0000000008005138                xQueueGenericReset
 .text.xQueueGenericCreate
                0x0000000008005208       0xbe FreeRTOS/queue.o
                0x0000000008005208                xQueueGenericCreate
 .text.prvInitialiseNewQueue
                0x00000000080052c6       0x46 FreeRTOS/queue.o
 .text.prvInitialiseMutex
                0x000000000800530c       0x34 FreeRTOS/queue.o
 .text.xQueueCreateMutex
                0x0000000008005340       0x30 FreeRTOS/queue.o
                0x0000000008005340                xQueueCreateMutex
 .text.xQueueGenericSend
                0x0000000008005370      0x1fc FreeRTOS/queue.o
                0x0000000008005370                xQueueGenericSend
 .text.xQueueGenericSendFromISR
                0x000000000800556c      0x154 FreeRTOS/queue.o
                0x000000000800556c                xQueueGenericSendFromISR
 .text.xQueueReceive
                0x00000000080056c0      0x1c0 FreeRTOS/queue.o
                0x00000000080056c0                xQueueReceive
 .text.xQueueSemaphoreTake
                0x0000000008005880      0x218 FreeRTOS/queue.o
                0x0000000008005880                xQueueSemaphoreTake
 .text.prvGetDisinheritPriorityAfterTimeout
                0x0000000008005a98       0x30 FreeRTOS/queue.o
 .text.prvCopyDataToQueue
                0x0000000008005ac8       0xd4 FreeRTOS/queue.o
 .text.prvCopyDataFromQueue
                0x0000000008005b9c       0x4c FreeRTOS/queue.o
 .text.prvUnlockQueue
                0x0000000008005be8       0xa4 FreeRTOS/queue.o
 .text.prvIsQueueEmpty
                0x0000000008005c8c       0x2c FreeRTOS/queue.o
 .text.prvIsQueueFull
                0x0000000008005cb8       0x30 FreeRTOS/queue.o
 .text.vQueueAddToRegistry
                0x0000000008005ce8       0x54 FreeRTOS/queue.o
                0x0000000008005ce8                vQueueAddToRegistry
 .text.vQueueWaitForMessageRestricted
                0x0000000008005d3c       0x68 FreeRTOS/queue.o
                0x0000000008005d3c                vQueueWaitForMessageRestricted
 .text.xTaskCreate
                0x0000000008005da4       0x82 FreeRTOS/tasks.o
                0x0000000008005da4                xTaskCreate
 .text.prvInitialiseNewTask
                0x0000000008005e26      0x12c FreeRTOS/tasks.o
 *fill*         0x0000000008005f52        0x2 
 .text.prvAddNewTaskToReadyList
                0x0000000008005f54       0xdc FreeRTOS/tasks.o
 .text.vTaskStartScheduler
                0x0000000008006030       0xa4 FreeRTOS/tasks.o
                0x0000000008006030                vTaskStartScheduler
 .text.vTaskSuspendAll
                0x00000000080060d4       0x1c FreeRTOS/tasks.o
                0x00000000080060d4                vTaskSuspendAll
 .text.xTaskResumeAll
                0x00000000080060f0      0x138 FreeRTOS/tasks.o
                0x00000000080060f0                xTaskResumeAll
 .text.xTaskGetTickCount
                0x0000000008006228       0x20 FreeRTOS/tasks.o
                0x0000000008006228                xTaskGetTickCount
 .text.xTaskIncrementTick
                0x0000000008006248      0x170 FreeRTOS/tasks.o
                0x0000000008006248                xTaskIncrementTick
 .text.vTaskSwitchContext
                0x00000000080063b8       0xb8 FreeRTOS/tasks.o
                0x00000000080063b8                vTaskSwitchContext
 .text.vTaskPlaceOnEventList
                0x0000000008006470       0x48 FreeRTOS/tasks.o
                0x0000000008006470                vTaskPlaceOnEventList
 .text.vTaskPlaceOnEventListRestricted
                0x00000000080064b8       0x58 FreeRTOS/tasks.o
                0x00000000080064b8                vTaskPlaceOnEventListRestricted
 .text.xTaskRemoveFromEventList
                0x0000000008006510       0xc4 FreeRTOS/tasks.o
                0x0000000008006510                xTaskRemoveFromEventList
 .text.vTaskInternalSetTimeOutState
                0x00000000080065d4       0x2c FreeRTOS/tasks.o
                0x00000000080065d4                vTaskInternalSetTimeOutState
 .text.xTaskCheckForTimeOut
                0x0000000008006600       0xcc FreeRTOS/tasks.o
                0x0000000008006600                xTaskCheckForTimeOut
 .text.vTaskMissedYield
                0x00000000080066cc       0x18 FreeRTOS/tasks.o
                0x00000000080066cc                vTaskMissedYield
 .text.prvIdleTask
                0x00000000080066e4       0x30 FreeRTOS/tasks.o
 .text.prvInitialiseTaskLists
                0x0000000008006714       0x80 FreeRTOS/tasks.o
 .text.prvCheckTasksWaitingTermination
                0x0000000008006794       0x5c FreeRTOS/tasks.o
 .text.prvDeleteTCB
                0x00000000080067f0       0x20 FreeRTOS/tasks.o
 .text.prvResetNextTaskUnblockTime
                0x0000000008006810       0x38 FreeRTOS/tasks.o
 .text.xTaskGetSchedulerState
                0x0000000008006848       0x3c FreeRTOS/tasks.o
                0x0000000008006848                xTaskGetSchedulerState
 .text.xTaskPriorityInherit
                0x0000000008006884       0xec FreeRTOS/tasks.o
                0x0000000008006884                xTaskPriorityInherit
 .text.xTaskPriorityDisinherit
                0x0000000008006970       0xf4 FreeRTOS/tasks.o
                0x0000000008006970                xTaskPriorityDisinherit
 .text.vTaskPriorityDisinheritAfterTimeout
                0x0000000008006a64      0x11c FreeRTOS/tasks.o
                0x0000000008006a64                vTaskPriorityDisinheritAfterTimeout
 .text.pvTaskIncrementMutexHeldCount
                0x0000000008006b80       0x28 FreeRTOS/tasks.o
                0x0000000008006b80                pvTaskIncrementMutexHeldCount
 .text.prvAddCurrentTaskToDelayedList
                0x0000000008006ba8       0xcc FreeRTOS/tasks.o
 .text.xTimerCreateTimerTask
                0x0000000008006c74       0x64 FreeRTOS/timers.o
                0x0000000008006c74                xTimerCreateTimerTask
 .text.xTimerGenericCommand
                0x0000000008006cd8       0x9c FreeRTOS/timers.o
                0x0000000008006cd8                xTimerGenericCommand
 .text.prvProcessExpiredTimer
                0x0000000008006d74       0x98 FreeRTOS/timers.o
 .text.prvTimerTask
                0x0000000008006e0c       0x24 FreeRTOS/timers.o
 .text.prvProcessTimerOrBlockTask
                0x0000000008006e30       0x9c FreeRTOS/timers.o
 .text.prvGetNextExpireTime
                0x0000000008006ecc       0x48 FreeRTOS/timers.o
 .text.prvSampleTimeNow
                0x0000000008006f14       0x40 FreeRTOS/timers.o
 .text.prvInsertTimerInActiveList
                0x0000000008006f54       0x84 FreeRTOS/timers.o
 .text.prvProcessReceivedCommands
                0x0000000008006fd8      0x18c FreeRTOS/timers.o
 .text.prvSwitchTimerLists
                0x0000000008007164       0xc8 FreeRTOS/timers.o
 .text.prvCheckForValidListAndQueue
                0x000000000800722c       0x6c FreeRTOS/timers.o
 .text.pxPortInitialiseStack
                0x0000000008007298       0x68 FreeRTOS/portable/ARM_CM4F/port.o
                0x0000000008007298                pxPortInitialiseStack
 .text.prvTaskExitError
                0x0000000008007300       0x58 FreeRTOS/portable/ARM_CM4F/port.o
 *fill*         0x0000000008007358        0x8 
 .text.SVC_Handler
                0x0000000008007360       0x28 FreeRTOS/portable/ARM_CM4F/port.o
                0x0000000008007360                SVC_Handler
 .text.prvPortStartFirstTask
                0x0000000008007388       0x2c FreeRTOS/portable/ARM_CM4F/port.o
 .text.xPortStartScheduler
                0x00000000080073b4      0x144 FreeRTOS/portable/ARM_CM4F/port.o
                0x00000000080073b4                xPortStartScheduler
 .text.vPortEnterCritical
                0x00000000080074f8       0x60 FreeRTOS/portable/ARM_CM4F/port.o
                0x00000000080074f8                vPortEnterCritical
 .text.vPortExitCritical
                0x0000000008007558       0x54 FreeRTOS/portable/ARM_CM4F/port.o
                0x0000000008007558                vPortExitCritical
 *fill*         0x00000000080075ac        0x4 
 .text.PendSV_Handler
                0x00000000080075b0       0x68 FreeRTOS/portable/ARM_CM4F/port.o
                0x00000000080075b0                PendSV_Handler
 .text.SysTick_Handler
                0x0000000008007618       0x44 FreeRTOS/portable/ARM_CM4F/port.o
                0x0000000008007618                SysTick_Handler
 .text.vPortSetupTimerInterrupt
                0x000000000800765c       0x48 FreeRTOS/portable/ARM_CM4F/port.o
                0x000000000800765c                vPortSetupTimerInterrupt
 .text.vPortEnableVFP
                0x00000000080076a4       0x18 FreeRTOS/portable/ARM_CM4F/port.o
 .text.vPortValidateInterruptPriority
                0x00000000080076bc       0x80 FreeRTOS/portable/ARM_CM4F/port.o
                0x00000000080076bc                vPortValidateInterruptPriority
 .text.pvPortMalloc
                0x000000000800773c      0x1c0 FreeRTOS/portable/MemMang/heap_4.o
                0x000000000800773c                pvPortMalloc
 .text.vPortFree
                0x00000000080078fc       0xc4 FreeRTOS/portable/MemMang/heap_4.o
                0x00000000080078fc                vPortFree
 .text.prvHeapInit
                0x00000000080079c0       0xc4 FreeRTOS/portable/MemMang/heap_4.o
 .text.prvInsertBlockIntoFreeList
                0x0000000008007a84       0xb4 FreeRTOS/portable/MemMang/heap_4.o
 .text.calloc   0x0000000008007b38       0x10 d:/stm32cubeide_1.6.1/stm32cubeide/plugins/com.st.stm32cube.ide.mcu.externaltools.gnu-tools-for-stm32.9-2020-q2-update.win32_1.5.0.202011040924/tools/bin/../lib/gcc/arm-none-eabi/9.3.1/../../../../arm-none-eabi/lib/thumb/v7e-m+fp/hard\libc_nano.a(lib_a-calloc.o)
                0x0000000008007b38                calloc
 .text.__errno  0x0000000008007b48        0xc d:/stm32cubeide_1.6.1/stm32cubeide/plugins/com.st.stm32cube.ide.mcu.externaltools.gnu-tools-for-stm32.9-2020-q2-update.win32_1.5.0.202011040924/tools/bin/../lib/gcc/arm-none-eabi/9.3.1/../../../../arm-none-eabi/lib/thumb/v7e-m+fp/hard\libc_nano.a(lib_a-errno.o)
                0x0000000008007b48                __errno
 .text.exit     0x0000000008007b54       0x28 d:/stm32cubeide_1.6.1/stm32cubeide/plugins/com.st.stm32cube.ide.mcu.externaltools.gnu-tools-for-stm32.9-2020-q2-update.win32_1.5.0.202011040924/tools/bin/../lib/gcc/arm-none-eabi/9.3.1/../../../../arm-none-eabi/lib/thumb/v7e-m+fp/hard\libc_nano.a(lib_a-exit.o)
                0x0000000008007b54                exit
 .text.fprintf  0x0000000008007b7c       0x24 d:/stm32cubeide_1.6.1/stm32cubeide/plugins/com.st.stm32cube.ide.mcu.externaltools.gnu-tools-for-stm32.9-2020-q2-update.win32_1.5.0.202011040924/tools/bin/../lib/gcc/arm-none-eabi/9.3.1/../../../../arm-none-eabi/lib/thumb/v7e-m+fp/hard\libc_nano.a(lib_a-fprintf.o)
                0x0000000008007b7c                fiprintf
                0x0000000008007b7c                fprintf
 .text._fwrite_r
                0x0000000008007ba0       0xc0 d:/stm32cubeide_1.6.1/stm32cubeide/plugins/com.st.stm32cube.ide.mcu.externaltools.gnu-tools-for-stm32.9-2020-q2-update.win32_1.5.0.202011040924/tools/bin/../lib/gcc/arm-none-eabi/9.3.1/../../../../arm-none-eabi/lib/thumb/v7e-m+fp/hard\libc_nano.a(lib_a-fwrite.o)
                0x0000000008007ba0                _fwrite_r
 .text.fwrite   0x0000000008007c60       0x1c d:/stm32cubeide_1.6.1/stm32cubeide/plugins/com.st.stm32cube.ide.mcu.externaltools.gnu-tools-for-stm32.9-2020-q2-update.win32_1.5.0.202011040924/tools/bin/../lib/gcc/arm-none-eabi/9.3.1/../../../../arm-none-eabi/lib/thumb/v7e-m+fp/hard\libc_nano.a(lib_a-fwrite.o)
                0x0000000008007c60                fwrite
 .text.__libc_init_array
                0x0000000008007c7c       0x48 d:/stm32cubeide_1.6.1/stm32cubeide/plugins/com.st.stm32cube.ide.mcu.externaltools.gnu-tools-for-stm32.9-2020-q2-update.win32_1.5.0.202011040924/tools/bin/../lib/gcc/arm-none-eabi/9.3.1/../../../../arm-none-eabi/lib/thumb/v7e-m+fp/hard\libc_nano.a(lib_a-init.o)
                0x0000000008007c7c                __libc_init_array
 .text.__retarget_lock_init_recursive
                0x0000000008007cc4        0x2 d:/stm32cubeide_1.6.1/stm32cubeide/plugins/com.st.stm32cube.ide.mcu.externaltools.gnu-tools-for-stm32.9-2020-q2-update.win32_1.5.0.202011040924/tools/bin/../lib/gcc/arm-none-eabi/9.3.1/../../../../arm-none-eabi/lib/thumb/v7e-m+fp/hard\libc_nano.a(lib_a-lock.o)
                0x0000000008007cc4                __retarget_lock_init_recursive
 .text.__retarget_lock_acquire_recursive
                0x0000000008007cc6        0x2 d:/stm32cubeide_1.6.1/stm32cubeide/plugins/com.st.stm32cube.ide.mcu.externaltools.gnu-tools-for-stm32.9-2020-q2-update.win32_1.5.0.202011040924/tools/bin/../lib/gcc/arm-none-eabi/9.3.1/../../../../arm-none-eabi/lib/thumb/v7e-m+fp/hard\libc_nano.a(lib_a-lock.o)
                0x0000000008007cc6                __retarget_lock_acquire_recursive
 .text.__retarget_lock_release_recursive
                0x0000000008007cc8        0x2 d:/stm32cubeide_1.6.1/stm32cubeide/plugins/com.st.stm32cube.ide.mcu.externaltools.gnu-tools-for-stm32.9-2020-q2-update.win32_1.5.0.202011040924/tools/bin/../lib/gcc/arm-none-eabi/9.3.1/../../../../arm-none-eabi/lib/thumb/v7e-m+fp/hard\libc_nano.a(lib_a-lock.o)
                0x0000000008007cc8                __retarget_lock_release_recursive
 *fill*         0x0000000008007cca        0x2 
 .text.malloc   0x0000000008007ccc       0x10 d:/stm32cubeide_1.6.1/stm32cubeide/plugins/com.st.stm32cube.ide.mcu.externaltools.gnu-tools-for-stm32.9-2020-q2-update.win32_1.5.0.202011040924/tools/bin/../lib/gcc/arm-none-eabi/9.3.1/../../../../arm-none-eabi/lib/thumb/v7e-m+fp/hard\libc_nano.a(lib_a-malloc.o)
                0x0000000008007ccc                malloc
 .text.free     0x0000000008007cdc       0x10 d:/stm32cubeide_1.6.1/stm32cubeide/plugins/com.st.stm32cube.ide.mcu.externaltools.gnu-tools-for-stm32.9-2020-q2-update.win32_1.5.0.202011040924/tools/bin/../lib/gcc/arm-none-eabi/9.3.1/../../../../arm-none-eabi/lib/thumb/v7e-m+fp/hard\libc_nano.a(lib_a-malloc.o)
                0x0000000008007cdc                free
 .text.memcpy   0x0000000008007cec       0x1c d:/stm32cubeide_1.6.1/stm32cubeide/plugins/com.st.stm32cube.ide.mcu.externaltools.gnu-tools-for-stm32.9-2020-q2-update.win32_1.5.0.202011040924/tools/bin/../lib/gcc/arm-none-eabi/9.3.1/../../../../arm-none-eabi/lib/thumb/v7e-m+fp/hard\libc_nano.a(lib_a-memcpy-stub.o)
                0x0000000008007cec                memcpy
 .text.memset   0x0000000008007d08       0x10 d:/stm32cubeide_1.6.1/stm32cubeide/plugins/com.st.stm32cube.ide.mcu.externaltools.gnu-tools-for-stm32.9-2020-q2-update.win32_1.5.0.202011040924/tools/bin/../lib/gcc/arm-none-eabi/9.3.1/../../../../arm-none-eabi/lib/thumb/v7e-m+fp/hard\libc_nano.a(lib_a-memset.o)
                0x0000000008007d08                memset
 .text._calloc_r
                0x0000000008007d18       0x1e d:/stm32cubeide_1.6.1/stm32cubeide/plugins/com.st.stm32cube.ide.mcu.externaltools.gnu-tools-for-stm32.9-2020-q2-update.win32_1.5.0.202011040924/tools/bin/../lib/gcc/arm-none-eabi/9.3.1/../../../../arm-none-eabi/lib/thumb/v7e-m+fp/hard\libc_nano.a(lib_a-nano-callocr.o)
                0x0000000008007d18                _calloc_r
 *fill*         0x0000000008007d36        0x2 
 .text._free_r  0x0000000008007d38       0xa0 d:/stm32cubeide_1.6.1/stm32cubeide/plugins/com.st.stm32cube.ide.mcu.externaltools.gnu-tools-for-stm32.9-2020-q2-update.win32_1.5.0.202011040924/tools/bin/../lib/gcc/arm-none-eabi/9.3.1/../../../../arm-none-eabi/lib/thumb/v7e-m+fp/hard\libc_nano.a(lib_a-nano-freer.o)
                0x0000000008007d38                _free_r
 .text._malloc_r
                0x0000000008007dd8       0xb4 d:/stm32cubeide_1.6.1/stm32cubeide/plugins/com.st.stm32cube.ide.mcu.externaltools.gnu-tools-for-stm32.9-2020-q2-update.win32_1.5.0.202011040924/tools/bin/../lib/gcc/arm-none-eabi/9.3.1/../../../../arm-none-eabi/lib/thumb/v7e-m+fp/hard\libc_nano.a(lib_a-nano-mallocr.o)
                0x0000000008007dd8                _malloc_r
 .text.__sfputc_r
                0x0000000008007e8c       0x2e d:/stm32cubeide_1.6.1/stm32cubeide/plugins/com.st.stm32cube.ide.mcu.externaltools.gnu-tools-for-stm32.9-2020-q2-update.win32_1.5.0.202011040924/tools/bin/../lib/gcc/arm-none-eabi/9.3.1/../../../../arm-none-eabi/lib/thumb/v7e-m+fp/hard\libc_nano.a(lib_a-nano-vfprintf.o)
 .text.__sfputs_r
                0x0000000008007eba       0x24 d:/stm32cubeide_1.6.1/stm32cubeide/plugins/com.st.stm32cube.ide.mcu.externaltools.gnu-tools-for-stm32.9-2020-q2-update.win32_1.5.0.202011040924/tools/bin/../lib/gcc/arm-none-eabi/9.3.1/../../../../arm-none-eabi/lib/thumb/v7e-m+fp/hard\libc_nano.a(lib_a-nano-vfprintf.o)
                0x0000000008007eba                __sfputs_r
 *fill*         0x0000000008007ede        0x2 
 .text._vfprintf_r
                0x0000000008007ee0      0x260 d:/stm32cubeide_1.6.1/stm32cubeide/plugins/com.st.stm32cube.ide.mcu.externaltools.gnu-tools-for-stm32.9-2020-q2-update.win32_1.5.0.202011040924/tools/bin/../lib/gcc/arm-none-eabi/9.3.1/../../../../arm-none-eabi/lib/thumb/v7e-m+fp/hard\libc_nano.a(lib_a-nano-vfprintf.o)
                0x0000000008007ee0                _vfprintf_r
                0x0000000008007ee0                _vfiprintf_r
 .text._printf_common
                0x0000000008008140       0xda d:/stm32cubeide_1.6.1/stm32cubeide/plugins/com.st.stm32cube.ide.mcu.externaltools.gnu-tools-for-stm32.9-2020-q2-update.win32_1.5.0.202011040924/tools/bin/../lib/gcc/arm-none-eabi/9.3.1/../../../../arm-none-eabi/lib/thumb/v7e-m+fp/hard\libc_nano.a(lib_a-nano-vfprintf_i.o)
                0x0000000008008140                _printf_common
 *fill*         0x000000000800821a        0x2 
 .text._printf_i
                0x000000000800821c      0x24c d:/stm32cubeide_1.6.1/stm32cubeide/plugins/com.st.stm32cube.ide.mcu.externaltools.gnu-tools-for-stm32.9-2020-q2-update.win32_1.5.0.202011040924/tools/bin/../lib/gcc/arm-none-eabi/9.3.1/../../../../arm-none-eabi/lib/thumb/v7e-m+fp/hard\libc_nano.a(lib_a-nano-vfprintf_i.o)
                0x000000000800821c                _printf_i
 .text._puts_r  0x0000000008008468       0xdc d:/stm32cubeide_1.6.1/stm32cubeide/plugins/com.st.stm32cube.ide.mcu.externaltools.gnu-tools-for-stm32.9-2020-q2-update.win32_1.5.0.202011040924/tools/bin/../lib/gcc/arm-none-eabi/9.3.1/../../../../arm-none-eabi/lib/thumb/v7e-m+fp/hard\libc_nano.a(lib_a-puts.o)
                0x0000000008008468                _puts_r
 .text.puts     0x0000000008008544       0x10 d:/stm32cubeide_1.6.1/stm32cubeide/plugins/com.st.stm32cube.ide.mcu.externaltools.gnu-tools-for-stm32.9-2020-q2-update.win32_1.5.0.202011040924/tools/bin/../lib/gcc/arm-none-eabi/9.3.1/../../../../arm-none-eabi/lib/thumb/v7e-m+fp/hard\libc_nano.a(lib_a-puts.o)
                0x0000000008008544                puts
 .text.realloc  0x0000000008008554       0x10 d:/stm32cubeide_1.6.1/stm32cubeide/plugins/com.st.stm32cube.ide.mcu.externaltools.gnu-tools-for-stm32.9-2020-q2-update.win32_1.5.0.202011040924/tools/bin/../lib/gcc/arm-none-eabi/9.3.1/../../../../arm-none-eabi/lib/thumb/v7e-m+fp/hard\libc_nano.a(lib_a-realloc.o)
                0x0000000008008554                realloc
 .text._sbrk_r  0x0000000008008564       0x20 d:/stm32cubeide_1.6.1/stm32cubeide/plugins/com.st.stm32cube.ide.mcu.externaltools.gnu-tools-for-stm32.9-2020-q2-update.win32_1.5.0.202011040924/tools/bin/../lib/gcc/arm-none-eabi/9.3.1/../../../../arm-none-eabi/lib/thumb/v7e-m+fp/hard\libc_nano.a(lib_a-sbrkr.o)
                0x0000000008008564                _sbrk_r
 .text.strdup   0x0000000008008584       0x10 d:/stm32cubeide_1.6.1/stm32cubeide/plugins/com.st.stm32cube.ide.mcu.externaltools.gnu-tools-for-stm32.9-2020-q2-update.win32_1.5.0.202011040924/tools/bin/../lib/gcc/arm-none-eabi/9.3.1/../../../../arm-none-eabi/lib/thumb/v7e-m+fp/hard\libc_nano.a(lib_a-strdup.o)
                0x0000000008008584                strdup
 .text._strdup_r
                0x0000000008008594       0x2a d:/stm32cubeide_1.6.1/stm32cubeide/plugins/com.st.stm32cube.ide.mcu.externaltools.gnu-tools-for-stm32.9-2020-q2-update.win32_1.5.0.202011040924/tools/bin/../lib/gcc/arm-none-eabi/9.3.1/../../../../arm-none-eabi/lib/thumb/v7e-m+fp/hard\libc_nano.a(lib_a-strdup_r.o)
                0x0000000008008594                _strdup_r
 *fill*         0x00000000080085be        0x2 
 .text._strerror_r
                0x00000000080085c0      0x3cc d:/stm32cubeide_1.6.1/stm32cubeide/plugins/com.st.stm32cube.ide.mcu.externaltools.gnu-tools-for-stm32.9-2020-q2-update.win32_1.5.0.202011040924/tools/bin/../lib/gcc/arm-none-eabi/9.3.1/../../../../arm-none-eabi/lib/thumb/v7e-m+fp/hard\libc_nano.a(lib_a-strerror.o)
                0x00000000080085c0                _strerror_r
 .text.strerror
                0x000000000800898c       0x14 d:/stm32cubeide_1.6.1/stm32cubeide/plugins/com.st.stm32cube.ide.mcu.externaltools.gnu-tools-for-stm32.9-2020-q2-update.win32_1.5.0.202011040924/tools/bin/../lib/gcc/arm-none-eabi/9.3.1/../../../../arm-none-eabi/lib/thumb/v7e-m+fp/hard\libc_nano.a(lib_a-strerror.o)
                0x000000000800898c                strerror
 .text._user_strerror
                0x00000000080089a0        0x4 d:/stm32cubeide_1.6.1/stm32cubeide/plugins/com.st.stm32cube.ide.mcu.externaltools.gnu-tools-for-stm32.9-2020-q2-update.win32_1.5.0.202011040924/tools/bin/../lib/gcc/arm-none-eabi/9.3.1/../../../../arm-none-eabi/lib/thumb/v7e-m+fp/hard\libc_nano.a(lib_a-u_strerr.o)
                0x00000000080089a0                _user_strerror
 .text.__swbuf_r
                0x00000000080089a4       0xa4 d:/stm32cubeide_1.6.1/stm32cubeide/plugins/com.st.stm32cube.ide.mcu.externaltools.gnu-tools-for-stm32.9-2020-q2-update.win32_1.5.0.202011040924/tools/bin/../lib/gcc/arm-none-eabi/9.3.1/../../../../arm-none-eabi/lib/thumb/v7e-m+fp/hard\libc_nano.a(lib_a-wbuf.o)
                0x00000000080089a4                __swbuf_r
 .text.__swsetup_r
                0x0000000008008a48       0xdc d:/stm32cubeide_1.6.1/stm32cubeide/plugins/com.st.stm32cube.ide.mcu.externaltools.gnu-tools-for-stm32.9-2020-q2-update.win32_1.5.0.202011040924/tools/bin/../lib/gcc/arm-none-eabi/9.3.1/../../../../arm-none-eabi/lib/thumb/v7e-m+fp/hard\libc_nano.a(lib_a-wsetup.o)
                0x0000000008008a48                __swsetup_r
 .text.__sflush_r
                0x0000000008008b24      0x10c d:/stm32cubeide_1.6.1/stm32cubeide/plugins/com.st.stm32cube.ide.mcu.externaltools.gnu-tools-for-stm32.9-2020-q2-update.win32_1.5.0.202011040924/tools/bin/../lib/gcc/arm-none-eabi/9.3.1/../../../../arm-none-eabi/lib/thumb/v7e-m+fp/hard\libc_nano.a(lib_a-fflush.o)
                0x0000000008008b24                __sflush_r
 .text._fflush_r
                0x0000000008008c30       0x78 d:/stm32cubeide_1.6.1/stm32cubeide/plugins/com.st.stm32cube.ide.mcu.externaltools.gnu-tools-for-stm32.9-2020-q2-update.win32_1.5.0.202011040924/tools/bin/../lib/gcc/arm-none-eabi/9.3.1/../../../../arm-none-eabi/lib/thumb/v7e-m+fp/hard\libc_nano.a(lib_a-fflush.o)
                0x0000000008008c30                _fflush_r
 .text.std      0x0000000008008ca8       0x48 d:/stm32cubeide_1.6.1/stm32cubeide/plugins/com.st.stm32cube.ide.mcu.externaltools.gnu-tools-for-stm32.9-2020-q2-update.win32_1.5.0.202011040924/tools/bin/../lib/gcc/arm-none-eabi/9.3.1/../../../../arm-none-eabi/lib/thumb/v7e-m+fp/hard\libc_nano.a(lib_a-findfp.o)
 .text._cleanup_r
                0x0000000008008cf0        0xc d:/stm32cubeide_1.6.1/stm32cubeide/plugins/com.st.stm32cube.ide.mcu.externaltools.gnu-tools-for-stm32.9-2020-q2-update.win32_1.5.0.202011040924/tools/bin/../lib/gcc/arm-none-eabi/9.3.1/../../../../arm-none-eabi/lib/thumb/v7e-m+fp/hard\libc_nano.a(lib_a-findfp.o)
                0x0000000008008cf0                _cleanup_r
 .text.__sfmoreglue
                0x0000000008008cfc       0x2c d:/stm32cubeide_1.6.1/stm32cubeide/plugins/com.st.stm32cube.ide.mcu.externaltools.gnu-tools-for-stm32.9-2020-q2-update.win32_1.5.0.202011040924/tools/bin/../lib/gcc/arm-none-eabi/9.3.1/../../../../arm-none-eabi/lib/thumb/v7e-m+fp/hard\libc_nano.a(lib_a-findfp.o)
                0x0000000008008cfc                __sfmoreglue
 .text.__sfp_lock_acquire
                0x0000000008008d28        0xc d:/stm32cubeide_1.6.1/stm32cubeide/plugins/com.st.stm32cube.ide.mcu.externaltools.gnu-tools-for-stm32.9-2020-q2-update.win32_1.5.0.202011040924/tools/bin/../lib/gcc/arm-none-eabi/9.3.1/../../../../arm-none-eabi/lib/thumb/v7e-m+fp/hard\libc_nano.a(lib_a-findfp.o)
                0x0000000008008d28                __sfp_lock_acquire
 .text.__sfp_lock_release
                0x0000000008008d34        0xc d:/stm32cubeide_1.6.1/stm32cubeide/plugins/com.st.stm32cube.ide.mcu.externaltools.gnu-tools-for-stm32.9-2020-q2-update.win32_1.5.0.202011040924/tools/bin/../lib/gcc/arm-none-eabi/9.3.1/../../../../arm-none-eabi/lib/thumb/v7e-m+fp/hard\libc_nano.a(lib_a-findfp.o)
                0x0000000008008d34                __sfp_lock_release
 .text.__sinit_lock_acquire
                0x0000000008008d40        0xc d:/stm32cubeide_1.6.1/stm32cubeide/plugins/com.st.stm32cube.ide.mcu.externaltools.gnu-tools-for-stm32.9-2020-q2-update.win32_1.5.0.202011040924/tools/bin/../lib/gcc/arm-none-eabi/9.3.1/../../../../arm-none-eabi/lib/thumb/v7e-m+fp/hard\libc_nano.a(lib_a-findfp.o)
                0x0000000008008d40                __sinit_lock_acquire
 .text.__sinit_lock_release
                0x0000000008008d4c        0xc d:/stm32cubeide_1.6.1/stm32cubeide/plugins/com.st.stm32cube.ide.mcu.externaltools.gnu-tools-for-stm32.9-2020-q2-update.win32_1.5.0.202011040924/tools/bin/../lib/gcc/arm-none-eabi/9.3.1/../../../../arm-none-eabi/lib/thumb/v7e-m+fp/hard\libc_nano.a(lib_a-findfp.o)
                0x0000000008008d4c                __sinit_lock_release
 .text.__sinit  0x0000000008008d58       0x70 d:/stm32cubeide_1.6.1/stm32cubeide/plugins/com.st.stm32cube.ide.mcu.externaltools.gnu-tools-for-stm32.9-2020-q2-update.win32_1.5.0.202011040924/tools/bin/../lib/gcc/arm-none-eabi/9.3.1/../../../../arm-none-eabi/lib/thumb/v7e-m+fp/hard\libc_nano.a(lib_a-findfp.o)
                0x0000000008008d58                __sinit
 .text.__sfp    0x0000000008008dc8       0x8c d:/stm32cubeide_1.6.1/stm32cubeide/plugins/com.st.stm32cube.ide.mcu.externaltools.gnu-tools-for-stm32.9-2020-q2-update.win32_1.5.0.202011040924/tools/bin/../lib/gcc/arm-none-eabi/9.3.1/../../../../arm-none-eabi/lib/thumb/v7e-m+fp/hard\libc_nano.a(lib_a-findfp.o)
                0x0000000008008dc8                __sfp
 .text._fwalk_reent
                0x0000000008008e54       0x3e d:/stm32cubeide_1.6.1/stm32cubeide/plugins/com.st.stm32cube.ide.mcu.externaltools.gnu-tools-for-stm32.9-2020-q2-update.win32_1.5.0.202011040924/tools/bin/../lib/gcc/arm-none-eabi/9.3.1/../../../../arm-none-eabi/lib/thumb/v7e-m+fp/hard\libc_nano.a(lib_a-fwalk.o)
                0x0000000008008e54                _fwalk_reent
 .text.__swhatbuf_r
                0x0000000008008e92       0x48 d:/stm32cubeide_1.6.1/stm32cubeide/plugins/com.st.stm32cube.ide.mcu.externaltools.gnu-tools-for-stm32.9-2020-q2-update.win32_1.5.0.202011040924/tools/bin/../lib/gcc/arm-none-eabi/9.3.1/../../../../arm-none-eabi/lib/thumb/v7e-m+fp/hard\libc_nano.a(lib_a-makebuf.o)
                0x0000000008008e92                __swhatbuf_r
 *fill*         0x0000000008008eda        0x2 
 .text.__smakebuf_r
                0x0000000008008edc       0x80 d:/stm32cubeide_1.6.1/stm32cubeide/plugins/com.st.stm32cube.ide.mcu.externaltools.gnu-tools-for-stm32.9-2020-q2-update.win32_1.5.0.202011040924/tools/bin/../lib/gcc/arm-none-eabi/9.3.1/../../../../arm-none-eabi/lib/thumb/v7e-m+fp/hard\libc_nano.a(lib_a-makebuf.o)
                0x0000000008008edc                __smakebuf_r
 .text.__malloc_lock
                0x0000000008008f5c        0xc d:/stm32cubeide_1.6.1/stm32cubeide/plugins/com.st.stm32cube.ide.mcu.externaltools.gnu-tools-for-stm32.9-2020-q2-update.win32_1.5.0.202011040924/tools/bin/../lib/gcc/arm-none-eabi/9.3.1/../../../../arm-none-eabi/lib/thumb/v7e-m+fp/hard\libc_nano.a(lib_a-mlock.o)
                0x0000000008008f5c                __malloc_lock
 .text.__malloc_unlock
                0x0000000008008f68        0xc d:/stm32cubeide_1.6.1/stm32cubeide/plugins/com.st.stm32cube.ide.mcu.externaltools.gnu-tools-for-stm32.9-2020-q2-update.win32_1.5.0.202011040924/tools/bin/../lib/gcc/arm-none-eabi/9.3.1/../../../../arm-none-eabi/lib/thumb/v7e-m+fp/hard\libc_nano.a(lib_a-mlock.o)
                0x0000000008008f68                __malloc_unlock
 .text._realloc_r
                0x0000000008008f74       0x4c d:/stm32cubeide_1.6.1/stm32cubeide/plugins/com.st.stm32cube.ide.mcu.externaltools.gnu-tools-for-stm32.9-2020-q2-update.win32_1.5.0.202011040924/tools/bin/../lib/gcc/arm-none-eabi/9.3.1/../../../../arm-none-eabi/lib/thumb/v7e-m+fp/hard\libc_nano.a(lib_a-nano-reallocr.o)
                0x0000000008008f74                _realloc_r
 .text.__sread  0x0000000008008fc0       0x22 d:/stm32cubeide_1.6.1/stm32cubeide/plugins/com.st.stm32cube.ide.mcu.externaltools.gnu-tools-for-stm32.9-2020-q2-update.win32_1.5.0.202011040924/tools/bin/../lib/gcc/arm-none-eabi/9.3.1/../../../../arm-none-eabi/lib/thumb/v7e-m+fp/hard\libc_nano.a(lib_a-stdio.o)
                0x0000000008008fc0                __sread
 .text.__swrite
                0x0000000008008fe2       0x38 d:/stm32cubeide_1.6.1/stm32cubeide/plugins/com.st.stm32cube.ide.mcu.externaltools.gnu-tools-for-stm32.9-2020-q2-update.win32_1.5.0.202011040924/tools/bin/../lib/gcc/arm-none-eabi/9.3.1/../../../../arm-none-eabi/lib/thumb/v7e-m+fp/hard\libc_nano.a(lib_a-stdio.o)
                0x0000000008008fe2                __swrite
 .text.__sseek  0x000000000800901a       0x24 d:/stm32cubeide_1.6.1/stm32cubeide/plugins/com.st.stm32cube.ide.mcu.externaltools.gnu-tools-for-stm32.9-2020-q2-update.win32_1.5.0.202011040924/tools/bin/../lib/gcc/arm-none-eabi/9.3.1/../../../../arm-none-eabi/lib/thumb/v7e-m+fp/hard\libc_nano.a(lib_a-stdio.o)
                0x000000000800901a                __sseek
 .text.__sclose
                0x000000000800903e        0x8 d:/stm32cubeide_1.6.1/stm32cubeide/plugins/com.st.stm32cube.ide.mcu.externaltools.gnu-tools-for-stm32.9-2020-q2-update.win32_1.5.0.202011040924/tools/bin/../lib/gcc/arm-none-eabi/9.3.1/../../../../arm-none-eabi/lib/thumb/v7e-m+fp/hard\libc_nano.a(lib_a-stdio.o)
                0x000000000800903e                __sclose
 *fill*         0x0000000008009046        0x2 
 .text._write_r
                0x0000000008009048       0x24 d:/stm32cubeide_1.6.1/stm32cubeide/plugins/com.st.stm32cube.ide.mcu.externaltools.gnu-tools-for-stm32.9-2020-q2-update.win32_1.5.0.202011040924/tools/bin/../lib/gcc/arm-none-eabi/9.3.1/../../../../arm-none-eabi/lib/thumb/v7e-m+fp/hard\libc_nano.a(lib_a-writer.o)
                0x0000000008009048                _write_r
 .text._close_r
                0x000000000800906c       0x20 d:/stm32cubeide_1.6.1/stm32cubeide/plugins/com.st.stm32cube.ide.mcu.externaltools.gnu-tools-for-stm32.9-2020-q2-update.win32_1.5.0.202011040924/tools/bin/../lib/gcc/arm-none-eabi/9.3.1/../../../../arm-none-eabi/lib/thumb/v7e-m+fp/hard\libc_nano.a(lib_a-closer.o)
                0x000000000800906c                _close_r
 .text._fstat_r
                0x000000000800908c       0x24 d:/stm32cubeide_1.6.1/stm32cubeide/plugins/com.st.stm32cube.ide.mcu.externaltools.gnu-tools-for-stm32.9-2020-q2-update.win32_1.5.0.202011040924/tools/bin/../lib/gcc/arm-none-eabi/9.3.1/../../../../arm-none-eabi/lib/thumb/v7e-m+fp/hard\libc_nano.a(lib_a-fstatr.o)
                0x000000000800908c                _fstat_r
 .text._isatty_r
                0x00000000080090b0       0x20 d:/stm32cubeide_1.6.1/stm32cubeide/plugins/com.st.stm32cube.ide.mcu.externaltools.gnu-tools-for-stm32.9-2020-q2-update.win32_1.5.0.202011040924/tools/bin/../lib/gcc/arm-none-eabi/9.3.1/../../../../arm-none-eabi/lib/thumb/v7e-m+fp/hard\libc_nano.a(lib_a-isattyr.o)
                0x00000000080090b0                _isatty_r
 .text._lseek_r
                0x00000000080090d0       0x24 d:/stm32cubeide_1.6.1/stm32cubeide/plugins/com.st.stm32cube.ide.mcu.externaltools.gnu-tools-for-stm32.9-2020-q2-update.win32_1.5.0.202011040924/tools/bin/../lib/gcc/arm-none-eabi/9.3.1/../../../../arm-none-eabi/lib/thumb/v7e-m+fp/hard\libc_nano.a(lib_a-lseekr.o)
                0x00000000080090d0                _lseek_r
 .text._malloc_usable_size_r
                0x00000000080090f4       0x10 d:/stm32cubeide_1.6.1/stm32cubeide/plugins/com.st.stm32cube.ide.mcu.externaltools.gnu-tools-for-stm32.9-2020-q2-update.win32_1.5.0.202011040924/tools/bin/../lib/gcc/arm-none-eabi/9.3.1/../../../../arm-none-eabi/lib/thumb/v7e-m+fp/hard\libc_nano.a(lib_a-nano-msizer.o)
                0x00000000080090f4                _malloc_usable_size_r
 .text._read_r  0x0000000008009104       0x24 d:/stm32cubeide_1.6.1/stm32cubeide/plugins/com.st.stm32cube.ide.mcu.externaltools.gnu-tools-for-stm32.9-2020-q2-update.win32_1.5.0.202011040924/tools/bin/../lib/gcc/arm-none-eabi/9.3.1/../../../../arm-none-eabi/lib/thumb/v7e-m+fp/hard\libc_nano.a(lib_a-readr.o)
                0x0000000008009104                _read_r
 *(.glue_7)
 .glue_7        0x0000000008009128        0x0 linker stubs
 *(.glue_7t)
 .glue_7t       0x0000000008009128        0x0 linker stubs
 *(.eh_frame)
 .eh_frame      0x0000000008009128        0x0 d:/stm32cubeide_1.6.1/stm32cubeide/plugins/com.st.stm32cube.ide.mcu.externaltools.gnu-tools-for-stm32.9-2020-q2-update.win32_1.5.0.202011040924/tools/bin/../lib/gcc/arm-none-eabi/9.3.1/thumb/v7e-m+fp/hard/crtbegin.o
 *(.init)
 .init          0x0000000008009128        0x4 d:/stm32cubeide_1.6.1/stm32cubeide/plugins/com.st.stm32cube.ide.mcu.externaltools.gnu-tools-for-stm32.9-2020-q2-update.win32_1.5.0.202011040924/tools/bin/../lib/gcc/arm-none-eabi/9.3.1/thumb/v7e-m+fp/hard/crti.o
                0x0000000008009128                _init
 .init          0x000000000800912c        0x8 d:/stm32cubeide_1.6.1/stm32cubeide/plugins/com.st.stm32cube.ide.mcu.externaltools.gnu-tools-for-stm32.9-2020-q2-update.win32_1.5.0.202011040924/tools/bin/../lib/gcc/arm-none-eabi/9.3.1/thumb/v7e-m+fp/hard/crtn.o
 *(.fini)
 .fini          0x0000000008009134        0x4 d:/stm32cubeide_1.6.1/stm32cubeide/plugins/com.st.stm32cube.ide.mcu.externaltools.gnu-tools-for-stm32.9-2020-q2-update.win32_1.5.0.202011040924/tools/bin/../lib/gcc/arm-none-eabi/9.3.1/thumb/v7e-m+fp/hard/crti.o
                0x0000000008009134                _fini
 .fini          0x0000000008009138        0x8 d:/stm32cubeide_1.6.1/stm32cubeide/plugins/com.st.stm32cube.ide.mcu.externaltools.gnu-tools-for-stm32.9-2020-q2-update.win32_1.5.0.202011040924/tools/bin/../lib/gcc/arm-none-eabi/9.3.1/thumb/v7e-m+fp/hard/crtn.o
                0x0000000008009140                . = ALIGN (0x4)
                0x0000000008009140                _etext = .

.vfp11_veneer   0x0000000008009140        0x0
 .vfp11_veneer  0x0000000008009140        0x0 linker stubs

.v4_bx          0x0000000008009140        0x0
 .v4_bx         0x0000000008009140        0x0 linker stubs

.iplt           0x0000000008009140        0x0
 .iplt          0x0000000008009140        0x0 d:/stm32cubeide_1.6.1/stm32cubeide/plugins/com.st.stm32cube.ide.mcu.externaltools.gnu-tools-for-stm32.9-2020-q2-update.win32_1.5.0.202011040924/tools/bin/../lib/gcc/arm-none-eabi/9.3.1/thumb/v7e-m+fp/hard/crtbegin.o

.rodata         0x0000000008009140     0x2484
                0x0000000008009140                . = ALIGN (0x4)
 *(.rodata)
 .rodata        0x0000000008009140     0x1551 Core/Src/main.o
 *fill*         0x000000000800a691        0x3 
 .rodata        0x000000000800a694      0x188 FreeRTOS/darray.o
 .rodata        0x000000000800a81c      0x2a0 FreeRTOS/gc.o
 .rodata        0x000000000800aabc      0x232 FreeRTOS/gc_hashmap.o
 *fill*         0x000000000800acee        0x2 
 .rodata        0x000000000800acf0       0xf2 FreeRTOS/hashmap.o
 *fill*         0x000000000800ade2        0x2 
 .rodata        0x000000000800ade4       0x7d FreeRTOS/object.o
 *fill*         0x000000000800ae61        0x3 
 .rodata        0x000000000800ae64        0x5 FreeRTOS/tasks.o
 *fill*         0x000000000800ae69        0x3 
 .rodata        0x000000000800ae6c        0xd FreeRTOS/timers.o
 *(.rodata*)
 *fill*         0x000000000800ae79        0x3 
 .rodata.AHBPrescTable
                0x000000000800ae7c       0x10 Core/Src/system_stm32f4xx.o
                0x000000000800ae7c                AHBPrescTable
 .rodata.APBPrescTable
                0x000000000800ae8c        0x8 Core/Src/system_stm32f4xx.o
                0x000000000800ae8c                APBPrescTable
 .rodata._global_impure_ptr
                0x000000000800ae94        0x4 d:/stm32cubeide_1.6.1/stm32cubeide/plugins/com.st.stm32cube.ide.mcu.externaltools.gnu-tools-for-stm32.9-2020-q2-update.win32_1.5.0.202011040924/tools/bin/../lib/gcc/arm-none-eabi/9.3.1/../../../../arm-none-eabi/lib/thumb/v7e-m+fp/hard\libc_nano.a(lib_a-impure.o)
                0x000000000800ae94                _global_impure_ptr
 .rodata._vfprintf_r.str1.1
                0x000000000800ae98       0x11 d:/stm32cubeide_1.6.1/stm32cubeide/plugins/com.st.stm32cube.ide.mcu.externaltools.gnu-tools-for-stm32.9-2020-q2-update.win32_1.5.0.202011040924/tools/bin/../lib/gcc/arm-none-eabi/9.3.1/../../../../arm-none-eabi/lib/thumb/v7e-m+fp/hard\libc_nano.a(lib_a-nano-vfprintf.o)
 .rodata._printf_i.str1.1
                0x000000000800aea9       0x22 d:/stm32cubeide_1.6.1/stm32cubeide/plugins/com.st.stm32cube.ide.mcu.externaltools.gnu-tools-for-stm32.9-2020-q2-update.win32_1.5.0.202011040924/tools/bin/../lib/gcc/arm-none-eabi/9.3.1/../../../../arm-none-eabi/lib/thumb/v7e-m+fp/hard\libc_nano.a(lib_a-nano-vfprintf_i.o)
 .rodata._strerror_r.str1.1
                0x000000000800aecb      0x696 d:/stm32cubeide_1.6.1/stm32cubeide/plugins/com.st.stm32cube.ide.mcu.externaltools.gnu-tools-for-stm32.9-2020-q2-update.win32_1.5.0.202011040924/tools/bin/../lib/gcc/arm-none-eabi/9.3.1/../../../../arm-none-eabi/lib/thumb/v7e-m+fp/hard\libc_nano.a(lib_a-strerror.o)
                                        0x697 (size before relaxing)
 *fill*         0x000000000800b561        0x3 
 .rodata.__sf_fake_stderr
                0x000000000800b564       0x20 d:/stm32cubeide_1.6.1/stm32cubeide/plugins/com.st.stm32cube.ide.mcu.externaltools.gnu-tools-for-stm32.9-2020-q2-update.win32_1.5.0.202011040924/tools/bin/../lib/gcc/arm-none-eabi/9.3.1/../../../../arm-none-eabi/lib/thumb/v7e-m+fp/hard\libc_nano.a(lib_a-findfp.o)
                0x000000000800b564                __sf_fake_stderr
 .rodata.__sf_fake_stdin
                0x000000000800b584       0x20 d:/stm32cubeide_1.6.1/stm32cubeide/plugins/com.st.stm32cube.ide.mcu.externaltools.gnu-tools-for-stm32.9-2020-q2-update.win32_1.5.0.202011040924/tools/bin/../lib/gcc/arm-none-eabi/9.3.1/../../../../arm-none-eabi/lib/thumb/v7e-m+fp/hard\libc_nano.a(lib_a-findfp.o)
                0x000000000800b584                __sf_fake_stdin
 .rodata.__sf_fake_stdout
                0x000000000800b5a4       0x20 d:/stm32cubeide_1.6.1/stm32cubeide/plugins/com.st.stm32cube.ide.mcu.externaltools.gnu-tools-for-stm32.9-2020-q2-update.win32_1.5.0.202011040924/tools/bin/../lib/gcc/arm-none-eabi/9.3.1/../../../../arm-none-eabi/lib/thumb/v7e-m+fp/hard\libc_nano.a(lib_a-findfp.o)
                0x000000000800b5a4                __sf_fake_stdout
                0x000000000800b5c4                . = ALIGN (0x4)

.ARM.extab      0x000000000800b5c4        0x0
                0x000000000800b5c4                . = ALIGN (0x4)
 *(.ARM.extab* .gnu.linkonce.armextab.*)
                0x000000000800b5c4                . = ALIGN (0x4)

.ARM            0x000000000800b5c4        0x8
                0x000000000800b5c4                . = ALIGN (0x4)
                0x000000000800b5c4                __exidx_start = .
 *(.ARM.exidx*)
 .ARM.exidx     0x000000000800b5c4        0x8 d:/stm32cubeide_1.6.1/stm32cubeide/plugins/com.st.stm32cube.ide.mcu.externaltools.gnu-tools-for-stm32.9-2020-q2-update.win32_1.5.0.202011040924/tools/bin/../lib/gcc/arm-none-eabi/9.3.1/thumb/v7e-m+fp/hard\libgcc.a(_udivmoddi4.o)
                0x000000000800b5cc                __exidx_end = .
                0x000000000800b5cc                . = ALIGN (0x4)

.rel.dyn        0x000000000800b5cc        0x0
 .rel.iplt      0x000000000800b5cc        0x0 d:/stm32cubeide_1.6.1/stm32cubeide/plugins/com.st.stm32cube.ide.mcu.externaltools.gnu-tools-for-stm32.9-2020-q2-update.win32_1.5.0.202011040924/tools/bin/../lib/gcc/arm-none-eabi/9.3.1/thumb/v7e-m+fp/hard/crtbegin.o

.preinit_array  0x000000000800b5cc        0x0
                0x000000000800b5cc                . = ALIGN (0x4)
                0x000000000800b5cc                PROVIDE (__preinit_array_start = .)
 *(.preinit_array*)
                0x000000000800b5cc                PROVIDE (__preinit_array_end = .)
                0x000000000800b5cc                . = ALIGN (0x4)

.init_array     0x000000000800b5cc        0x4
                0x000000000800b5cc                . = ALIGN (0x4)
                0x000000000800b5cc                PROVIDE (__init_array_start = .)
 *(SORT_BY_NAME(.init_array.*))
 *(.init_array*)
 .init_array    0x000000000800b5cc        0x4 d:/stm32cubeide_1.6.1/stm32cubeide/plugins/com.st.stm32cube.ide.mcu.externaltools.gnu-tools-for-stm32.9-2020-q2-update.win32_1.5.0.202011040924/tools/bin/../lib/gcc/arm-none-eabi/9.3.1/thumb/v7e-m+fp/hard/crtbegin.o
                0x000000000800b5d0                PROVIDE (__init_array_end = .)
                0x000000000800b5d0                . = ALIGN (0x4)

.fini_array     0x000000000800b5d0        0x4
                0x000000000800b5d0                . = ALIGN (0x4)
                [!provide]                        PROVIDE (__fini_array_start = .)
 *(SORT_BY_NAME(.fini_array.*))
 *(.fini_array*)
 .fini_array    0x000000000800b5d0        0x4 d:/stm32cubeide_1.6.1/stm32cubeide/plugins/com.st.stm32cube.ide.mcu.externaltools.gnu-tools-for-stm32.9-2020-q2-update.win32_1.5.0.202011040924/tools/bin/../lib/gcc/arm-none-eabi/9.3.1/thumb/v7e-m+fp/hard/crtbegin.o
                [!provide]                        PROVIDE (__fini_array_end = .)
                0x000000000800b5d4                . = ALIGN (0x4)
                0x000000000800b5d4                _sidata = LOADADDR (.data)

.data           0x0000000020000000       0x78 load address 0x000000000800b5d4
                0x0000000020000000                . = ALIGN (0x4)
                0x0000000020000000                _sdata = .
 *(.data)
 *(.data*)
 .data.SystemCoreClock
                0x0000000020000000        0x4 Core/Src/system_stm32f4xx.o
                0x0000000020000000                SystemCoreClock
 .data.uwTickPrio
                0x0000000020000004        0x4 Drivers/STM32F4xx_HAL_Driver/Src/stm32f4xx_hal.o
                0x0000000020000004                uwTickPrio
 .data.uwTickFreq
                0x0000000020000008        0x1 Drivers/STM32F4xx_HAL_Driver/Src/stm32f4xx_hal.o
                0x0000000020000008                uwTickFreq
 *fill*         0x0000000020000009        0x3 
 .data.uxTopUsedPriority
                0x000000002000000c        0x4 FreeRTOS/tasks.o
                0x000000002000000c                uxTopUsedPriority
 .data.uxCriticalNesting
                0x0000000020000010        0x4 FreeRTOS/portable/ARM_CM4F/port.o
 .data._impure_ptr
                0x0000000020000014        0x4 d:/stm32cubeide_1.6.1/stm32cubeide/plugins/com.st.stm32cube.ide.mcu.externaltools.gnu-tools-for-stm32.9-2020-q2-update.win32_1.5.0.202011040924/tools/bin/../lib/gcc/arm-none-eabi/9.3.1/../../../../arm-none-eabi/lib/thumb/v7e-m+fp/hard\libc_nano.a(lib_a-impure.o)
                0x0000000020000014                _impure_ptr
 .data.impure_data
                0x0000000020000018       0x60 d:/stm32cubeide_1.6.1/stm32cubeide/plugins/com.st.stm32cube.ide.mcu.externaltools.gnu-tools-for-stm32.9-2020-q2-update.win32_1.5.0.202011040924/tools/bin/../lib/gcc/arm-none-eabi/9.3.1/../../../../arm-none-eabi/lib/thumb/v7e-m+fp/hard\libc_nano.a(lib_a-impure.o)
 *(.RamFunc)
 *(.RamFunc*)
                0x0000000020000078                . = ALIGN (0x4)
                0x0000000020000078                _edata = .

.igot.plt       0x0000000020000078        0x0 load address 0x000000000800b64c
 .igot.plt      0x0000000020000078        0x0 d:/stm32cubeide_1.6.1/stm32cubeide/plugins/com.st.stm32cube.ide.mcu.externaltools.gnu-tools-for-stm32.9-2020-q2-update.win32_1.5.0.202011040924/tools/bin/../lib/gcc/arm-none-eabi/9.3.1/thumb/v7e-m+fp/hard/crtbegin.o
                0x0000000020000078                . = ALIGN (0x4)

.bss            0x0000000020000078    0x12e84 load address 0x000000000800b64c
                0x0000000020000078                _sbss = .
                0x0000000020000078                __bss_start__ = _sbss
 *(.bss)
 .bss           0x0000000020000078       0x1c d:/stm32cubeide_1.6.1/stm32cubeide/plugins/com.st.stm32cube.ide.mcu.externaltools.gnu-tools-for-stm32.9-2020-q2-update.win32_1.5.0.202011040924/tools/bin/../lib/gcc/arm-none-eabi/9.3.1/thumb/v7e-m+fp/hard/crtbegin.o
 *(.bss*)
 .bss.map_task_handle
                0x0000000020000094        0x4 Core/Src/main.o
                0x0000000020000094                map_task_handle
 .bss.__sbrk_heap_end
                0x0000000020000098        0x4 Core/Src/sysmem.o
 .bss.pxCurrentTCB
                0x000000002000009c        0x4 FreeRTOS/tasks.o
                0x000000002000009c                pxCurrentTCB
 .bss.pxReadyTasksLists
                0x00000000200000a0       0x64 FreeRTOS/tasks.o
 .bss.xDelayedTaskList1
                0x0000000020000104       0x14 FreeRTOS/tasks.o
 .bss.xDelayedTaskList2
                0x0000000020000118       0x14 FreeRTOS/tasks.o
 .bss.pxDelayedTaskList
                0x000000002000012c        0x4 FreeRTOS/tasks.o
 .bss.pxOverflowDelayedTaskList
                0x0000000020000130        0x4 FreeRTOS/tasks.o
 .bss.xPendingReadyList
                0x0000000020000134       0x14 FreeRTOS/tasks.o
 .bss.xTasksWaitingTermination
                0x0000000020000148       0x14 FreeRTOS/tasks.o
 .bss.uxDeletedTasksWaitingCleanUp
                0x000000002000015c        0x4 FreeRTOS/tasks.o
 .bss.xSuspendedTaskList
                0x0000000020000160       0x14 FreeRTOS/tasks.o
 .bss.uxCurrentNumberOfTasks
                0x0000000020000174        0x4 FreeRTOS/tasks.o
 .bss.xTickCount
                0x0000000020000178        0x4 FreeRTOS/tasks.o
 .bss.uxTopReadyPriority
                0x000000002000017c        0x4 FreeRTOS/tasks.o
 .bss.xSchedulerRunning
                0x0000000020000180        0x4 FreeRTOS/tasks.o
 .bss.xPendedTicks
                0x0000000020000184        0x4 FreeRTOS/tasks.o
 .bss.xYieldPending
                0x0000000020000188        0x4 FreeRTOS/tasks.o
 .bss.xNumOfOverflows
                0x000000002000018c        0x4 FreeRTOS/tasks.o
 .bss.uxTaskNumber
                0x0000000020000190        0x4 FreeRTOS/tasks.o
 .bss.xNextTaskUnblockTime
                0x0000000020000194        0x4 FreeRTOS/tasks.o
 .bss.xIdleTaskHandle
                0x0000000020000198        0x4 FreeRTOS/tasks.o
 .bss.uxSchedulerSuspended
                0x000000002000019c        0x4 FreeRTOS/tasks.o
 .bss.xActiveTimerList1
                0x00000000200001a0       0x14 FreeRTOS/timers.o
 .bss.xActiveTimerList2
                0x00000000200001b4       0x14 FreeRTOS/timers.o
 .bss.pxCurrentTimerList
                0x00000000200001c8        0x4 FreeRTOS/timers.o
 .bss.pxOverflowTimerList
                0x00000000200001cc        0x4 FreeRTOS/timers.o
 .bss.xTimerQueue
                0x00000000200001d0        0x4 FreeRTOS/timers.o
 .bss.xTimerTaskHandle
                0x00000000200001d4        0x4 FreeRTOS/timers.o
 .bss.xLastTime.6892
                0x00000000200001d8        0x4 FreeRTOS/timers.o
 .bss.ucMaxSysCallPriority
                0x00000000200001dc        0x1 FreeRTOS/portable/ARM_CM4F/port.o
 *fill*         0x00000000200001dd        0x3 
 .bss.ulMaxPRIGROUPValue
                0x00000000200001e0        0x4 FreeRTOS/portable/ARM_CM4F/port.o
 .bss.ucHeap    0x00000000200001e4    0x12c00 FreeRTOS/portable/MemMang/heap_4.o
 .bss.xStart    0x0000000020012de4        0x8 FreeRTOS/portable/MemMang/heap_4.o
 .bss.pxEnd     0x0000000020012dec        0x4 FreeRTOS/portable/MemMang/heap_4.o
 .bss.xFreeBytesRemaining
                0x0000000020012df0        0x4 FreeRTOS/portable/MemMang/heap_4.o
 .bss.xMinimumEverFreeBytesRemaining
                0x0000000020012df4        0x4 FreeRTOS/portable/MemMang/heap_4.o
 .bss.xNumberOfSuccessfulAllocations
                0x0000000020012df8        0x4 FreeRTOS/portable/MemMang/heap_4.o
 .bss.xNumberOfSuccessfulFrees
                0x0000000020012dfc        0x4 FreeRTOS/portable/MemMang/heap_4.o
 .bss.xBlockAllocatedBit
                0x0000000020012e00        0x4 FreeRTOS/portable/MemMang/heap_4.o
 .bss.__malloc_free_list
                0x0000000020012e04        0x4 d:/stm32cubeide_1.6.1/stm32cubeide/plugins/com.st.stm32cube.ide.mcu.externaltools.gnu-tools-for-stm32.9-2020-q2-update.win32_1.5.0.202011040924/tools/bin/../lib/gcc/arm-none-eabi/9.3.1/../../../../arm-none-eabi/lib/thumb/v7e-m+fp/hard\libc_nano.a(lib_a-nano-mallocr.o)
                0x0000000020012e04                __malloc_free_list
 .bss.__malloc_sbrk_start
                0x0000000020012e08        0x4 d:/stm32cubeide_1.6.1/stm32cubeide/plugins/com.st.stm32cube.ide.mcu.externaltools.gnu-tools-for-stm32.9-2020-q2-update.win32_1.5.0.202011040924/tools/bin/../lib/gcc/arm-none-eabi/9.3.1/../../../../arm-none-eabi/lib/thumb/v7e-m+fp/hard\libc_nano.a(lib_a-nano-mallocr.o)
                0x0000000020012e08                __malloc_sbrk_start
 *(COMMON)
 COMMON         0x0000000020012e0c       0x54 Core/Src/main.o
                0x0000000020012e0c                tests_run
                0x0000000020012e10                xSemaphore
                0x0000000020012e14                state
                0x0000000020012e18                heap
                0x0000000020012e1c                huart4
 COMMON         0x0000000020012e60       0x48 Core/Src/stm32f4xx_hal_timebase_tim.o
                0x0000000020012e60                htim7
 COMMON         0x0000000020012ea8        0x4 Drivers/STM32F4xx_HAL_Driver/Src/stm32f4xx_hal.o
                0x0000000020012ea8                uwTick
 COMMON         0x0000000020012eac       0x40 FreeRTOS/queue.o
                0x0000000020012eac                xQueueRegistry
 COMMON         0x0000000020012eec        0x9 d:/stm32cubeide_1.6.1/stm32cubeide/plugins/com.st.stm32cube.ide.mcu.externaltools.gnu-tools-for-stm32.9-2020-q2-update.win32_1.5.0.202011040924/tools/bin/../lib/gcc/arm-none-eabi/9.3.1/../../../../arm-none-eabi/lib/thumb/v7e-m+fp/hard\libc_nano.a(lib_a-lock.o)
                0x0000000020012eec                __lock___atexit_recursive_mutex
                0x0000000020012eed                __lock___arc4random_mutex
                0x0000000020012eee                __lock___env_recursive_mutex
                0x0000000020012eef                __lock___sinit_recursive_mutex
                0x0000000020012ef0                __lock___malloc_recursive_mutex
                0x0000000020012ef1                __lock___at_quick_exit_mutex
                0x0000000020012ef2                __lock___dd_hash_mutex
                0x0000000020012ef3                __lock___tz_mutex
                0x0000000020012ef4                __lock___sfp_recursive_mutex
 *fill*         0x0000000020012ef5        0x3 
 COMMON         0x0000000020012ef8        0x4 d:/stm32cubeide_1.6.1/stm32cubeide/plugins/com.st.stm32cube.ide.mcu.externaltools.gnu-tools-for-stm32.9-2020-q2-update.win32_1.5.0.202011040924/tools/bin/../lib/gcc/arm-none-eabi/9.3.1/../../../../arm-none-eabi/lib/thumb/v7e-m+fp/hard\libc_nano.a(lib_a-reent.o)
                0x0000000020012ef8                errno
                0x0000000020012efc                . = ALIGN (0x4)
                0x0000000020012efc                _ebss = .
                0x0000000020012efc                __bss_end__ = _ebss

._user_heap_stack
                0x0000000020012efc      0x604 load address 0x000000000800b64c
                0x0000000020012f00                . = ALIGN (0x8)
 *fill*         0x0000000020012efc        0x4 
                [!provide]                        PROVIDE (end = .)
                0x0000000020012f00                PROVIDE (_end = .)
                0x0000000020013100                . = (. + _Min_Heap_Size)
 *fill*         0x0000000020012f00      0x200 
                0x0000000020013500                . = (. + _Min_Stack_Size)
 *fill*         0x0000000020013100      0x400 
                0x0000000020013500                . = ALIGN (0x8)

/DISCARD/
 libc.a(*)
 libm.a(*)
 libgcc.a(*)

.ARM.attributes
                0x0000000000000000       0x30
 *(.ARM.attributes)
 .ARM.attributes
                0x0000000000000000       0x1e d:/stm32cubeide_1.6.1/stm32cubeide/plugins/com.st.stm32cube.ide.mcu.externaltools.gnu-tools-for-stm32.9-2020-q2-update.win32_1.5.0.202011040924/tools/bin/../lib/gcc/arm-none-eabi/9.3.1/thumb/v7e-m+fp/hard/crti.o
 .ARM.attributes
                0x000000000000001e       0x34 d:/stm32cubeide_1.6.1/stm32cubeide/plugins/com.st.stm32cube.ide.mcu.externaltools.gnu-tools-for-stm32.9-2020-q2-update.win32_1.5.0.202011040924/tools/bin/../lib/gcc/arm-none-eabi/9.3.1/thumb/v7e-m+fp/hard/crtbegin.o
 .ARM.attributes
                0x0000000000000052       0x34 Core/Src/main.o
 .ARM.attributes
                0x0000000000000086       0x34 Core/Src/stm32f4xx_hal_msp.o
 .ARM.attributes
                0x00000000000000ba       0x34 Core/Src/stm32f4xx_hal_timebase_tim.o
 .ARM.attributes
                0x00000000000000ee       0x34 Core/Src/stm32f4xx_it.o
 .ARM.attributes
                0x0000000000000122       0x34 Core/Src/syscalls.o
 .ARM.attributes
                0x0000000000000156       0x34 Core/Src/sysmem.o
 .ARM.attributes
                0x000000000000018a       0x34 Core/Src/system_stm32f4xx.o
 .ARM.attributes
                0x00000000000001be       0x21 Core/Startup/startup_stm32f407vgtx.o
 .ARM.attributes
                0x00000000000001df       0x34 Drivers/STM32F4xx_HAL_Driver/Src/stm32f4xx_hal.o
 .ARM.attributes
                0x0000000000000213       0x34 Drivers/STM32F4xx_HAL_Driver/Src/stm32f4xx_hal_cortex.o
 .ARM.attributes
                0x0000000000000247       0x34 Drivers/STM32F4xx_HAL_Driver/Src/stm32f4xx_hal_gpio.o
 .ARM.attributes
                0x000000000000027b       0x34 Drivers/STM32F4xx_HAL_Driver/Src/stm32f4xx_hal_rcc.o
 .ARM.attributes
                0x00000000000002af       0x34 Drivers/STM32F4xx_HAL_Driver/Src/stm32f4xx_hal_tim.o
 .ARM.attributes
                0x00000000000002e3       0x34 Drivers/STM32F4xx_HAL_Driver/Src/stm32f4xx_hal_tim_ex.o
 .ARM.attributes
                0x0000000000000317       0x34 Drivers/STM32F4xx_HAL_Driver/Src/stm32f4xx_hal_uart.o
 .ARM.attributes
                0x000000000000034b       0x34 FreeRTOS/darray.o
 .ARM.attributes
                0x000000000000037f       0x34 FreeRTOS/gc.o
 .ARM.attributes
                0x00000000000003b3       0x34 FreeRTOS/gc_hashmap.o
 .ARM.attributes
                0x00000000000003e7       0x34 FreeRTOS/gc_test_setup.o
 .ARM.attributes
                0x000000000000041b       0x34 FreeRTOS/hashmap.o
 .ARM.attributes
                0x000000000000044f       0x34 FreeRTOS/list.o
 .ARM.attributes
                0x0000000000000483       0x34 FreeRTOS/object.o
 .ARM.attributes
                0x00000000000004b7       0x34 FreeRTOS/queue.o
 .ARM.attributes
                0x00000000000004eb       0x34 FreeRTOS/tasks.o
 .ARM.attributes
                0x000000000000051f       0x34 FreeRTOS/timers.o
 .ARM.attributes
                0x0000000000000553       0x34 FreeRTOS/portable/ARM_CM4F/port.o
 .ARM.attributes
                0x0000000000000587       0x34 FreeRTOS/portable/MemMang/heap_4.o
 .ARM.attributes
                0x00000000000005bb       0x34 d:/stm32cubeide_1.6.1/stm32cubeide/plugins/com.st.stm32cube.ide.mcu.externaltools.gnu-tools-for-stm32.9-2020-q2-update.win32_1.5.0.202011040924/tools/bin/../lib/gcc/arm-none-eabi/9.3.1/../../../../arm-none-eabi/lib/thumb/v7e-m+fp/hard\libc_nano.a(lib_a-calloc.o)
 .ARM.attributes
                0x00000000000005ef       0x34 d:/stm32cubeide_1.6.1/stm32cubeide/plugins/com.st.stm32cube.ide.mcu.externaltools.gnu-tools-for-stm32.9-2020-q2-update.win32_1.5.0.202011040924/tools/bin/../lib/gcc/arm-none-eabi/9.3.1/../../../../arm-none-eabi/lib/thumb/v7e-m+fp/hard\libc_nano.a(lib_a-errno.o)
 .ARM.attributes
                0x0000000000000623       0x34 d:/stm32cubeide_1.6.1/stm32cubeide/plugins/com.st.stm32cube.ide.mcu.externaltools.gnu-tools-for-stm32.9-2020-q2-update.win32_1.5.0.202011040924/tools/bin/../lib/gcc/arm-none-eabi/9.3.1/../../../../arm-none-eabi/lib/thumb/v7e-m+fp/hard\libc_nano.a(lib_a-exit.o)
 .ARM.attributes
                0x0000000000000657       0x34 d:/stm32cubeide_1.6.1/stm32cubeide/plugins/com.st.stm32cube.ide.mcu.externaltools.gnu-tools-for-stm32.9-2020-q2-update.win32_1.5.0.202011040924/tools/bin/../lib/gcc/arm-none-eabi/9.3.1/../../../../arm-none-eabi/lib/thumb/v7e-m+fp/hard\libc_nano.a(lib_a-fprintf.o)
 .ARM.attributes
                0x000000000000068b       0x34 d:/stm32cubeide_1.6.1/stm32cubeide/plugins/com.st.stm32cube.ide.mcu.externaltools.gnu-tools-for-stm32.9-2020-q2-update.win32_1.5.0.202011040924/tools/bin/../lib/gcc/arm-none-eabi/9.3.1/../../../../arm-none-eabi/lib/thumb/v7e-m+fp/hard\libc_nano.a(lib_a-fwrite.o)
 .ARM.attributes
                0x00000000000006bf       0x32 d:/stm32cubeide_1.6.1/stm32cubeide/plugins/com.st.stm32cube.ide.mcu.externaltools.gnu-tools-for-stm32.9-2020-q2-update.win32_1.5.0.202011040924/tools/bin/../lib/gcc/arm-none-eabi/9.3.1/../../../../arm-none-eabi/lib/thumb/v7e-m+fp/hard\libc_nano.a(lib_a-impure.o)
 .ARM.attributes
                0x00000000000006f1       0x34 d:/stm32cubeide_1.6.1/stm32cubeide/plugins/com.st.stm32cube.ide.mcu.externaltools.gnu-tools-for-stm32.9-2020-q2-update.win32_1.5.0.202011040924/tools/bin/../lib/gcc/arm-none-eabi/9.3.1/../../../../arm-none-eabi/lib/thumb/v7e-m+fp/hard\libc_nano.a(lib_a-init.o)
 .ARM.attributes
                0x0000000000000725       0x34 d:/stm32cubeide_1.6.1/stm32cubeide/plugins/com.st.stm32cube.ide.mcu.externaltools.gnu-tools-for-stm32.9-2020-q2-update.win32_1.5.0.202011040924/tools/bin/../lib/gcc/arm-none-eabi/9.3.1/../../../../arm-none-eabi/lib/thumb/v7e-m+fp/hard\libc_nano.a(lib_a-lock.o)
 .ARM.attributes
                0x0000000000000759       0x34 d:/stm32cubeide_1.6.1/stm32cubeide/plugins/com.st.stm32cube.ide.mcu.externaltools.gnu-tools-for-stm32.9-2020-q2-update.win32_1.5.0.202011040924/tools/bin/../lib/gcc/arm-none-eabi/9.3.1/../../../../arm-none-eabi/lib/thumb/v7e-m+fp/hard\libc_nano.a(lib_a-malloc.o)
 .ARM.attributes
                0x000000000000078d       0x34 d:/stm32cubeide_1.6.1/stm32cubeide/plugins/com.st.stm32cube.ide.mcu.externaltools.gnu-tools-for-stm32.9-2020-q2-update.win32_1.5.0.202011040924/tools/bin/../lib/gcc/arm-none-eabi/9.3.1/../../../../arm-none-eabi/lib/thumb/v7e-m+fp/hard\libc_nano.a(lib_a-memcpy-stub.o)
 .ARM.attributes
                0x00000000000007c1       0x34 d:/stm32cubeide_1.6.1/stm32cubeide/plugins/com.st.stm32cube.ide.mcu.externaltools.gnu-tools-for-stm32.9-2020-q2-update.win32_1.5.0.202011040924/tools/bin/../lib/gcc/arm-none-eabi/9.3.1/../../../../arm-none-eabi/lib/thumb/v7e-m+fp/hard\libc_nano.a(lib_a-memset.o)
 .ARM.attributes
                0x00000000000007f5       0x34 d:/stm32cubeide_1.6.1/stm32cubeide/plugins/com.st.stm32cube.ide.mcu.externaltools.gnu-tools-for-stm32.9-2020-q2-update.win32_1.5.0.202011040924/tools/bin/../lib/gcc/arm-none-eabi/9.3.1/../../../../arm-none-eabi/lib/thumb/v7e-m+fp/hard\libc_nano.a(lib_a-nano-callocr.o)
 .ARM.attributes