printf.h:28:1:__io_putchar	16	static
darray.h:36:21:Tm_DArray_get	40	static,ignoring_inline_asm
darray.h:44:21:Tm_DArray_remove	24	static
darray.h:53:21:Tm_DArray_new	40	static,ignoring_inline_asm
main.c:99:5:main	16	static
main.c:156:6:SystemClock_Config	88	static
main.c:196:13:MX_UART4_Init	8	static
main.c:229:13:MX_GPIO_Init	16	static
main.c:238:6:printf_test	16	static
main.c:248:6:darray_test	40	static
main.c:278:6:test_size	56	static,ignoring_inline_asm
main.c:290:7:gc_test	64	static
main.c:353:6:count_iter	16	static
main.c:358:7:vector_test	112	static,ignoring_inline_asm
main.c:424:7:hashmap_test	152	static,ignoring_inline_asm
main.c:563:6:HAL_TIM_PeriodElapsedCallback	16	static
main.c:580:6:Error_Handler	4	static,ignoring_inline_asm
