printf.h:28:1:__io_putchar	16	static
darray.h:36:21:Tm_DArray_get	40	static,ignoring_inline_asm
darray.h:44:21:Tm_DArray_remove	24	static
darray.h:53:21:Tm_DArray_new	40	static,ignoring_inline_asm
main.c:97:5:main	24	static,ignoring_inline_asm
main.c:157:6:SystemClock_Config	88	static
main.c:197:13:MX_UART4_Init	8	static
main.c:230:13:MX_GPIO_Init	16	static
main.c:239:6:printf_test	16	static
main.c:249:6:darray_test	336	static,ignoring_inline_asm
main.c:324:6:test_size	56	static,ignoring_inline_asm
main.c:336:6:gc_flip_test	72	static,ignoring_inline_asm
main.c:368:7:gc_test	496	static,ignoring_inline_asm
main.c:520:6:count_iter	16	static
main.c:525:7:vector_test	176	static,ignoring_inline_asm
main.c:606:7:hashmap_test	168	static,ignoring_inline_asm
main.c:699:6:HAL_TIM_PeriodElapsedCallback	16	static
main.c:716:6:Error_Handler	4	static,ignoring_inline_asm
